Archive member included to satisfy reference by file (symbol)

/opt/st/stm32cubeide_1.10.1/plugins/com.st.stm32cube.ide.mcu.externaltools.gnu-tools-for-stm32.10.3-2021.10.linux64_1.0.0.202111181127/tools/bin/../lib/gcc/arm-none-eabi/10.3.1/../../../../arm-none-eabi/lib/thumb/v7e-m+fp/hard/libc_nano.a(lib_a-errno.o)
                              ./Core/Src/syscalls.o (__errno)
/opt/st/stm32cubeide_1.10.1/plugins/com.st.stm32cube.ide.mcu.externaltools.gnu-tools-for-stm32.10.3-2021.10.linux64_1.0.0.202111181127/tools/bin/../lib/gcc/arm-none-eabi/10.3.1/../../../../arm-none-eabi/lib/thumb/v7e-m+fp/hard/libc_nano.a(lib_a-exit.o)
                              /opt/st/stm32cubeide_1.10.1/plugins/com.st.stm32cube.ide.mcu.externaltools.gnu-tools-for-stm32.10.3-2021.10.linux64_1.0.0.202111181127/tools/bin/../lib/gcc/arm-none-eabi/10.3.1/../../../../arm-none-eabi/lib/thumb/v7e-m+fp/hard/crt0.o (exit)
/opt/st/stm32cubeide_1.10.1/plugins/com.st.stm32cube.ide.mcu.externaltools.gnu-tools-for-stm32.10.3-2021.10.linux64_1.0.0.202111181127/tools/bin/../lib/gcc/arm-none-eabi/10.3.1/../../../../arm-none-eabi/lib/thumb/v7e-m+fp/hard/libc_nano.a(lib_a-findfp.o)
                              ./Middlewares/Third_Party/FreeRTOS/Source/tasks.o (__sf_fake_stderr)
/opt/st/stm32cubeide_1.10.1/plugins/com.st.stm32cube.ide.mcu.externaltools.gnu-tools-for-stm32.10.3-2021.10.linux64_1.0.0.202111181127/tools/bin/../lib/gcc/arm-none-eabi/10.3.1/../../../../arm-none-eabi/lib/thumb/v7e-m+fp/hard/libc_nano.a(lib_a-fwalk.o)
                              /opt/st/stm32cubeide_1.10.1/plugins/com.st.stm32cube.ide.mcu.externaltools.gnu-tools-for-stm32.10.3-2021.10.linux64_1.0.0.202111181127/tools/bin/../lib/gcc/arm-none-eabi/10.3.1/../../../../arm-none-eabi/lib/thumb/v7e-m+fp/hard/libc_nano.a(lib_a-findfp.o) (_fwalk)
/opt/st/stm32cubeide_1.10.1/plugins/com.st.stm32cube.ide.mcu.externaltools.gnu-tools-for-stm32.10.3-2021.10.linux64_1.0.0.202111181127/tools/bin/../lib/gcc/arm-none-eabi/10.3.1/../../../../arm-none-eabi/lib/thumb/v7e-m+fp/hard/libc_nano.a(lib_a-impure.o)
                              /opt/st/stm32cubeide_1.10.1/plugins/com.st.stm32cube.ide.mcu.externaltools.gnu-tools-for-stm32.10.3-2021.10.linux64_1.0.0.202111181127/tools/bin/../lib/gcc/arm-none-eabi/10.3.1/../../../../arm-none-eabi/lib/thumb/v7e-m+fp/hard/libc_nano.a(lib_a-exit.o) (_global_impure_ptr)
/opt/st/stm32cubeide_1.10.1/plugins/com.st.stm32cube.ide.mcu.externaltools.gnu-tools-for-stm32.10.3-2021.10.linux64_1.0.0.202111181127/tools/bin/../lib/gcc/arm-none-eabi/10.3.1/../../../../arm-none-eabi/lib/thumb/v7e-m+fp/hard/libc_nano.a(lib_a-init.o)
                              /opt/st/stm32cubeide_1.10.1/plugins/com.st.stm32cube.ide.mcu.externaltools.gnu-tools-for-stm32.10.3-2021.10.linux64_1.0.0.202111181127/tools/bin/../lib/gcc/arm-none-eabi/10.3.1/../../../../arm-none-eabi/lib/thumb/v7e-m+fp/hard/crt0.o (__libc_init_array)
/opt/st/stm32cubeide_1.10.1/plugins/com.st.stm32cube.ide.mcu.externaltools.gnu-tools-for-stm32.10.3-2021.10.linux64_1.0.0.202111181127/tools/bin/../lib/gcc/arm-none-eabi/10.3.1/../../../../arm-none-eabi/lib/thumb/v7e-m+fp/hard/libc_nano.a(lib_a-lock.o)
                              /opt/st/stm32cubeide_1.10.1/plugins/com.st.stm32cube.ide.mcu.externaltools.gnu-tools-for-stm32.10.3-2021.10.linux64_1.0.0.202111181127/tools/bin/../lib/gcc/arm-none-eabi/10.3.1/../../../../arm-none-eabi/lib/thumb/v7e-m+fp/hard/libc_nano.a(lib_a-findfp.o) (__retarget_lock_init_recursive)
/opt/st/stm32cubeide_1.10.1/plugins/com.st.stm32cube.ide.mcu.externaltools.gnu-tools-for-stm32.10.3-2021.10.linux64_1.0.0.202111181127/tools/bin/../lib/gcc/arm-none-eabi/10.3.1/../../../../arm-none-eabi/lib/thumb/v7e-m+fp/hard/libc_nano.a(lib_a-memcpy-stub.o)
                              ./Middlewares/Third_Party/FreeRTOS/Source/CMSIS_RTOS_V2/cmsis_os2.o (memcpy)
/opt/st/stm32cubeide_1.10.1/plugins/com.st.stm32cube.ide.mcu.externaltools.gnu-tools-for-stm32.10.3-2021.10.linux64_1.0.0.202111181127/tools/bin/../lib/gcc/arm-none-eabi/10.3.1/../../../../arm-none-eabi/lib/thumb/v7e-m+fp/hard/libc_nano.a(lib_a-memset.o)
                              /opt/st/stm32cubeide_1.10.1/plugins/com.st.stm32cube.ide.mcu.externaltools.gnu-tools-for-stm32.10.3-2021.10.linux64_1.0.0.202111181127/tools/bin/../lib/gcc/arm-none-eabi/10.3.1/../../../../arm-none-eabi/lib/thumb/v7e-m+fp/hard/crt0.o (memset)
/opt/st/stm32cubeide_1.10.1/plugins/com.st.stm32cube.ide.mcu.externaltools.gnu-tools-for-stm32.10.3-2021.10.linux64_1.0.0.202111181127/tools/bin/../lib/gcc/arm-none-eabi/10.3.1/../../../../arm-none-eabi/lib/thumb/v7e-m+fp/hard/libc_nano.a(lib_a-nano-mallocr.o)
                              /opt/st/stm32cubeide_1.10.1/plugins/com.st.stm32cube.ide.mcu.externaltools.gnu-tools-for-stm32.10.3-2021.10.linux64_1.0.0.202111181127/tools/bin/../lib/gcc/arm-none-eabi/10.3.1/../../../../arm-none-eabi/lib/thumb/v7e-m+fp/hard/libc_nano.a(lib_a-findfp.o) (_malloc_r)
[...]
Memory Configuration

Name             Origin             Length             Attributes
RAM              0x0000000020000000 0x0000000000018000 xrw
RAM2             0x0000000010000000 0x0000000000008000 xrw
FLASH            0x0000000008000000 0x0000000000100000 xr
*default*        0x0000000000000000 0xffffffffffffffff

Linker script and memory map

LOAD /opt/st/stm32cubeide_1.10.1/plugins/com.st.stm32cube.ide.mcu.externaltools.gnu-tools-for-stm32.10.3-2021.10.linux64_1.0.0.202111181127/tools/bin/../lib/gcc/arm-none-eabi/10.3.1/thumb/v7e-m+fp/hard/crti.o
LOAD /opt/st/stm32cubeide_1.10.1/plugins/com.st.stm32cube.ide.mcu.externaltools.gnu-tools-for-stm32.10.3-2021.10.linux64_1.0.0.202111181127/tools/bin/../lib/gcc/arm-none-eabi/10.3.1/thumb/v7e-m+fp/hard/crtbegin.o
LOAD /opt/st/stm32cubeide_1.10.1/plugins/com.st.stm32cube.ide.mcu.externaltools.gnu-tools-for-stm32.10.3-2021.10.linux64_1.0.0.202111181127/tools/bin/../lib/gcc/arm-none-eabi/10.3.1/../../../../arm-none-eabi/lib/thumb/v7e-m+fp/hard/crt0.o
LOAD ./Core/Src/crossing_functions.o
LOAD ./Core/Src/freertos.o
LOAD ./Core/Src/gpio.o
LOAD ./Core/Src/gpio_functions.o
LOAD ./Core/Src/main.o
LOAD ./Core/Src/spi.o
LOAD ./Core/Src/stm32l4xx_hal_msp.o
LOAD ./Core/Src/stm32l4xx_hal_timebase_tim.o
LOAD ./Core/Src/stm32l4xx_it.o
LOAD ./Core/Src/syscalls.o
LOAD ./Core/Src/sysmem.o
LOAD ./Core/Src/system_stm32l4xx.o
LOAD ./Core/Src/test.o
LOAD ./Core/Src/usart.o
LOAD ./Core/Startup/startup_stm32l476rgtx.o
LOAD ./Drivers/STM32L4xx_HAL_Driver/Src/stm32l4xx_hal.o
LOAD ./Drivers/STM32L4xx_HAL_Driver/Src/stm32l4xx_hal_cortex.o
LOAD ./Drivers/STM32L4xx_HAL_Driver/Src/stm32l4xx_hal_dma.o
LOAD ./Drivers/STM32L4xx_HAL_Driver/Src/stm32l4xx_hal_dma_ex.o
LOAD ./Drivers/STM32L4xx_HAL_Driver/Src/stm32l4xx_hal_exti.o
LOAD ./Drivers/STM32L4xx_HAL_Driver/Src/stm32l4xx_hal_flash.o
LOAD ./Drivers/STM32L4xx_HAL_Driver/Src/stm32l4xx_hal_flash_ex.o
LOAD ./Drivers/STM32L4xx_HAL_Driver/Src/stm32l4xx_hal_flash_ramfunc.o
LOAD ./Drivers/STM32L4xx_HAL_Driver/Src/stm32l4xx_hal_gpio.o
LOAD ./Drivers/STM32L4xx_HAL_Driver/Src/stm32l4xx_hal_i2c.o
LOAD ./Drivers/STM32L4xx_HAL_Driver/Src/stm32l4xx_hal_i2c_ex.o
LOAD ./Drivers/STM32L4xx_HAL_Driver/Src/stm32l4xx_hal_pwr.o
LOAD ./Drivers/STM32L4xx_HAL_Driver/Src/stm32l4xx_hal_pwr_ex.o
LOAD ./Drivers/STM32L4xx_HAL_Driver/Src/stm32l4xx_hal_rcc.o
LOAD ./Drivers/STM32L4xx_HAL_Driver/Src/stm32l4xx_hal_rcc_ex.o
LOAD ./Drivers/STM32L4xx_HAL_Driver/Src/stm32l4xx_hal_spi.o
LOAD ./Drivers/STM32L4xx_HAL_Driver/Src/stm32l4xx_hal_spi_ex.o
LOAD ./Drivers/STM32L4xx_HAL_Driver/Src/stm32l4xx_hal_tim.o
LOAD ./Drivers/STM32L4xx_HAL_Driver/Src/stm32l4xx_hal_tim_ex.o
LOAD ./Drivers/STM32L4xx_HAL_Driver/Src/stm32l4xx_hal_uart.o
LOAD ./Drivers/STM32L4xx_HAL_Driver/Src/stm32l4xx_hal_uart_ex.o
LOAD ./Middlewares/Third_Party/FreeRTOS/Source/CMSIS_RTOS_V2/cmsis_os2.o
LOAD ./Middlewares/Third_Party/FreeRTOS/Source/croutine.o
LOAD ./Middlewares/Third_Party/FreeRTOS/Source/event_groups.o
LOAD ./Middlewares/Third_Party/FreeRTOS/Source/list.o
LOAD ./Middlewares/Third_Party/FreeRTOS/Source/queue.o
LOAD ./Middlewares/Third_Party/FreeRTOS/Source/stream_buffer.o
LOAD ./Middlewares/Third_Party/FreeRTOS/Source/tasks.o
LOAD ./Middlewares/Third_Party/FreeRTOS/Source/timers.o
LOAD ./Middlewares/Third_Party/FreeRTOS/Source/portable/GCC/ARM_CM4F/port.o
LOAD ./Middlewares/Third_Party/FreeRTOS/Source/portable/MemMang/heap_4.o
START GROUP
LOAD /opt/st/stm32cubeide_1.10.1/plugins/com.st.stm32cube.ide.mcu.externaltools.gnu-tools-for-stm32.10.3-2021.10.linux64_1.0.0.202111181127/tools/bin/../lib/gcc/arm-none-eabi/10.3.1/../../../../arm-none-eabi/lib/thumb/v7e-m+fp/hard/libc_nano.a
LOAD /opt/st/stm32cubeide_1.10.1/plugins/com.st.stm32cube.ide.mcu.externaltools.gnu-tools-for-stm32.10.3-2021.10.linux64_1.0.0.202111181127/tools/bin/../lib/gcc/arm-none-eabi/10.3.1/../../../../arm-none-eabi/lib/thumb/v7e-m+fp/hard/libm.a
END GROUP
START GROUP
LOAD /opt/st/stm32cubeide_1.10.1/plugins/com.st.stm32cube.ide.mcu.externaltools.gnu-tools-for-stm32.10.3-2021.10.linux64_1.0.0.202111181127/tools/bin/../lib/gcc/arm-none-eabi/10.3.1/thumb/v7e-m+fp/hard/libgcc.a
LOAD /opt/st/stm32cubeide_1.10.1/plugins/com.st.stm32cube.ide.mcu.externaltools.gnu-tools-for-stm32.10.3-2021.10.linux64_1.0.0.202111181127/tools/bin/../lib/gcc/arm-none-eabi/10.3.1/../../../../arm-none-eabi/lib/thumb/v7e-m+fp/hard/libc_nano.a
END GROUP
START GROUP
LOAD /opt/st/stm32cubeide_1.10.1/plugins/com.st.stm32cube.ide.mcu.externaltools.gnu-tools-for-stm32.10.3-2021.10.linux64_1.0.0.202111181127/tools/bin/../lib/gcc/arm-none-eabi/10.3.1/thumb/v7e-m+fp/hard/libgcc.a
LOAD /opt/st/stm32cubeide_1.10.1/plugins/com.st.stm32cube.ide.mcu.externaltools.gnu-tools-for-stm32.10.3-2021.10.linux64_1.0.0.202111181127/tools/bin/../lib/gcc/arm-none-eabi/10.3.1/../../../../arm-none-eabi/lib/thumb/v7e-m+fp/hard/libc_nano.a
LOAD /opt/st/stm32cubeide_1.10.1/plugins/com.st.stm32cube.ide.mcu.externaltools.gnu-tools-for-stm32.10.3-2021.10.linux64_1.0.0.202111181127/tools/bin/../lib/gcc/arm-none-eabi/10.3.1/../../../../arm-none-eabi/lib/thumb/v7e-m+fp/hard/libnosys.a
END GROUP
START GROUP
LOAD /opt/st/stm32cubeide_1.10.1/plugins/com.st.stm32cube.ide.mcu.externaltools.gnu-tools-for-stm32.10.3-2021.10.linux64_1.0.0.202111181127/tools/bin/../lib/gcc/arm-none-eabi/10.3.1/thumb/v7e-m+fp/hard/libgcc.a
LOAD /opt/st/stm32cubeide_1.10.1/plugins/com.st.stm32cube.ide.mcu.externaltools.gnu-tools-for-stm32.10.3-2021.10.linux64_1.0.0.202111181127/tools/bin/../lib/gcc/arm-none-eabi/10.3.1/../../../../arm-none-eabi/lib/thumb/v7e-m+fp/hard/libc_nano.a
LOAD /opt/st/stm32cubeide_1.10.1/plugins/com.st.stm32cube.ide.mcu.externaltools.gnu-tools-for-stm32.10.3-2021.10.linux64_1.0.0.202111181127/tools/bin/../lib/gcc/arm-none-eabi/10.3.1/../../../../arm-none-eabi/lib/thumb/v7e-m+fp/hard/libnosys.a
END GROUP
LOAD /opt/st/stm32cubeide_1.10.1/plugins/com.st.stm32cube.ide.mcu.externaltools.gnu-tools-for-stm32.10.3-2021.10.linux64_1.0.0.202111181127/tools/bin/../lib/gcc/arm-none-eabi/10.3.1/thumb/v7e-m+fp/hard/crtend.o
LOAD /opt/st/stm32cubeide_1.10.1/plugins/com.st.stm32cube.ide.mcu.externaltools.gnu-tools-for-stm32.10.3-2021.10.linux64_1.0.0.202111181127/tools/bin/../lib/gcc/arm-none-eabi/10.3.1/thumb/v7e-m+fp/hard/crtn.o
                0x0000000020018000                _estack = (ORIGIN (RAM) + LENGTH (RAM))
                0x0000000000000200                _Min_Heap_Size = 0x200
                0x0000000000000400                _Min_Stack_Size = 0x400

.isr_vector     0x0000000008000000      0x188
                0x0000000008000000                . = ALIGN (0x4)
 *(.isr_vector)
 .isr_vector    0x0000000008000000      0x188 ./Core/Startup/startup_stm32l476rgtx.o
                0x0000000008000000                g_pfnVectors
                0x0000000008000188                . = ALIGN (0x4)

.text           0x0000000008000190     0x7a20
                0x0000000008000190                . = ALIGN (0x4)
 *(.text)
 .text          0x0000000008000190       0x40 /opt/st/stm32cubeide_1.10.1/plugins/com.st.stm32cube.ide.mcu.externaltools.gnu-tools-for-stm32.10.3-2021.10.linux64_1.0.0.202111181127/tools/bin/../lib/gcc/arm-none-eabi/10.3.1/thumb/v7e-m+fp/hard/crtbegin.o
 .text          0x00000000080001d0       0x30 /opt/st/stm32cubeide_1.10.1/plugins/com.st.stm32cube.ide.mcu.externaltools.gnu-tools-for-stm32.10.3-2021.10.linux64_1.0.0.202111181127/tools/bin/../lib/gcc/arm-none-eabi/10.3.1/thumb/v7e-m+fp/hard/libgcc.a(_aeabi_uldivmod.o)
                0x00000000080001d0                __aeabi_uldivmod
 .text          0x0000000008000200      0x2d0 /opt/st/stm32cubeide_1.10.1/plugins/com.st.stm32cube.ide.mcu.externaltools.gnu-tools-for-stm32.10.3-2021.10.linux64_1.0.0.202111181127/tools/bin/../lib/gcc/arm-none-eabi/10.3.1/thumb/v7e-m+fp/hard/libgcc.a(_udivmoddi4.o)
                0x0000000008000200                __udivmoddi4
 .text          0x00000000080004d0        0x4 /opt/st/stm32cubeide_1.10.1/plugins/com.st.stm32cube.ide.mcu.externaltools.gnu-tools-for-stm32.10.3-2021.10.linux64_1.0.0.202111181127/tools/bin/../lib/gcc/arm-none-eabi/10.3.1/thumb/v7e-m+fp/hard/libgcc.a(_dvmd_tls.o)
                0x00000000080004d0                __aeabi_ldiv0
                0x00000000080004d0                __aeabi_idiv0
 *(.text*)
 .text.nextDirection
                0x00000000080004d4       0x3c ./Core/Src/crossing_functions.o
                0x00000000080004d4                nextDirection
 .text.checkNextState
                0x0000000008000510       0xd4 ./Core/Src/crossing_functions.o
                0x0000000008000510                checkNextState
 .text.yellowLeds
                0x00000000080005e4       0x18 ./Core/Src/crossing_functions.o
                0x00000000080005e4                yellowLeds
 .text.blueStateToggle
                0x00000000080005fc       0x2c ./Core/Src/crossing_functions.o
                0x00000000080005fc                blueStateToggle
 .text.nextBlueLedsAction
                0x0000000008000628       0x80 ./Core/Src/crossing_functions.o
                0x0000000008000628                nextBlueLedsAction
 .text.afterBlueState
                0x00000000080006a8       0xa0 ./Core/Src/crossing_functions.o
                0x00000000080006a8                afterBlueState
 .text.HAL_GPIO_EXTI_Callback
                0x0000000008000748      0x294 ./Core/Src/crossing_functions.o
                0x0000000008000748                HAL_GPIO_EXTI_Callback
 .text.MX_FREERTOS_Init
                0x00000000080009dc       0x5c ./Core/Src/freertos.o
                0x00000000080009dc                MX_FREERTOS_Init
 .text.StateMachine
                0x0000000008000a38      0x114 ./Core/Src/freertos.o
                0x0000000008000a38                StateMachine
 .text.TransmitData
                0x0000000008000b4c       0x74 ./Core/Src/freertos.o
                0x0000000008000b4c                TransmitData
 .text.StartBlueLeds
                0x0000000008000bc0       0x5c ./Core/Src/freertos.o
                0x0000000008000bc0                StartBlueLeds
 .text.MX_GPIO_Init
                0x0000000008000c1c      0x1c4 ./Core/Src/gpio.o
                0x0000000008000c1c                MX_GPIO_Init
 .text.gpio_setMultipleLights
                0x0000000008000de0       0x4c ./Core/Src/gpio_functions.o
                0x0000000008000de0                gpio_setMultipleLights
 .text.gpio_clearAllNotBlue
                0x0000000008000e2c       0x34 ./Core/Src/gpio_functions.o
                0x0000000008000e2c                gpio_clearAllNotBlue
 .text.gpio_togglePin
                0x0000000008000e60       0x32 ./Core/Src/gpio_functions.o
                0x0000000008000e60                gpio_togglePin
 *fill*         0x0000000008000e92        0x2 
 .text.pinState
                0x0000000008000e94       0x4c ./Core/Src/gpio_functions.o
                0x0000000008000e94                pinState
 .text.clearPin
                0x0000000008000ee0       0x44 ./Core/Src/gpio_functions.o
                0x0000000008000ee0                clearPin
 .text.setPin   0x0000000008000f24       0x40 ./Core/Src/gpio_functions.o
                0x0000000008000f24                setPin
 .text.LED_pattern_transmit
                0x0000000008000f64       0x54 ./Core/Src/gpio_functions.o
                0x0000000008000f64                LED_pattern_transmit
 .text.main     0x0000000008000fb8       0x26 ./Core/Src/main.o
                0x0000000008000fb8                main
 .text.SystemClock_Config
                0x0000000008000fde       0xa2 ./Core/Src/main.o
                0x0000000008000fde                SystemClock_Config
 .text.HAL_TIM_PeriodElapsedCallback
                0x0000000008001080       0x24 ./Core/Src/main.o
                0x0000000008001080                HAL_TIM_PeriodElapsedCallback
 .text.Error_Handler
                0x00000000080010a4        0xa ./Core/Src/main.o
                0x00000000080010a4                Error_Handler
 *fill*         0x00000000080010ae        0x2 
 .text.MX_SPI3_Init
                0x00000000080010b0       0x7c ./Core/Src/spi.o
                0x00000000080010b0                MX_SPI3_Init
 .text.HAL_SPI_MspInit
                0x000000000800112c       0xc4 ./Core/Src/spi.o
                0x000000000800112c                HAL_SPI_MspInit
 .text.HAL_MspInit
                0x00000000080011f0       0x50 ./Core/Src/stm32l4xx_hal_msp.o
                0x00000000080011f0                HAL_MspInit
 .text.HAL_InitTick
                0x0000000008001240       0xdc ./Core/Src/stm32l4xx_hal_timebase_tim.o
                0x0000000008001240                HAL_InitTick
 .text.NMI_Handler
                0x000000000800131c        0x6 ./Core/Src/stm32l4xx_it.o
                0x000000000800131c                NMI_Handler
 .text.HardFault_Handler
                0x0000000008001322        0x6 ./Core/Src/stm32l4xx_it.o
                0x0000000008001322                HardFault_Handler
 .text.MemManage_Handler
                0x0000000008001328        0x6 ./Core/Src/stm32l4xx_it.o
                0x0000000008001328                MemManage_Handler
 .text.BusFault_Handler
                0x000000000800132e        0x6 ./Core/Src/stm32l4xx_it.o
                0x000000000800132e                BusFault_Handler
 .text.UsageFault_Handler
                0x0000000008001334        0x6 ./Core/Src/stm32l4xx_it.o
                0x0000000008001334                UsageFault_Handler
 .text.DebugMon_Handler
                0x000000000800133a        0xe ./Core/Src/stm32l4xx_it.o
                0x000000000800133a                DebugMon_Handler
 .text.EXTI4_IRQHandler
                0x0000000008001348        0xe ./Core/Src/stm32l4xx_it.o
                0x0000000008001348                EXTI4_IRQHandler
 .text.EXTI9_5_IRQHandler
                0x0000000008001356        0xe ./Core/Src/stm32l4xx_it.o
                0x0000000008001356                EXTI9_5_IRQHandler
 .text.TIM1_UP_TIM16_IRQHandler
                0x0000000008001364       0x14 ./Core/Src/stm32l4xx_it.o
                0x0000000008001364                TIM1_UP_TIM16_IRQHandler
 .text.EXTI15_10_IRQHandler
                0x0000000008001378       0x28 ./Core/Src/stm32l4xx_it.o
                0x0000000008001378                EXTI15_10_IRQHandler
 .text.SystemInit
                0x00000000080013a0       0x24 ./Core/Src/system_stm32l4xx.o
                0x00000000080013a0                SystemInit
 .text.MX_USART2_UART_Init
                0x00000000080013c4       0x60 ./Core/Src/usart.o
                0x00000000080013c4                MX_USART2_UART_Init
 .text.HAL_UART_MspInit
                0x0000000008001424       0xb8 ./Core/Src/usart.o
                0x0000000008001424                HAL_UART_MspInit
 .text.Reset_Handler
                0x00000000080014dc       0x50 ./Core/Startup/startup_stm32l476rgtx.o
                0x00000000080014dc                Reset_Handler
 .text.Default_Handler
                0x000000000800152c        0x2 ./Core/Startup/startup_stm32l476rgtx.o
                0x000000000800152c                RTC_Alarm_IRQHandler
                0x000000000800152c                EXTI2_IRQHandler
                0x000000000800152c                TIM8_TRG_COM_IRQHandler
                0x000000000800152c                TIM8_CC_IRQHandler
                0x000000000800152c                TIM1_CC_IRQHandler
                0x000000000800152c                TSC_IRQHandler
                0x000000000800152c                TAMP_STAMP_IRQHandler
                0x000000000800152c                EXTI3_IRQHandler
                0x000000000800152c                LPTIM2_IRQHandler
                0x000000000800152c                DFSDM1_FLT1_IRQHandler
                0x000000000800152c                I2C3_ER_IRQHandler
                0x000000000800152c                DFSDM1_FLT2_IRQHandler
                0x000000000800152c                EXTI0_IRQHandler
                0x000000000800152c                I2C2_EV_IRQHandler
                0x000000000800152c                CAN1_RX0_IRQHandler
                0x000000000800152c                FPU_IRQHandler
                0x000000000800152c                ADC1_2_IRQHandler
                0x000000000800152c                SPI1_IRQHandler
                0x000000000800152c                TIM6_DAC_IRQHandler
                0x000000000800152c                TIM8_UP_IRQHandler
                0x000000000800152c                DMA2_Channel2_IRQHandler
                0x000000000800152c                DMA1_Channel4_IRQHandler
                0x000000000800152c                SAI2_IRQHandler
                0x000000000800152c                DFSDM1_FLT3_IRQHandler
                0x000000000800152c                USART3_IRQHandler
                0x000000000800152c                DMA1_Channel7_IRQHandler
                0x000000000800152c                CAN1_RX1_IRQHandler
                0x000000000800152c                LCD_IRQHandler
                0x000000000800152c                UART5_IRQHandler
                0x000000000800152c                ADC3_IRQHandler
                0x000000000800152c                TIM4_IRQHandler
                0x000000000800152c                DMA2_Channel1_IRQHandler
                0x000000000800152c                QUADSPI_IRQHandler
                0x000000000800152c                I2C1_EV_IRQHandler
                0x000000000800152c                DMA1_Channel6_IRQHandler
                0x000000000800152c                UART4_IRQHandler
                0x000000000800152c                DMA2_Channel4_IRQHandler
                0x000000000800152c                TIM3_IRQHandler
                0x000000000800152c                RCC_IRQHandler
                0x000000000800152c                DMA1_Channel1_IRQHandler
                0x000000000800152c                Default_Handler
                0x000000000800152c                DMA2_Channel7_IRQHandler
                0x000000000800152c                TIM7_IRQHandler
                0x000000000800152c                SDMMC1_IRQHandler
                0x000000000800152c                TIM5_IRQHandler
                0x000000000800152c                I2C3_EV_IRQHandler
                0x000000000800152c                RTC_WKUP_IRQHandler
                0x000000000800152c                PVD_PVM_IRQHandler
                0x000000000800152c                SPI2_IRQHandler
                0x000000000800152c                CAN1_TX_IRQHandler
                0x000000000800152c                DMA2_Channel5_IRQHandler
                0x000000000800152c                DMA1_Channel5_IRQHandler
                0x000000000800152c                RNG_IRQHandler
                0x000000000800152c                TIM1_TRG_COM_TIM17_IRQHandler
                0x000000000800152c                DMA1_Channel3_IRQHandler
                0x000000000800152c                COMP_IRQHandler
                0x000000000800152c                WWDG_IRQHandler
                0x000000000800152c                LPUART1_IRQHandler
                0x000000000800152c                DMA2_Channel6_IRQHandler
                0x000000000800152c                TIM2_IRQHandler
                0x000000000800152c                EXTI1_IRQHandler
                0x000000000800152c                USART2_IRQHandler
                0x000000000800152c                DFSDM1_FLT0_IRQHandler
                0x000000000800152c                I2C2_ER_IRQHandler
                0x000000000800152c                DMA1_Channel2_IRQHandler
                0x000000000800152c                TIM8_BRK_IRQHandler
                0x000000000800152c                CAN1_SCE_IRQHandler
                0x000000000800152c                FLASH_IRQHandler
                0x000000000800152c                USART1_IRQHandler
                0x000000000800152c                OTG_FS_IRQHandler
                0x000000000800152c                SPI3_IRQHandler
                0x000000000800152c                I2C1_ER_IRQHandler
                0x000000000800152c                FMC_IRQHandler
                0x000000000800152c                SWPMI1_IRQHandler
                0x000000000800152c                LPTIM1_IRQHandler
                0x000000000800152c                SAI1_IRQHandler
                0x000000000800152c                DMA2_Channel3_IRQHandler
                0x000000000800152c                TIM1_BRK_TIM15_IRQHandler
 *fill*         0x000000000800152e        0x2 
 .text.HAL_Init
                0x0000000008001530       0x40 ./Drivers/STM32L4xx_HAL_Driver/Src/stm32l4xx_hal.o
                0x0000000008001530                HAL_Init
 .text.HAL_IncTick
                0x0000000008001570       0x28 ./Drivers/STM32L4xx_HAL_Driver/Src/stm32l4xx_hal.o
                0x0000000008001570                HAL_IncTick
 .text.HAL_GetTick
                0x0000000008001598       0x18 ./Drivers/STM32L4xx_HAL_Driver/Src/stm32l4xx_hal.o
                0x0000000008001598                HAL_GetTick
 .text.__NVIC_SetPriorityGrouping
                0x00000000080015b0       0x48 ./Drivers/STM32L4xx_HAL_Driver/Src/stm32l4xx_hal_cortex.o
 .text.__NVIC_GetPriorityGrouping
                0x00000000080015f8       0x1c ./Drivers/STM32L4xx_HAL_Driver/Src/stm32l4xx_hal_cortex.o
 .text.__NVIC_EnableIRQ
                0x0000000008001614       0x3c ./Drivers/STM32L4xx_HAL_Driver/Src/stm32l4xx_hal_cortex.o
 .text.__NVIC_SetPriority
                0x0000000008001650       0x54 ./Drivers/STM32L4xx_HAL_Driver/Src/stm32l4xx_hal_cortex.o
 .text.NVIC_EncodePriority
                0x00000000080016a4       0x66 ./Drivers/STM32L4xx_HAL_Driver/Src/stm32l4xx_hal_cortex.o
 .text.HAL_NVIC_SetPriorityGrouping
                0x000000000800170a       0x16 ./Drivers/STM32L4xx_HAL_Driver/Src/stm32l4xx_hal_cortex.o
                0x000000000800170a                HAL_NVIC_SetPriorityGrouping
 .text.HAL_NVIC_SetPriority
                0x0000000008001720       0x38 ./Drivers/STM32L4xx_HAL_Driver/Src/stm32l4xx_hal_cortex.o
                0x0000000008001720                HAL_NVIC_SetPriority
 .text.HAL_NVIC_EnableIRQ
                0x0000000008001758       0x1c ./Drivers/STM32L4xx_HAL_Driver/Src/stm32l4xx_hal_cortex.o
                0x0000000008001758                HAL_NVIC_EnableIRQ
 .text.HAL_GPIO_Init
                0x0000000008001774      0x354 ./Drivers/STM32L4xx_HAL_Driver/Src/stm32l4xx_hal_gpio.o
                0x0000000008001774                HAL_GPIO_Init
 .text.HAL_GPIO_ReadPin
                0x0000000008001ac8       0x30 ./Drivers/STM32L4xx_HAL_Driver/Src/stm32l4xx_hal_gpio.o
                0x0000000008001ac8                HAL_GPIO_ReadPin
 .text.HAL_GPIO_WritePin
                0x0000000008001af8       0x30 ./Drivers/STM32L4xx_HAL_Driver/Src/stm32l4xx_hal_gpio.o
                0x0000000008001af8                HAL_GPIO_WritePin
 .text.HAL_GPIO_EXTI_IRQHandler
                0x0000000008001b28       0x30 ./Drivers/STM32L4xx_HAL_Driver/Src/stm32l4xx_hal_gpio.o
                0x0000000008001b28                HAL_GPIO_EXTI_IRQHandler
 .text.HAL_PWREx_GetVoltageRange
                0x0000000008001b58       0x1c ./Drivers/STM32L4xx_HAL_Driver/Src/stm32l4xx_hal_pwr_ex.o
                0x0000000008001b58                HAL_PWREx_GetVoltageRange
 .text.HAL_PWREx_ControlVoltageScaling
                0x0000000008001b74       0xac ./Drivers/STM32L4xx_HAL_Driver/Src/stm32l4xx_hal_pwr_ex.o
                0x0000000008001b74                HAL_PWREx_ControlVoltageScaling
 .text.HAL_RCC_OscConfig
                0x0000000008001c20      0x7b8 ./Drivers/STM32L4xx_HAL_Driver/Src/stm32l4xx_hal_rcc.o
                0x0000000008001c20                HAL_RCC_OscConfig
 .text.HAL_RCC_ClockConfig
                0x00000000080023d8      0x200 ./Drivers/STM32L4xx_HAL_Driver/Src/stm32l4xx_hal_rcc.o
                0x00000000080023d8                HAL_RCC_ClockConfig
 .text.HAL_RCC_GetSysClockFreq
                0x00000000080025d8      0x118 ./Drivers/STM32L4xx_HAL_Driver/Src/stm32l4xx_hal_rcc.o
                0x00000000080025d8                HAL_RCC_GetSysClockFreq
 .text.HAL_RCC_GetHCLKFreq
                0x00000000080026f0       0x18 ./Drivers/STM32L4xx_HAL_Driver/Src/stm32l4xx_hal_rcc.o
                0x00000000080026f0                HAL_RCC_GetHCLKFreq
 .text.HAL_RCC_GetPCLK1Freq
                0x0000000008002708       0x2c ./Drivers/STM32L4xx_HAL_Driver/Src/stm32l4xx_hal_rcc.o
                0x0000000008002708                HAL_RCC_GetPCLK1Freq
 .text.HAL_RCC_GetPCLK2Freq
                0x0000000008002734       0x2c ./Drivers/STM32L4xx_HAL_Driver/Src/stm32l4xx_hal_rcc.o
                0x0000000008002734                HAL_RCC_GetPCLK2Freq
 .text.HAL_RCC_GetClockConfig
                0x0000000008002760       0x64 ./Drivers/STM32L4xx_HAL_Driver/Src/stm32l4xx_hal_rcc.o
                0x0000000008002760                HAL_RCC_GetClockConfig
 .text.RCC_SetFlashLatencyFromMSIRange
                0x00000000080027c4       0xc0 ./Drivers/STM32L4xx_HAL_Driver/Src/stm32l4xx_hal_rcc.o
 .text.HAL_RCCEx_PeriphCLKConfig
                0x0000000008002884      0x5d4 ./Drivers/STM32L4xx_HAL_Driver/Src/stm32l4xx_hal_rcc_ex.o
                0x0000000008002884                HAL_RCCEx_PeriphCLKConfig
 .text.RCCEx_PLLSAI1_Config
                0x0000000008002e58      0x1e8 ./Drivers/STM32L4xx_HAL_Driver/Src/stm32l4xx_hal_rcc_ex.o
 .text.RCCEx_PLLSAI2_Config
                0x0000000008003040      0x1bc ./Drivers/STM32L4xx_HAL_Driver/Src/stm32l4xx_hal_rcc_ex.o
 .text.HAL_SPI_Init
                0x00000000080031fc      0x146 ./Drivers/STM32L4xx_HAL_Driver/Src/stm32l4xx_hal_spi.o
                0x00000000080031fc                HAL_SPI_Init
 .text.HAL_SPI_Transmit
                0x0000000008003342      0x2dc ./Drivers/STM32L4xx_HAL_Driver/Src/stm32l4xx_hal_spi.o
                0x0000000008003342                HAL_SPI_Transmit
 *fill*         0x000000000800361e        0x2 
 .text.SPI_WaitFlagStateUntilTimeout
                0x0000000008003620      0x110 ./Drivers/STM32L4xx_HAL_Driver/Src/stm32l4xx_hal_spi.o
 .text.SPI_WaitFifoStateUntilTimeout
                0x0000000008003730      0x12c ./Drivers/STM32L4xx_HAL_Driver/Src/stm32l4xx_hal_spi.o
 .text.SPI_EndRxTxTransaction
                0x000000000800385c       0x8c ./Drivers/STM32L4xx_HAL_Driver/Src/stm32l4xx_hal_spi.o
 .text.HAL_TIM_Base_Init
                0x00000000080038e8       0xae ./Drivers/STM32L4xx_HAL_Driver/Src/stm32l4xx_hal_tim.o
                0x00000000080038e8                HAL_TIM_Base_Init
 .text.HAL_TIM_Base_MspInit
                0x0000000008003996       0x14 ./Drivers/STM32L4xx_HAL_Driver/Src/stm32l4xx_hal_tim.o
                0x0000000008003996                HAL_TIM_Base_MspInit
 *fill*         0x00000000080039aa        0x2 
 .text.HAL_TIM_Base_Start_IT
                0x00000000080039ac       0xe0 ./Drivers/STM32L4xx_HAL_Driver/Src/stm32l4xx_hal_tim.o
                0x00000000080039ac                HAL_TIM_Base_Start_IT
 .text.HAL_TIM_IRQHandler
                0x0000000008003a8c      0x23e ./Drivers/STM32L4xx_HAL_Driver/Src/stm32l4xx_hal_tim.o
                0x0000000008003a8c                HAL_TIM_IRQHandler
 .text.HAL_TIM_OC_DelayElapsedCallback
                0x0000000008003cca       0x14 ./Drivers/STM32L4xx_HAL_Driver/Src/stm32l4xx_hal_tim.o
                0x0000000008003cca                HAL_TIM_OC_DelayElapsedCallback
 .text.HAL_TIM_IC_CaptureCallback
                0x0000000008003cde       0x14 ./Drivers/STM32L4xx_HAL_Driver/Src/stm32l4xx_hal_tim.o
                0x0000000008003cde                HAL_TIM_IC_CaptureCallback
 .text.HAL_TIM_PWM_PulseFinishedCallback
                0x0000000008003cf2       0x14 ./Drivers/STM32L4xx_HAL_Driver/Src/stm32l4xx_hal_tim.o
                0x0000000008003cf2                HAL_TIM_PWM_PulseFinishedCallback
 .text.HAL_TIM_TriggerCallback
                0x0000000008003d06       0x14 ./Drivers/STM32L4xx_HAL_Driver/Src/stm32l4xx_hal_tim.o
                0x0000000008003d06                HAL_TIM_TriggerCallback
 *fill*         0x0000000008003d1a        0x2 
 .text.TIM_Base_SetConfig
                0x0000000008003d1c      0x134 ./Drivers/STM32L4xx_HAL_Driver/Src/stm32l4xx_hal_tim.o
                0x0000000008003d1c                TIM_Base_SetConfig
 .text.HAL_TIMEx_CommutCallback
                0x0000000008003e50       0x14 ./Drivers/STM32L4xx_HAL_Driver/Src/stm32l4xx_hal_tim_ex.o
                0x0000000008003e50                HAL_TIMEx_CommutCallback
 .text.HAL_TIMEx_BreakCallback
                0x0000000008003e64       0x14 ./Drivers/STM32L4xx_HAL_Driver/Src/stm32l4xx_hal_tim_ex.o
                0x0000000008003e64                HAL_TIMEx_BreakCallback
 .text.HAL_TIMEx_Break2Callback
                0x0000000008003e78       0x14 ./Drivers/STM32L4xx_HAL_Driver/Src/stm32l4xx_hal_tim_ex.o
                0x0000000008003e78                HAL_TIMEx_Break2Callback
 .text.HAL_UART_Init
                0x0000000008003e8c       0x9c ./Drivers/STM32L4xx_HAL_Driver/Src/stm32l4xx_hal_uart.o
                0x0000000008003e8c                HAL_UART_Init
 .text.UART_SetConfig
                0x0000000008003f28      0x570 ./Drivers/STM32L4xx_HAL_Driver/Src/stm32l4xx_hal_uart.o
                0x0000000008003f28                UART_SetConfig
 .text.UART_AdvFeatureConfig
                0x0000000008004498      0x144 ./Drivers/STM32L4xx_HAL_Driver/Src/stm32l4xx_hal_uart.o
                0x0000000008004498                UART_AdvFeatureConfig
 .text.UART_CheckIdleState
                0x00000000080045dc       0x92 ./Drivers/STM32L4xx_HAL_Driver/Src/stm32l4xx_hal_uart.o
                0x00000000080045dc                UART_CheckIdleState
 .text.UART_WaitOnFlagUntilTimeout
                0x000000000800466e      0x188 ./Drivers/STM32L4xx_HAL_Driver/Src/stm32l4xx_hal_uart.o
                0x000000000800466e                UART_WaitOnFlagUntilTimeout
 *fill*         0x00000000080047f6        0x2 
 .text.__NVIC_SetPriority
                0x00000000080047f8       0x54 ./Middlewares/Third_Party/FreeRTOS/Source/CMSIS_RTOS_V2/cmsis_os2.o
 .text.SysTick_Handler
                0x000000000800484c       0x20 ./Middlewares/Third_Party/FreeRTOS/Source/CMSIS_RTOS_V2/cmsis_os2.o
                0x000000000800484c                SysTick_Handler
 .text.SVC_Setup
                0x000000000800486c       0x12 ./Middlewares/Third_Party/FreeRTOS/Source/CMSIS_RTOS_V2/cmsis_os2.o
 *fill*         0x000000000800487e        0x2 
 .text.osKernelInitialize
                0x0000000008004880       0x48 ./Middlewares/Third_Party/FreeRTOS/Source/CMSIS_RTOS_V2/cmsis_os2.o
                0x0000000008004880                osKernelInitialize
 .text.osKernelStart
                0x00000000080048c8       0x4c ./Middlewares/Third_Party/FreeRTOS/Source/CMSIS_RTOS_V2/cmsis_os2.o
                0x00000000080048c8                osKernelStart
 .text.osThreadNew
                0x0000000008004914      0x124 ./Middlewares/Third_Party/FreeRTOS/Source/CMSIS_RTOS_V2/cmsis_os2.o
                0x0000000008004914                osThreadNew
 .text.vApplicationGetIdleTaskMemory
                0x0000000008004a38       0x34 ./Middlewares/Third_Party/FreeRTOS/Source/CMSIS_RTOS_V2/cmsis_os2.o
                0x0000000008004a38                vApplicationGetIdleTaskMemory
 .text.vApplicationGetTimerTaskMemory
                0x0000000008004a6c       0x34 ./Middlewares/Third_Party/FreeRTOS/Source/CMSIS_RTOS_V2/cmsis_os2.o
                0x0000000008004a6c                vApplicationGetTimerTaskMemory
 .text.vListInitialise
                0x0000000008004aa0       0x40 ./Middlewares/Third_Party/FreeRTOS/Source/list.o
                0x0000000008004aa0                vListInitialise
 .text.vListInitialiseItem
                0x0000000008004ae0       0x1a ./Middlewares/Third_Party/FreeRTOS/Source/list.o
                0x0000000008004ae0                vListInitialiseItem
 .text.vListInsertEnd
                0x0000000008004afa       0x48 ./Middlewares/Third_Party/FreeRTOS/Source/list.o
                0x0000000008004afa                vListInsertEnd
 .text.vListInsert
                0x0000000008004b42       0x72 ./Middlewares/Third_Party/FreeRTOS/Source/list.o
                0x0000000008004b42                vListInsert
 .text.uxListRemove
                0x0000000008004bb4       0x54 ./Middlewares/Third_Party/FreeRTOS/Source/list.o
                0x0000000008004bb4                uxListRemove
 .text.xQueueGenericReset
                0x0000000008004c08       0xd0 ./Middlewares/Third_Party/FreeRTOS/Source/queue.o
                0x0000000008004c08                xQueueGenericReset
 .text.xQueueGenericCreateStatic
                0x0000000008004cd8       0xf0 ./Middlewares/Third_Party/FreeRTOS/Source/queue.o
                0x0000000008004cd8                xQueueGenericCreateStatic
 .text.xQueueGenericCreate
                0x0000000008004dc8       0x74 ./Middlewares/Third_Party/FreeRTOS/Source/queue.o
                0x0000000008004dc8                xQueueGenericCreate
 .text.prvInitialiseNewQueue
                0x0000000008004e3c       0x46 ./Middlewares/Third_Party/FreeRTOS/Source/queue.o
 *fill*         0x0000000008004e82        0x2 
 .text.xQueueGenericSend
                0x0000000008004e84      0x1fc ./Middlewares/Third_Party/FreeRTOS/Source/queue.o
                0x0000000008004e84                xQueueGenericSend
 .text.xQueueGenericSendFromISR
                0x0000000008005080      0x136 ./Middlewares/Third_Party/FreeRTOS/Source/queue.o
                0x0000000008005080                xQueueGenericSendFromISR
 .text.xQueueGiveFromISR
                0x00000000080051b6      0x11a ./Middlewares/Third_Party/FreeRTOS/Source/queue.o
                0x00000000080051b6                xQueueGiveFromISR
 .text.xQueueReceive
                0x00000000080052d0      0x1c0 ./Middlewares/Third_Party/FreeRTOS/Source/queue.o
                0x00000000080052d0                xQueueReceive
 .text.xQueueSemaphoreTake
                0x0000000008005490      0x218 ./Middlewares/Third_Party/FreeRTOS/Source/queue.o
                0x0000000008005490                xQueueSemaphoreTake
 .text.prvGetDisinheritPriorityAfterTimeout
                0x00000000080056a8       0x30 ./Middlewares/Third_Party/FreeRTOS/Source/queue.o
 .text.prvCopyDataToQueue
                0x00000000080056d8       0xd4 ./Middlewares/Third_Party/FreeRTOS/Source/queue.o
 .text.prvCopyDataFromQueue
                0x00000000080057ac       0x4c ./Middlewares/Third_Party/FreeRTOS/Source/queue.o
 .text.prvUnlockQueue
                0x00000000080057f8       0xa4 ./Middlewares/Third_Party/FreeRTOS/Source/queue.o
 .text.prvIsQueueEmpty
                0x000000000800589c       0x2c ./Middlewares/Third_Party/FreeRTOS/Source/queue.o
 .text.prvIsQueueFull
                0x00000000080058c8       0x30 ./Middlewares/Third_Party/FreeRTOS/Source/queue.o
 .text.vQueueAddToRegistry
                0x00000000080058f8       0x54 ./Middlewares/Third_Party/FreeRTOS/Source/queue.o
                0x00000000080058f8                vQueueAddToRegistry
 .text.vQueueWaitForMessageRestricted
                0x000000000800594c       0x68 ./Middlewares/Third_Party/FreeRTOS/Source/queue.o
                0x000000000800594c                vQueueWaitForMessageRestricted
 .text.xTaskCreateStatic
                0x00000000080059b4       0xba ./Middlewares/Third_Party/FreeRTOS/Source/tasks.o
                0x00000000080059b4                xTaskCreateStatic
 .text.xTaskCreate
                0x0000000008005a6e       0x8a ./Middlewares/Third_Party/FreeRTOS/Source/tasks.o
                0x0000000008005a6e                xTaskCreate
 .text.prvInitialiseNewTask
                0x0000000008005af8      0x14c ./Middlewares/Third_Party/FreeRTOS/Source/tasks.o
 .text.prvAddNewTaskToReadyList
                0x0000000008005c44       0xe0 ./Middlewares/Third_Party/FreeRTOS/Source/tasks.o
 .text.vTaskDelayUntil
                0x0000000008005d24       0xfc ./Middlewares/Third_Party/FreeRTOS/Source/tasks.o
                0x0000000008005d24                vTaskDelayUntil
 .text.vTaskStartScheduler
                0x0000000008005e20       0xe0 ./Middlewares/Third_Party/FreeRTOS/Source/tasks.o
                0x0000000008005e20                vTaskStartScheduler
 .text.vTaskSuspendAll
                0x0000000008005f00       0x1c ./Middlewares/Third_Party/FreeRTOS/Source/tasks.o
                0x0000000008005f00                vTaskSuspendAll
 .text.xTaskResumeAll
                0x0000000008005f1c      0x13c ./Middlewares/Third_Party/FreeRTOS/Source/tasks.o
                0x0000000008005f1c                xTaskResumeAll
 .text.xTaskGetTickCount
                0x0000000008006058       0x20 ./Middlewares/Third_Party/FreeRTOS/Source/tasks.o
                0x0000000008006058                xTaskGetTickCount
 .text.xTaskIncrementTick
                0x0000000008006078      0x174 ./Middlewares/Third_Party/FreeRTOS/Source/tasks.o
                0x0000000008006078                xTaskIncrementTick
 .text.vTaskSwitchContext
                0x00000000080061ec       0xc8 ./Middlewares/Third_Party/FreeRTOS/Source/tasks.o
                0x00000000080061ec                vTaskSwitchContext
 .text.vTaskPlaceOnEventList
                0x00000000080062b4       0x48 ./Middlewares/Third_Party/FreeRTOS/Source/tasks.o
                0x00000000080062b4                vTaskPlaceOnEventList
 .text.vTaskPlaceOnEventListRestricted
                0x00000000080062fc       0x58 ./Middlewares/Third_Party/FreeRTOS/Source/tasks.o
                0x00000000080062fc                vTaskPlaceOnEventListRestricted
 .text.xTaskRemoveFromEventList
                0x0000000008006354       0xc8 ./Middlewares/Third_Party/FreeRTOS/Source/tasks.o
                0x0000000008006354                xTaskRemoveFromEventList
 .text.vTaskInternalSetTimeOutState
                0x000000000800641c       0x2c ./Middlewares/Third_Party/FreeRTOS/Source/tasks.o
                0x000000000800641c                vTaskInternalSetTimeOutState
 .text.xTaskCheckForTimeOut
                0x0000000008006448       0xc4 ./Middlewares/Third_Party/FreeRTOS/Source/tasks.o
                0x0000000008006448                xTaskCheckForTimeOut
 .text.vTaskMissedYield
                0x000000000800650c       0x18 ./Middlewares/Third_Party/FreeRTOS/Source/tasks.o
                0x000000000800650c                vTaskMissedYield
 .text.prvIdleTask
                0x0000000008006524       0x30 ./Middlewares/Third_Party/FreeRTOS/Source/tasks.o
 .text.prvInitialiseTaskLists
                0x0000000008006554       0x80 ./Middlewares/Third_Party/FreeRTOS/Source/tasks.o
 .text.prvCheckTasksWaitingTermination
                0x00000000080065d4       0x5c ./Middlewares/Third_Party/FreeRTOS/Source/tasks.o
 .text.prvDeleteTCB
                0x0000000008006630       0x68 ./Middlewares/Third_Party/FreeRTOS/Source/tasks.o
 .text.prvResetNextTaskUnblockTime
                0x0000000008006698       0x40 ./Middlewares/Third_Party/FreeRTOS/Source/tasks.o
 .text.xTaskGetSchedulerState
                0x00000000080066d8       0x3c ./Middlewares/Third_Party/FreeRTOS/Source/tasks.o
                0x00000000080066d8                xTaskGetSchedulerState
 .text.xTaskPriorityInherit
                0x0000000008006714       0xd0 ./Middlewares/Third_Party/FreeRTOS/Source/tasks.o
                0x0000000008006714                xTaskPriorityInherit
 .text.xTaskPriorityDisinherit
                0x00000000080067e4       0xdc ./Middlewares/Third_Party/FreeRTOS/Source/tasks.o
                0x00000000080067e4                xTaskPriorityDisinherit
 .text.vTaskPriorityDisinheritAfterTimeout
                0x00000000080068c0      0x104 ./Middlewares/Third_Party/FreeRTOS/Source/tasks.o
                0x00000000080068c0                vTaskPriorityDisinheritAfterTimeout
 .text.pvTaskIncrementMutexHeldCount
                0x00000000080069c4       0x28 ./Middlewares/Third_Party/FreeRTOS/Source/tasks.o
                0x00000000080069c4                pvTaskIncrementMutexHeldCount
 .text.prvAddCurrentTaskToDelayedList
                0x00000000080069ec       0xa8 ./Middlewares/Third_Party/FreeRTOS/Source/tasks.o
 .text.xTimerCreateTimerTask
                0x0000000008006a94       0x90 ./Middlewares/Third_Party/FreeRTOS/Source/timers.o
                0x0000000008006a94                xTimerCreateTimerTask
 .text.xTimerGenericCommand
                0x0000000008006b24       0x9c ./Middlewares/Third_Party/FreeRTOS/Source/timers.o
                0x0000000008006b24                xTimerGenericCommand
 .text.prvProcessExpiredTimer
                0x0000000008006bc0       0x98 ./Middlewares/Third_Party/FreeRTOS/Source/timers.o
 .text.prvTimerTask
                0x0000000008006c58       0x24 ./Middlewares/Third_Party/FreeRTOS/Source/timers.o
 .text.prvProcessTimerOrBlockTask
                0x0000000008006c7c       0x9c ./Middlewares/Third_Party/FreeRTOS/Source/timers.o
 .text.prvGetNextExpireTime
                0x0000000008006d18       0x48 ./Middlewares/Third_Party/FreeRTOS/Source/timers.o
 .text.prvSampleTimeNow
                0x0000000008006d60       0x40 ./Middlewares/Third_Party/FreeRTOS/Source/timers.o
 .text.prvInsertTimerInActiveList
                0x0000000008006da0       0x84 ./Middlewares/Third_Party/FreeRTOS/Source/timers.o
 .text.prvProcessReceivedCommands
                0x0000000008006e24      0x1c4 ./Middlewares/Third_Party/FreeRTOS/Source/timers.o
 .text.prvSwitchTimerLists
                0x0000000008006fe8       0xc8 ./Middlewares/Third_Party/FreeRTOS/Source/timers.o
 .text.prvCheckForValidListAndQueue
                0x00000000080070b0       0x80 ./Middlewares/Third_Party/FreeRTOS/Source/timers.o
 .text.pxPortInitialiseStack
                0x0000000008007130       0x68 ./Middlewares/Third_Party/FreeRTOS/Source/portable/GCC/ARM_CM4F/port.o
                0x0000000008007130                pxPortInitialiseStack
 .text.prvTaskExitError
                0x0000000008007198       0x58 ./Middlewares/Third_Party/FreeRTOS/Source/portable/GCC/ARM_CM4F/port.o
 .text.SVC_Handler
                0x00000000080071f0       0x28 ./Middlewares/Third_Party/FreeRTOS/Source/portable/GCC/ARM_CM4F/port.o
                0x00000000080071f0                SVC_Handler
 .text.prvPortStartFirstTask
                0x0000000008007218       0x28 ./Middlewares/Third_Party/FreeRTOS/Source/portable/GCC/ARM_CM4F/port.o
 .text.xPortStartScheduler
                0x0000000008007240      0x144 ./Middlewares/Third_Party/FreeRTOS/Source/portable/GCC/ARM_CM4F/port.o
                0x0000000008007240                xPortStartScheduler
 .text.vPortEnterCritical
                0x0000000008007384       0x60 ./Middlewares/Third_Party/FreeRTOS/Source/portable/GCC/ARM_CM4F/port.o
                0x0000000008007384                vPortEnterCritical
 .text.vPortExitCritical
                0x00000000080073e4       0x54 ./Middlewares/Third_Party/FreeRTOS/Source/portable/GCC/ARM_CM4F/port.o
                0x00000000080073e4                vPortExitCritical
 *fill*         0x0000000008007438        0x8 
 .text.PendSV_Handler
                0x0000000008007440       0x68 ./Middlewares/Third_Party/FreeRTOS/Source/portable/GCC/ARM_CM4F/port.o
                0x0000000008007440                PendSV_Handler
 .text.xPortSysTickHandler
                0x00000000080074a8       0x44 ./Middlewares/Third_Party/FreeRTOS/Source/portable/GCC/ARM_CM4F/port.o
                0x00000000080074a8                xPortSysTickHandler
 .text.vPortSetupTimerInterrupt
                0x00000000080074ec       0x48 ./Middlewares/Third_Party/FreeRTOS/Source/portable/GCC/ARM_CM4F/port.o
                0x00000000080074ec                vPortSetupTimerInterrupt
 .text.vPortEnableVFP
                0x0000000008007534       0x14 ./Middlewares/Third_Party/FreeRTOS/Source/portable/GCC/ARM_CM4F/port.o
 .text.vPortValidateInterruptPriority
                0x0000000008007548       0x80 ./Middlewares/Third_Party/FreeRTOS/Source/portable/GCC/ARM_CM4F/port.o
                0x0000000008007548                vPortValidateInterruptPriority
 .text.pvPortMalloc
                0x00000000080075c8      0x198 ./Middlewares/Third_Party/FreeRTOS/Source/portable/MemMang/heap_4.o
                0x00000000080075c8                pvPortMalloc
 .text.vPortFree
                0x0000000008007760       0xc4 ./Middlewares/Third_Party/FreeRTOS/Source/portable/MemMang/heap_4.o
                0x0000000008007760                vPortFree
 .text.prvHeapInit
                0x0000000008007824       0xc4 ./Middlewares/Third_Party/FreeRTOS/Source/portable/MemMang/heap_4.o
 .text.prvInsertBlockIntoFreeList
                0x00000000080078e8       0xb4 ./Middlewares/Third_Party/FreeRTOS/Source/portable/MemMang/heap_4.o
 .text.__libc_init_array
                0x000000000800799c       0x48 /opt/st/stm32cubeide_1.10.1/plugins/com.st.stm32cube.ide.mcu.externaltools.gnu-tools-for-stm32.10.3-2021.10.linux64_1.0.0.202111181127/tools/bin/../lib/gcc/arm-none-eabi/10.3.1/../../../../arm-none-eabi/lib/thumb/v7e-m+fp/hard/libc_nano.a(lib_a-init.o)
                0x000000000800799c                __libc_init_array
 .text.__retarget_lock_acquire_recursive
                0x00000000080079e4        0x2 /opt/st/stm32cubeide_1.10.1/plugins/com.st.stm32cube.ide.mcu.externaltools.gnu-tools-for-stm32.10.3-2021.10.linux64_1.0.0.202111181127/tools/bin/../lib/gcc/arm-none-eabi/10.3.1/../../../../arm-none-eabi/lib/thumb/v7e-m+fp/hard/libc_nano.a(lib_a-lock.o)
                0x00000000080079e4                __retarget_lock_acquire_recursive
 .text.__retarget_lock_release_recursive
                0x00000000080079e6        0x2 /opt/st/stm32cubeide_1.10.1/plugins/com.st.stm32cube.ide.mcu.externaltools.gnu-tools-for-stm32.10.3-2021.10.linux64_1.0.0.202111181127/tools/bin/../lib/gcc/arm-none-eabi/10.3.1/../../../../arm-none-eabi/lib/thumb/v7e-m+fp/hard/libc_nano.a(lib_a-lock.o)
                0x00000000080079e6                __retarget_lock_release_recursive
 .text.memcpy   0x00000000080079e8       0x1c /opt/st/stm32cubeide_1.10.1/plugins/com.st.stm32cube.ide.mcu.externaltools.gnu-tools-for-stm32.10.3-2021.10.linux64_1.0.0.202111181127/tools/bin/../lib/gcc/arm-none-eabi/10.3.1/../../../../arm-none-eabi/lib/thumb/v7e-m+fp/hard/libc_nano.a(lib_a-memcpy-stub.o)
                0x00000000080079e8                memcpy
 .text.memset   0x0000000008007a04       0x10 /opt/st/stm32cubeide_1.10.1/plugins/com.st.stm32cube.ide.mcu.externaltools.gnu-tools-for-stm32.10.3-2021.10.linux64_1.0.0.202111181127/tools/bin/../lib/gcc/arm-none-eabi/10.3.1/../../../../arm-none-eabi/lib/thumb/v7e-m+fp/hard/libc_nano.a(lib_a-memset.o)
                0x0000000008007a04                memset
 .text.cleanup_glue
                0x0000000008007a14       0x1a /opt/st/stm32cubeide_1.10.1/plugins/com.st.stm32cube.ide.mcu.externaltools.gnu-tools-for-stm32.10.3-2021.10.linux64_1.0.0.202111181127/tools/bin/../lib/gcc/arm-none-eabi/10.3.1/../../../../arm-none-eabi/lib/thumb/v7e-m+fp/hard/libc_nano.a(lib_a-reent.o)
                0x0000000008007a14                cleanup_glue
 *fill*         0x0000000008007a2e        0x2 
 .text._reclaim_reent
                0x0000000008007a30       0xb8 /opt/st/stm32cubeide_1.10.1/plugins/com.st.stm32cube.ide.mcu.externaltools.gnu-tools-for-stm32.10.3-2021.10.linux64_1.0.0.202111181127/tools/bin/../lib/gcc/arm-none-eabi/10.3.1/../../../../arm-none-eabi/lib/thumb/v7e-m+fp/hard/libc_nano.a(lib_a-reent.o)
                0x0000000008007a30                _reclaim_reent
 .text.__malloc_lock
                0x0000000008007ae8        0xc /opt/st/stm32cubeide_1.10.1/plugins/com.st.stm32cube.ide.mcu.externaltools.gnu-tools-for-stm32.10.3-2021.10.linux64_1.0.0.202111181127/tools/bin/../lib/gcc/arm-none-eabi/10.3.1/../../../../arm-none-eabi/lib/thumb/v7e-m+fp/hard/libc_nano.a(lib_a-mlock.o)
                0x0000000008007ae8                __malloc_lock
 .text.__malloc_unlock
                0x0000000008007af4        0xc /opt/st/stm32cubeide_1.10.1/plugins/com.st.stm32cube.ide.mcu.externaltools.gnu-tools-for-stm32.10.3-2021.10.linux64_1.0.0.202111181127/tools/bin/../lib/gcc/arm-none-eabi/10.3.1/../../../../arm-none-eabi/lib/thumb/v7e-m+fp/hard/libc_nano.a(lib_a-mlock.o)
                0x0000000008007af4                __malloc_unlock
 .text._free_r  0x0000000008007b00       0x98 /opt/st/stm32cubeide_1.10.1/plugins/com.st.stm32cube.ide.mcu.externaltools.gnu-tools-for-stm32.10.3-2021.10.linux64_1.0.0.202111181127/tools/bin/../lib/gcc/arm-none-eabi/10.3.1/../../../../arm-none-eabi/lib/thumb/v7e-m+fp/hard/libc_nano.a(lib_a-nano-freer.o)
                0x0000000008007b00                _free_r
 *(.glue_7)
 .glue_7        0x0000000008007b98        0x0 linker stubs
 *(.glue_7t)
 .glue_7t       0x0000000008007b98        0x0 linker stubs
 *(.eh_frame)
 .eh_frame      0x0000000008007b98        0x0 /opt/st/stm32cubeide_1.10.1/plugins/com.st.stm32cube.ide.mcu.externaltools.gnu-tools-for-stm32.10.3-2021.10.linux64_1.0.0.202111181127/tools/bin/../lib/gcc/arm-none-eabi/10.3.1/thumb/v7e-m+fp/hard/crtbegin.o
 *(.init)
 .init          0x0000000008007b98        0x4 /opt/st/stm32cubeide_1.10.1/plugins/com.st.stm32cube.ide.mcu.externaltools.gnu-tools-for-stm32.10.3-2021.10.linux64_1.0.0.202111181127/tools/bin/../lib/gcc/arm-none-eabi/10.3.1/thumb/v7e-m+fp/hard/crti.o
                0x0000000008007b98                _init
 .init          0x0000000008007b9c        0x8 /opt/st/stm32cubeide_1.10.1/plugins/com.st.stm32cube.ide.mcu.externaltools.gnu-tools-for-stm32.10.3-2021.10.linux64_1.0.0.202111181127/tools/bin/../lib/gcc/arm-none-eabi/10.3.1/thumb/v7e-m+fp/hard/crtn.o
 *(.fini)
 .fini          0x0000000008007ba4        0x4 /opt/st/stm32cubeide_1.10.1/plugins/com.st.stm32cube.ide.mcu.externaltools.gnu-tools-for-stm32.10.3-2021.10.linux64_1.0.0.202111181127/tools/bin/../lib/gcc/arm-none-eabi/10.3.1/thumb/v7e-m+fp/hard/crti.o
                0x0000000008007ba4                _fini
 .fini          0x0000000008007ba8        0x8 /opt/st/stm32cubeide_1.10.1/plugins/com.st.stm32cube.ide.mcu.externaltools.gnu-tools-for-stm32.10.3-2021.10.linux64_1.0.0.202111181127/tools/bin/../lib/gcc/arm-none-eabi/10.3.1/thumb/v7e-m+fp/hard/crtn.o
                0x0000000008007bb0                . = ALIGN (0x4)
                0x0000000008007bb0                _etext = .

.vfp11_veneer   0x0000000008007bb0        0x0
 .vfp11_veneer  0x0000000008007bb0        0x0 linker stubs

.v4_bx          0x0000000008007bb0        0x0
 .v4_bx         0x0000000008007bb0        0x0 linker stubs

.iplt           0x0000000008007bb0        0x0
 .iplt          0x0000000008007bb0        0x0 /opt/st/stm32cubeide_1.10.1/plugins/com.st.stm32cube.ide.mcu.externaltools.gnu-tools-for-stm32.10.3-2021.10.linux64_1.0.0.202111181127/tools/bin/../lib/gcc/arm-none-eabi/10.3.1/thumb/v7e-m+fp/hard/crtbegin.o

.rodata         0x0000000008007bb0      0x160
                0x0000000008007bb0                . = ALIGN (0x4)
 *(.rodata)
 .rodata        0x0000000008007bb0       0x25 ./Core/Src/freertos.o
 *fill*         0x0000000008007bd5        0x3 
 .rodata        0x0000000008007bd8        0x5 ./Middlewares/Third_Party/FreeRTOS/Source/tasks.o
 *fill*         0x0000000008007bdd        0x3 
 .rodata        0x0000000008007be0        0xd ./Middlewares/Third_Party/FreeRTOS/Source/timers.o
 *(.rodata*)
 *fill*         0x0000000008007bed        0x3 
 .rodata.verticalGreen
                0x0000000008007bf0        0x3 ./Core/Src/crossing_functions.o
 *fill*         0x0000000008007bf3        0x1 
 .rodata.horizontalGreen
                0x0000000008007bf4        0x3 ./Core/Src/crossing_functions.o
 *fill*         0x0000000008007bf7        0x1 
 .rodata.yellowState
                0x0000000008007bf8        0x3 ./Core/Src/crossing_functions.o
 *fill*         0x0000000008007bfb        0x1 
 .rodata.MainTask_attributes
                0x0000000008007bfc       0x24 ./Core/Src/freertos.o
                0x0000000008007bfc                MainTask_attributes
 .rodata.TransmitTask_attributes
                0x0000000008007c20       0x24 ./Core/Src/freertos.o
                0x0000000008007c20                TransmitTask_attributes
 .rodata.BlueLeds_attributes
                0x0000000008007c44       0x24 ./Core/Src/freertos.o
                0x0000000008007c44                BlueLeds_attributes
 .rodata.AHBPrescTable
                0x0000000008007c68       0x10 ./Core/Src/system_stm32l4xx.o
                0x0000000008007c68                AHBPrescTable
 .rodata.APBPrescTable
                0x0000000008007c78        0x8 ./Core/Src/system_stm32l4xx.o
                0x0000000008007c78                APBPrescTable
 .rodata.MSIRangeTable
                0x0000000008007c80       0x30 ./Core/Src/system_stm32l4xx.o
                0x0000000008007c80                MSIRangeTable
 .rodata.__sf_fake_stderr
                0x0000000008007cb0       0x20 /opt/st/stm32cubeide_1.10.1/plugins/com.st.stm32cube.ide.mcu.externaltools.gnu-tools-for-stm32.10.3-2021.10.linux64_1.0.0.202111181127/tools/bin/../lib/gcc/arm-none-eabi/10.3.1/../../../../arm-none-eabi/lib/thumb/v7e-m+fp/hard/libc_nano.a(lib_a-findfp.o)
                0x0000000008007cb0                __sf_fake_stderr
 .rodata.__sf_fake_stdin
                0x0000000008007cd0       0x20 /opt/st/stm32cubeide_1.10.1/plugins/com.st.stm32cube.ide.mcu.externaltools.gnu-tools-for-stm32.10.3-2021.10.linux64_1.0.0.202111181127/tools/bin/../lib/gcc/arm-none-eabi/10.3.1/../../../../arm-none-eabi/lib/thumb/v7e-m+fp/hard/libc_nano.a(lib_a-findfp.o)
                0x0000000008007cd0                __sf_fake_stdin
 .rodata.__sf_fake_stdout
                0x0000000008007cf0       0x20 /opt/st/stm32cubeide_1.10.1/plugins/com.st.stm32cube.ide.mcu.externaltools.gnu-tools-for-stm32.10.3-2021.10.linux64_1.0.0.202111181127/tools/bin/../lib/gcc/arm-none-eabi/10.3.1/../../../../arm-none-eabi/lib/thumb/v7e-m+fp/hard/libc_nano.a(lib_a-findfp.o)
                0x0000000008007cf0                __sf_fake_stdout
                0x0000000008007d10                . = ALIGN (0x4)

.ARM.extab      0x0000000008007d10        0x0
                0x0000000008007d10                . = ALIGN (0x4)
 *(.ARM.extab* .gnu.linkonce.armextab.*)
                0x0000000008007d10                . = ALIGN (0x4)

.ARM            0x0000000008007d10        0x8
                0x0000000008007d10                . = ALIGN (0x4)
                0x0000000008007d10                __exidx_start = .
 *(.ARM.exidx*)
 .ARM.exidx     0x0000000008007d10        0x8 /opt/st/stm32cubeide_1.10.1/plugins/com.st.stm32cube.ide.mcu.externaltools.gnu-tools-for-stm32.10.3-2021.10.linux64_1.0.0.202111181127/tools/bin/../lib/gcc/arm-none-eabi/10.3.1/thumb/v7e-m+fp/hard/libgcc.a(_udivmoddi4.o)
                0x0000000008007d18                __exidx_end = .
                0x0000000008007d18                . = ALIGN (0x4)

.rel.dyn        0x0000000008007d18        0x0
 .rel.iplt      0x0000000008007d18        0x0 /opt/st/stm32cubeide_1.10.1/plugins/com.st.stm32cube.ide.mcu.externaltools.gnu-tools-for-stm32.10.3-2021.10.linux64_1.0.0.202111181127/tools/bin/../lib/gcc/arm-none-eabi/10.3.1/thumb/v7e-m+fp/hard/crtbegin.o

.preinit_array  0x0000000008007d18        0x0
                0x0000000008007d18                . = ALIGN (0x4)
                0x0000000008007d18                PROVIDE (__preinit_array_start = .)
 *(.preinit_array*)
                0x0000000008007d18                PROVIDE (__preinit_array_end = .)
                0x0000000008007d18                . = ALIGN (0x4)

.init_array     0x0000000008007d18        0x4
                0x0000000008007d18                . = ALIGN (0x4)
                0x0000000008007d18                PROVIDE (__init_array_start = .)
 *(SORT_BY_NAME(.init_array.*))
 *(.init_array*)
 .init_array    0x0000000008007d18        0x4 /opt/st/stm32cubeide_1.10.1/plugins/com.st.stm32cube.ide.mcu.externaltools.gnu-tools-for-stm32.10.3-2021.10.linux64_1.0.0.202111181127/tools/bin/../lib/gcc/arm-none-eabi/10.3.1/thumb/v7e-m+fp/hard/crtbegin.o
                0x0000000008007d1c                PROVIDE (__init_array_end = .)
                0x0000000008007d1c                . = ALIGN (0x4)

.fini_array     0x0000000008007d1c        0x4
                0x0000000008007d1c                . = ALIGN (0x4)
                [!provide]                        PROVIDE (__fini_array_start = .)
 *(SORT_BY_NAME(.fini_array.*))
 *(.fini_array*)
 .fini_array    0x0000000008007d1c        0x4 /opt/st/stm32cubeide_1.10.1/plugins/com.st.stm32cube.ide.mcu.externaltools.gnu-tools-for-stm32.10.3-2021.10.linux64_1.0.0.202111181127/tools/bin/../lib/gcc/arm-none-eabi/10.3.1/thumb/v7e-m+fp/hard/crtbegin.o
                [!provide]                        PROVIDE (__fini_array_end = .)
                0x0000000008007d20                . = ALIGN (0x4)
                0x0000000008007d20                _sidata = LOADADDR (.data)

.data           0x0000000020000000       0x7c load address 0x0000000008007d20
                0x0000000020000000                . = ALIGN (0x4)
                0x0000000020000000                _sdata = .
 *(.data)
 *(.data*)
 .data.waitTime
                0x0000000020000000        0x4 ./Core/Src/freertos.o
                0x0000000020000000                waitTime
 .data.specificPin
                0x0000000020000004        0x1 ./Core/Src/freertos.o
                0x0000000020000004                specificPin
 *fill*         0x0000000020000005        0x3 
 .data.SystemCoreClock
                0x0000000020000008        0x4 ./Core/Src/system_stm32l4xx.o
                0x0000000020000008                SystemCoreClock
 .data.uwTickPrio
                0x000000002000000c        0x4 ./Drivers/STM32L4xx_HAL_Driver/Src/stm32l4xx_hal.o
                0x000000002000000c                uwTickPrio
 .data.uwTickFreq
                0x0000000020000010        0x1 ./Drivers/STM32L4xx_HAL_Driver/Src/stm32l4xx_hal.o
                0x0000000020000010                uwTickFreq
 *fill*         0x0000000020000011        0x3 
 .data.uxCriticalNesting
                0x0000000020000014        0x4 ./Middlewares/Third_Party/FreeRTOS/Source/portable/GCC/ARM_CM4F/port.o
 .data._impure_ptr
                0x0000000020000018        0x4 /opt/st/stm32cubeide_1.10.1/plugins/com.st.stm32cube.ide.mcu.externaltools.gnu-tools-for-stm32.10.3-2021.10.linux64_1.0.0.202111181127/tools/bin/../lib/gcc/arm-none-eabi/10.3.1/../../../../arm-none-eabi/lib/thumb/v7e-m+fp/hard/libc_nano.a(lib_a-impure.o)
                0x0000000020000018                _impure_ptr
 .data.impure_data
                0x000000002000001c       0x60 /opt/st/stm32cubeide_1.10.1/plugins/com.st.stm32cube.ide.mcu.externaltools.gnu-tools-for-stm32.10.3-2021.10.linux64_1.0.0.202111181127/tools/bin/../lib/gcc/arm-none-eabi/10.3.1/../../../../arm-none-eabi/lib/thumb/v7e-m+fp/hard/libc_nano.a(lib_a-impure.o)
 *(.RamFunc)
 *(.RamFunc*)
                0x000000002000007c                . = ALIGN (0x4)
                0x000000002000007c                _edata = .

.igot.plt       0x000000002000007c        0x0 load address 0x0000000008007d9c
 .igot.plt      0x000000002000007c        0x0 /opt/st/stm32cubeide_1.10.1/plugins/com.st.stm32cube.ide.mcu.externaltools.gnu-tools-for-stm32.10.3-2021.10.linux64_1.0.0.202111181127/tools/bin/../lib/gcc/arm-none-eabi/10.3.1/thumb/v7e-m+fp/hard/crtbegin.o
                0x000000002000007c                . = ALIGN (0x4)

.bss            0x000000002000007c     0x1b44 load address 0x0000000008007d9c
                0x000000002000007c                _sbss = .
                0x000000002000007c                __bss_start__ = _sbss
 *(.bss)
 .bss           0x000000002000007c       0x1c /opt/st/stm32cubeide_1.10.1/plugins/com.st.stm32cube.ide.mcu.externaltools.gnu-tools-for-stm32.10.3-2021.10.linux64_1.0.0.202111181127/tools/bin/../lib/gcc/arm-none-eabi/10.3.1/thumb/v7e-m+fp/hard/crtbegin.o
 *(.bss*)
 .bss.State     0x0000000020000098        0x1 ./Core/Src/crossing_functions.o
                0x0000000020000098                State
 .bss.NextState
                0x0000000020000099        0x1 ./Core/Src/crossing_functions.o
                0x0000000020000099                NextState
 .bss.carsVertical
                0x000000002000009a        0x1 ./Core/Src/freertos.o
                0x000000002000009a                carsVertical
 .bss.carsHorizontal
                0x000000002000009b        0x1 ./Core/Src/freertos.o
                0x000000002000009b                carsHorizontal
 .bss.greenVertical
                0x000000002000009c        0x1 ./Core/Src/freertos.o
                0x000000002000009c                greenVertical
 .bss.NBtnPressed
                0x000000002000009d        0x1 ./Core/Src/freertos.o
                0x000000002000009d                NBtnPressed
 .bss.SBtnPressed
                0x000000002000009e        0x1 ./Core/Src/freertos.o
                0x000000002000009e                SBtnPressed
 .bss.stayGreen
                0x000000002000009f        0x1 ./Core/Src/freertos.o
                0x000000002000009f                stayGreen
 .bss.NbinarySem
                0x00000000200000a0        0x4 ./Core/Src/freertos.o
                0x00000000200000a0                NbinarySem
 .bss.debugCounter
                0x00000000200000a4        0x4 ./Core/Src/freertos.o
                0x00000000200000a4                debugCounter
 .bss.MainTaskHandle
                0x00000000200000a8        0x4 ./Core/Src/freertos.o
                0x00000000200000a8                MainTaskHandle
 .bss.TransmitTaskHandle
                0x00000000200000ac        0x4 ./Core/Src/freertos.o
                0x00000000200000ac                TransmitTaskHandle
 .bss.BlueLedsHandle
                0x00000000200000b0        0x4 ./Core/Src/freertos.o
                0x00000000200000b0                BlueLedsHandle
 .bss.LedRegister
                0x00000000200000b4        0x3 ./Core/Src/gpio_functions.o
                0x00000000200000b4                LedRegister
 *fill*         0x00000000200000b7        0x1 
 .bss.hspi3     0x00000000200000b8       0x64 ./Core/Src/spi.o
                0x00000000200000b8                hspi3
 .bss.htim1     0x000000002000011c       0x4c ./Core/Src/stm32l4xx_hal_timebase_tim.o
                0x000000002000011c                htim1
 .bss.huart2    0x0000000020000168       0x84 ./Core/Src/usart.o
                0x0000000020000168                huart2
 .bss.uwTick    0x00000000200001ec        0x4 ./Drivers/STM32L4xx_HAL_Driver/Src/stm32l4xx_hal.o
                0x00000000200001ec                uwTick
 .bss.KernelState
                0x00000000200001f0        0x4 ./Middlewares/Third_Party/FreeRTOS/Source/CMSIS_RTOS_V2/cmsis_os2.o
 .bss.Idle_TCB.3
                0x00000000200001f4       0xbc ./Middlewares/Third_Party/FreeRTOS/Source/CMSIS_RTOS_V2/cmsis_os2.o
 .bss.Idle_Stack.2
                0x00000000200002b0      0x200 ./Middlewares/Third_Party/FreeRTOS/Source/CMSIS_RTOS_V2/cmsis_os2.o
 .bss.Timer_TCB.1
                0x00000000200004b0       0xbc ./Middlewares/Third_Party/FreeRTOS/Source/CMSIS_RTOS_V2/cmsis_os2.o
 .bss.Timer_Stack.0
                0x000000002000056c      0x400 ./Middlewares/Third_Party/FreeRTOS/Source/CMSIS_RTOS_V2/cmsis_os2.o
 .bss.xQueueRegistry
                0x000000002000096c       0x40 ./Middlewares/Third_Party/FreeRTOS/Source/queue.o
                0x000000002000096c                xQueueRegistry
 .bss.pxCurrentTCB
                0x00000000200009ac        0x4 ./Middlewares/Third_Party/FreeRTOS/Source/tasks.o
                0x00000000200009ac                pxCurrentTCB
 .bss.pxReadyTasksLists
                0x00000000200009b0      0x460 ./Middlewares/Third_Party/FreeRTOS/Source/tasks.o
 .bss.xDelayedTaskList1
                0x0000000020000e10       0x14 ./Middlewares/Third_Party/FreeRTOS/Source/tasks.o
 .bss.xDelayedTaskList2
                0x0000000020000e24       0x14 ./Middlewares/Third_Party/FreeRTOS/Source/tasks.o
 .bss.pxDelayedTaskList
                0x0000000020000e38        0x4 ./Middlewares/Third_Party/FreeRTOS/Source/tasks.o
 .bss.pxOverflowDelayedTaskList
                0x0000000020000e3c        0x4 ./Middlewares/Third_Party/FreeRTOS/Source/tasks.o
 .bss.xPendingReadyList
                0x0000000020000e40       0x14 ./Middlewares/Third_Party/FreeRTOS/Source/tasks.o
 .bss.xTasksWaitingTermination
                0x0000000020000e54       0x14 ./Middlewares/Third_Party/FreeRTOS/Source/tasks.o
 .bss.uxDeletedTasksWaitingCleanUp
                0x0000000020000e68        0x4 ./Middlewares/Third_Party/FreeRTOS/Source/tasks.o
 .bss.xSuspendedTaskList
                0x0000000020000e6c       0x14 ./Middlewares/Third_Party/FreeRTOS/Source/tasks.o
 .bss.uxCurrentNumberOfTasks
                0x0000000020000e80        0x4 ./Middlewares/Third_Party/FreeRTOS/Source/tasks.o
 .bss.xTickCount
                0x0000000020000e84        0x4 ./Middlewares/Third_Party/FreeRTOS/Source/tasks.o
 .bss.uxTopReadyPriority
                0x0000000020000e88        0x4 ./Middlewares/Third_Party/FreeRTOS/Source/tasks.o
 .bss.xSchedulerRunning
                0x0000000020000e8c        0x4 ./Middlewares/Third_Party/FreeRTOS/Source/tasks.o
 .bss.xPendedTicks
                0x0000000020000e90        0x4 ./Middlewares/Third_Party/FreeRTOS/Source/tasks.o
 .bss.xYieldPending
                0x0000000020000e94        0x4 ./Middlewares/Third_Party/FreeRTOS/Source/tasks.o
 .bss.xNumOfOverflows
                0x0000000020000e98        0x4 ./Middlewares/Third_Party/FreeRTOS/Source/tasks.o
 .bss.uxTaskNumber
                0x0000000020000e9c        0x4 ./Middlewares/Third_Party/FreeRTOS/Source/tasks.o
 .bss.xNextTaskUnblockTime
                0x0000000020000ea0        0x4 ./Middlewares/Third_Party/FreeRTOS/Source/tasks.o
 .bss.xIdleTaskHandle
                0x0000000020000ea4        0x4 ./Middlewares/Third_Party/FreeRTOS/Source/tasks.o
 .bss.uxSchedulerSuspended
                0x0000000020000ea8        0x4 ./Middlewares/Third_Party/FreeRTOS/Source/tasks.o
 .bss.xActiveTimerList1
                0x0000000020000eac       0x14 ./Middlewares/Third_Party/FreeRTOS/Source/timers.o
 .bss.xActiveTimerList2
                0x0000000020000ec0       0x14 ./Middlewares/Third_Party/FreeRTOS/Source/timers.o
 .bss.pxCurrentTimerList
                0x0000000020000ed4        0x4 ./Middlewares/Third_Party/FreeRTOS/Source/timers.o
 .bss.pxOverflowTimerList
                0x0000000020000ed8        0x4 ./Middlewares/Third_Party/FreeRTOS/Source/timers.o
 .bss.xTimerQueue
                0x0000000020000edc        0x4 ./Middlewares/Third_Party/FreeRTOS/Source/timers.o
 .bss.xTimerTaskHandle
                0x0000000020000ee0        0x4 ./Middlewares/Third_Party/FreeRTOS/Source/timers.o
 .bss.xLastTime.2
                0x0000000020000ee4        0x4 ./Middlewares/Third_Party/FreeRTOS/Source/timers.o
 .bss.ucStaticTimerQueueStorage.1
                0x0000000020000ee8       0xa0 ./Middlewares/Third_Party/FreeRTOS/Source/timers.o
 .bss.xStaticTimerQueue.0
                0x0000000020000f88       0x50 ./Middlewares/Third_Party/FreeRTOS/Source/timers.o
 .bss.ucMaxSysCallPriority
                0x0000000020000fd8        0x1 ./Middlewares/Third_Party/FreeRTOS/Source/portable/GCC/ARM_CM4F/port.o
 *fill*         0x0000000020000fd9        0x3 
 .bss.ulMaxPRIGROUPValue
                0x0000000020000fdc        0x4 ./Middlewares/Third_Party/FreeRTOS/Source/portable/GCC/ARM_CM4F/port.o
 .bss.ucHeap    0x0000000020000fe0      0xbb8 ./Middlewares/Third_Party/FreeRTOS/Source/portable/MemMang/heap_4.o
 .bss.xStart    0x0000000020001b98        0x8 ./Middlewares/Third_Party/FreeRTOS/Source/portable/MemMang/heap_4.o
 .bss.pxEnd     0x0000000020001ba0        0x4 ./Middlewares/Third_Party/FreeRTOS/Source/portable/MemMang/heap_4.o
 .bss.xFreeBytesRemaining
                0x0000000020001ba4        0x4 ./Middlewares/Third_Party/FreeRTOS/Source/portable/MemMang/heap_4.o
 .bss.xMinimumEverFreeBytesRemaining
                0x0000000020001ba8        0x4 ./Middlewares/Third_Party/FreeRTOS/Source/portable/MemMang/heap_4.o
 .bss.xNumberOfSuccessfulAllocations
                0x0000000020001bac        0x4 ./Middlewares/Third_Party/FreeRTOS/Source/portable/MemMang/heap_4.o
 .bss.xNumberOfSuccessfulFrees
                0x0000000020001bb0        0x4 ./Middlewares/Third_Party/FreeRTOS/Source/portable/MemMang/heap_4.o
 .bss.xBlockAllocatedBit
                0x0000000020001bb4        0x4 ./Middlewares/Third_Party/FreeRTOS/Source/portable/MemMang/heap_4.o
 .bss.__lock___malloc_recursive_mutex
                0x0000000020001bb8        0x1 /opt/st/stm32cubeide_1.10.1/plugins/com.st.stm32cube.ide.mcu.externaltools.gnu-tools-for-stm32.10.3-2021.10.linux64_1.0.0.202111181127/tools/bin/../lib/gcc/arm-none-eabi/10.3.1/../../../../arm-none-eabi/lib/thumb/v7e-m+fp/hard/libc_nano.a(lib_a-lock.o)
                0x0000000020001bb8                __lock___malloc_recursive_mutex
 *fill*         0x0000000020001bb9        0x3 
 .bss.__malloc_free_list
                0x0000000020001bbc        0x4 /opt/st/stm32cubeide_1.10.1/plugins/com.st.stm32cube.ide.mcu.externaltools.gnu-tools-for-stm32.10.3-2021.10.linux64_1.0.0.202111181127/tools/bin/../lib/gcc/arm-none-eabi/10.3.1/../../../../arm-none-eabi/lib/thumb/v7e-m+fp/hard/libc_nano.a(lib_a-nano-mallocr.o)
                0x0000000020001bbc                __malloc_free_list
 *(COMMON)
                0x0000000020001bc0                . = ALIGN (0x4)
                0x0000000020001bc0                _ebss = .
                0x0000000020001bc0                __bss_end__ = _ebss

._user_heap_stack
                0x0000000020001bc0      0x600 load address 0x0000000008007d9c
                0x0000000020001bc0                . = ALIGN (0x8)
                [!provide]                        PROVIDE (end = .)
                0x0000000020001bc0                PROVIDE (_end = .)
                0x0000000020001dc0                . = (. + _Min_Heap_Size)
 *fill*         0x0000000020001bc0      0x200 
                0x00000000200021c0                . = (. + _Min_Stack_Size)
 *fill*         0x0000000020001dc0      0x400 
                0x00000000200021c0                . = ALIGN (0x8)

/DISCARD/
 libc.a(*)
 libm.a(*)
 libgcc.a(*)

.ARM.attributes
                0x0000000000000000       0x30
 *(.ARM.attributes)
 .ARM.attributes
                0x0000000000000000       0x1e /opt/st/stm32cubeide_1.10.1/plugins/com.st.stm32cube.ide.mcu.externaltools.gnu-tools-for-stm32.10.3-2021.10.linux64_1.0.0.202111181127/tools/bin/../lib/gcc/arm-none-eabi/10.3.1/thumb/v7e-m+fp/hard/crti.o
 .ARM.attributes
                0x000000000000001e       0x34 /opt/st/stm32cubeide_1.10.1/plugins/com.st.stm32cube.ide.mcu.externaltools.gnu-tools-for-stm32.10.3-2021.10.linux64_1.0.0.202111181127/tools/bin/../lib/gcc/arm-none-eabi/10.3.1/thumb/v7e-m+fp/hard/crtbegin.o
 .ARM.attributes
                0x0000000000000052       0x34 ./Core/Src/crossing_functions.o
 .ARM.attributes
                0x0000000000000086       0x34 ./Core/Src/freertos.o
 .ARM.attributes
                0x00000000000000ba       0x34 ./Core/Src/gpio.o
 .ARM.attributes
                0x00000000000000ee       0x34 ./Core/Src/gpio_functions.o
 .ARM.attributes
                0x0000000000000122       0x34 ./Core/Src/main.o
 .ARM.attributes
                0x0000000000000156       0x34 ./Core/Src/spi.o
 .ARM.attributes
                0x000000000000018a       0x34 ./Core/Src/stm32l4xx_hal_msp.o
 .ARM.attributes
                0x00000000000001be       0x34 ./Core/Src/stm32l4xx_hal_timebase_tim.o
 .ARM.attributes
                0x00000000000001f2       0x34 ./Core/Src/stm32l4xx_it.o
 .ARM.attributes
                0x0000000000000226       0x34 ./Core/Src/system_stm32l4xx.o
 .ARM.attributes
                0x000000000000025a       0x34 ./Core/Src/usart.o
 .ARM.attributes
                0x000000000000028e       0x21 ./Core/Startup/startup_stm32l476rgtx.o
 .ARM.attributes
                0x00000000000002af       0x34 ./Drivers/STM32L4xx_HAL_Driver/Src/stm32l4xx_hal.o
 .ARM.attributes
                0x00000000000002e3       0x34 ./Drivers/STM32L4xx_HAL_Driver/Src/stm32l4xx_hal_cortex.o
 .ARM.attributes
                0x0000000000000317       0x34 ./Drivers/STM32L4xx_HAL_Driver/Src/stm32l4xx_hal_gpio.o
 .ARM.attributes
                0x000000000000034b       0x34 ./Drivers/STM32L4xx_HAL_Driver/Src/stm32l4xx_hal_pwr_ex.o
 .ARM.attributes
                0x000000000000037f       0x34 ./Drivers/STM32L4xx_HAL_Driver/Src/stm32l4xx_hal_rcc.o
 .ARM.attributes
                0x00000000000003b3       0x34 ./Drivers/STM32L4xx_HAL_Driver/Src/stm32l4xx_hal_rcc_ex.o
 .ARM.attributes
                0x00000000000003e7       0x34 ./Drivers/STM32L4xx_HAL_Driver/Src/stm32l4xx_hal_spi.o
 .ARM.attributes
                0x000000000000041b       0x34 ./Drivers/STM32L4xx_HAL_Driver/Src/stm32l4xx_hal_tim.o
 .ARM.attributes
                0x000000000000044f       0x34 ./Drivers/STM32L4xx_HAL_Driver/Src/stm32l4xx_hal_tim_ex.o
 .ARM.attributes
                0x0000000000000483       0x34 ./Drivers/STM32L4xx_HAL_Driver/Src/stm32l4xx_hal_uart.o
 .ARM.attributes
                0x00000000000004b7       0x34 ./Middlewares/Third_Party/FreeRTOS/Source/CMSIS_RTOS_V2/cmsis_os2.o
 .ARM.attributes
                0x00000000000004eb       0x34 ./Middlewares/Third_Party/FreeRTOS/Source/list.o
 .ARM.attributes
                0x000000000000051f       0x34 ./Middlewares/Third_Party/FreeRTOS/Source/queue.o
 .ARM.attributes
                0x0000000000000553       0x34 ./Middlewares/Third_Party/FreeRTOS/Source/tasks.o
 .ARM.attributes
                0x0000000000000587       0x34 ./Middlewares/Third_Party/FreeRTOS/Source/timers.o
 .ARM.attributes
                0x00000000000005bb       0x34 ./Middlewares/Third_Party/FreeRTOS/Source/portable/GCC/ARM_CM4F/port.o
 .ARM.attributes
                0x00000000000005ef       0x34 ./Middlewares/Third_Party/FreeRTOS/Source/portable/MemMang/heap_4.o
 .ARM.attributes
                0x0000000000000623       0x34 /opt/st/stm32cubeide_1.10.1/plugins/com.st.stm32cube.ide.mcu.externaltools.gnu-tools-for-stm32.10.3-2021.10.linux64_1.0.0.202111181127/tools/bin/../lib/gcc/arm-none-eabi/10.3.1/../../../../arm-none-eabi/lib/thumb/v7e-m+fp/hard/libc_nano.a(lib_a-findfp.o)
 .ARM.attributes
                0x0000000000000657       0x34 /opt/st/stm32cubeide_1.10.1/plugins/com.st.stm32cube.ide.mcu.externaltools.gnu-tools-for-stm32.10.3-2021.10.linux64_1.0.0.202111181127/tools/bin/../lib/gcc/arm-none-eabi/10.3.1/../../../../arm-none-eabi/lib/thumb/v7e-m+fp/hard/libc_nano.a(lib_a-impure.o)
 .ARM.attributes
                0x000000000000068b       0x34 /opt/st/stm32cubeide_1.10.1/plugins/com.st.stm32cube.ide.mcu.externaltools.gnu-tools-for-stm32.10.3-2021.10.linux64_1.0.0.202111181127/tools/bin/../lib/gcc/arm-none-eabi/10.3.1/../../../../arm-none-eabi/lib/thumb/v7e-m+fp/hard/libc_nano.a(lib_a-init.o)
 .ARM.attributes
                0x00000000000006bf       0x34 /opt/st/stm32cubeide_1.10.1/plugins/com.st.stm32cube.ide.mcu.externaltools.gnu-tools-for-stm32.10.3-2021.10.linux64_1.0.0.202111181127/tools/bin/../lib/gcc/arm-none-eabi/10.3.1/../../../../arm-none-eabi/lib/thumb/v7e-m+fp/hard/libc_nano.a(lib_a-lock.o)
 .ARM.attributes
                0x00000000000006f3       0x34 /opt/st/stm32cubeide_1.10.1/plugins/com.st.stm32cube.ide.mcu.externaltools.gnu-tools-for-stm32.10.3-2021.10.linux64_1.0.0.202111181127/tools/bin/../lib/gcc/arm-none-eabi/10.3.1/../../../../arm-none-eabi/lib/thumb/v7e-m+fp/hard/libc_nano.a(lib_a-memcpy-stub.o)
 .ARM.attributes
                0x0000000000000727       0x34 /opt/st/stm32cubeide_1.10.1/plugins/com.st.stm32cube.ide.mcu.externaltools.gnu-tools-for-stm32.10.3-2021.10.linux64_1.0.0.202111181127/tools/bin/../lib/gcc/arm-none-eabi/10.3.1/../../../../arm-none-eabi/lib/thumb/v7e-m+fp/hard/libc_nano.a(lib_a-memset.o)
 .ARM.attributes
                0x000000000000075b       0x34 /opt/st/stm32cubeide_1.10.1/plugins/com.st.stm32cube.ide.mcu.externaltools.gnu-tools-for-stm32.10.3-2021.10.linux64_1.0.0.202111181127/tools/bin/../lib/gcc/arm-none-eabi/10.3.1/../../../../arm-none-eabi/lib/thumb/v7e-m+fp/hard/libc_nano.a(lib_a-nano-mallocr.o)
 .ARM.attributes
                0x000000000000078f       0x34 /opt/st/stm32cubeide_1.10.1/plugins/com.st.stm32cube.ide.mcu.externaltools.gnu-tools-for-stm32.10.3-2021.10.linux64_1.0.0.202111181127/tools/bin/../lib/gcc/arm-none-eabi/10.3.1/../../../../arm-none-eabi/lib/thumb/v7e-m+fp/hard/libc_nano.a(lib_a-reent.o)
 .ARM.attributes
                0x00000000000007c3       0x34 /opt/st/stm32cubeide_1.10.1/plugins/com.st.stm32cube.ide.mcu.externaltools.gnu-tools-for-stm32.10.3-2021.10.linux64_1.0.0.202111181127/tools/bin/../lib/gcc/arm-none-eabi/10.3.1/../../../../arm-none-eabi/lib/thumb/v7e-m+fp/hard/libc_nano.a(lib_a-mlock.o)
 .ARM.attributes
                0x00000000000007f7       0x34 /opt/st/stm32cubeide_1.10.1/plugins/com.st.stm32cube.ide.mcu.externaltools.gnu-tools-for-stm32.10.3-2021.10.linux64_1.0.0.202111181127/tools/bin/../lib/gcc/arm-none-eabi/10.3.1/../../../../arm-none-eabi/lib/thumb/v7e-m+fp/hard/libc_nano.a(lib_a-nano-freer.o)
 .ARM.attributes
                0x000000000000082b       0x1e /opt/st/stm32cubeide_1.10.1/plugins/com.st.stm32cube.ide.mcu.externaltools.gnu-tools-for-stm32.10.3-2021.10.linux64_1.0.0.202111181127/tools/bin/../lib/gcc/arm-none-eabi/10.3.1/thumb/v7e-m+fp/hard/libgcc.a(_aeabi_uldivmod.o)
 .ARM.attributes
                0x0000000000000849       0x34 /opt/st/stm32cubeide_1.10.1/plugins/com.st.stm32cube.ide.mcu.externaltools.gnu-tools-for-stm32.10.3-2021.10.linux64_1.0.0.202111181127/tools/bin/../lib/gcc/arm-none-eabi/10.3.1/thumb/v7e-m+fp/hard/libgcc.a(_udivmoddi4.o)
 .ARM.attributes
                0x000000000000087d       0x1e /opt/st/stm32cubeide_1.10.1/plugins/com.st.stm32cube.ide.mcu.externaltools.gnu-tools-for-stm32.10.3-2021.10.linux64_1.0.0.202111181127/tools/bin/../lib/gcc/arm-none-eabi/10.3.1/thumb/v7e-m+fp/hard/libgcc.a(_dvmd_tls.o)
 .ARM.attributes
                0x000000000000089b       0x1e /opt/st/stm32cubeide_1.10.1/plugins/com.st.stm32cube.ide.mcu.externaltools.gnu-tools-for-stm32.10.3-2021.10.linux64_1.0.0.202111181127/tools/bin/../lib/gcc/arm-none-eabi/10.3.1/thumb/v7e-m+fp/hard/crtn.o
OUTPUT(Crossroad_RTOS.elf elf32-littlearm)
LOAD linker stubs
LOAD /opt/st/stm32cubeide_1.10.1/plugins/com.st.stm32cube.ide.mcu.externaltools.gnu-tools-for-stm32.10.3-2021.10.linux64_1.0.0.202111181127/tools/bin/../lib/gcc/arm-none-eabi/10.3.1/../../../../arm-none-eabi/lib/thumb/v7e-m+fp/hard/libc.a
LOAD /opt/st/stm32cubeide_1.10.1/plugins/com.st.stm32cube.ide.mcu.externaltools.gnu-tools-for-stm32.10.3-2021.10.linux64_1.0.0.202111181127/tools/bin/../lib/gcc/arm-none-eabi/10.3.1/../../../../arm-none-eabi/lib/thumb/v7e-m+fp/hard/libm.a
LOAD /opt/st/stm32cubeide_1.10.1/plugins/com.st.stm32cube.ide.mcu.externaltools.gnu-tools-for-stm32.10.3-2021.10.linux64_1.0.0.202111181127/tools/bin/../lib/gcc/arm-none-eabi/10.3.1/thumb/v7e-m+fp/hard/libgcc.a

.debug_info     0x0000000000000000    0x1f523
 .debug_info    0x0000000000000000      0x4f7 ./Core/Src/crossing_functions.o
 .debug_info    0x00000000000004f7      0x7f9 ./Core/Src/freertos.o
 .debug_info    0x0000000000000cf0      0x756 ./Core/Src/gpio.o
 .debug_info    0x0000000000001446      0x933 ./Core/Src/gpio_functions.o
 .debug_info    0x0000000000001d79      0xa2e ./Core/Src/main.o
 .debug_info    0x00000000000027a7      0xa56 ./Core/Src/spi.o
 .debug_info    0x00000000000031fd      0x55c ./Core/Src/stm32l4xx_hal_msp.o
 .debug_info    0x0000000000003759      0xcd0 ./Core/Src/stm32l4xx_hal_timebase_tim.o
 .debug_info    0x0000000000004429      0x786 ./Core/Src/stm32l4xx_it.o
 .debug_info    0x0000000000004baf      0x5c6 ./Core/Src/system_stm32l4xx.o
 .debug_info    0x0000000000005175      0xd51 ./Core/Src/usart.o
 .debug_info    0x0000000000005ec6       0x22 ./Core/Startup/startup_stm32l476rgtx.o
 .debug_info    0x0000000000005ee8      0xc57 ./Drivers/STM32L4xx_HAL_Driver/Src/stm32l4xx_hal.o
 .debug_info    0x0000000000006b3f      0xe21 ./Drivers/STM32L4xx_HAL_Driver/Src/stm32l4xx_hal_cortex.o
 .debug_info    0x0000000000007960      0x821 ./Drivers/STM32L4xx_HAL_Driver/Src/stm32l4xx_hal_gpio.o
 .debug_info    0x0000000000008181      0x9f0 ./Drivers/STM32L4xx_HAL_Driver/Src/stm32l4xx_hal_pwr_ex.o
 .debug_info    0x0000000000008b71      0xced ./Drivers/STM32L4xx_HAL_Driver/Src/stm32l4xx_hal_rcc.o
 .debug_info    0x000000000000985e      0xe92 ./Drivers/STM32L4xx_HAL_Driver/Src/stm32l4xx_hal_rcc_ex.o
 .debug_info    0x000000000000a6f0     0x1782 ./Drivers/STM32L4xx_HAL_Driver/Src/stm32l4xx_hal_spi.o
 .debug_info    0x000000000000be72     0x2d04 ./Drivers/STM32L4xx_HAL_Driver/Src/stm32l4xx_hal_tim.o
 .debug_info    0x000000000000eb76     0x17eb ./Drivers/STM32L4xx_HAL_Driver/Src/stm32l4xx_hal_tim_ex.o
 .debug_info    0x0000000000010361     0x3d0e ./Drivers/STM32L4xx_HAL_Driver/Src/stm32l4xx_hal_uart.o
 .debug_info    0x000000000001406f     0x4349 ./Middlewares/Third_Party/FreeRTOS/Source/CMSIS_RTOS_V2/cmsis_os2.o
 .debug_info    0x00000000000183b8      0x2d1 ./Middlewares/Third_Party/FreeRTOS/Source/list.o
 .debug_info    0x0000000000018689     0x1cbf ./Middlewares/Third_Party/FreeRTOS/Source/queue.o
 .debug_info    0x000000000001a348     0x2b40 ./Middlewares/Third_Party/FreeRTOS/Source/tasks.o
 .debug_info    0x000000000001ce88     0x1c89 ./Middlewares/Third_Party/FreeRTOS/Source/timers.o
 .debug_info    0x000000000001eb11      0x507 ./Middlewares/Third_Party/FreeRTOS/Source/portable/GCC/ARM_CM4F/port.o
 .debug_info    0x000000000001f018      0x50b ./Middlewares/Third_Party/FreeRTOS/Source/portable/MemMang/heap_4.o

.debug_abbrev   0x0000000000000000     0x40c5
 .debug_abbrev  0x0000000000000000      0x1c8 ./Core/Src/crossing_functions.o
 .debug_abbrev  0x00000000000001c8      0x21b ./Core/Src/freertos.o
 .debug_abbrev  0x00000000000003e3      0x14f ./Core/Src/gpio.o
 .debug_abbrev  0x0000000000000532      0x273 ./Core/Src/gpio_functions.o
 .debug_abbrev  0x00000000000007a5      0x229 ./Core/Src/main.o
 .debug_abbrev  0x00000000000009ce      0x1e0 ./Core/Src/spi.o
 .debug_abbrev  0x0000000000000bae      0x103 ./Core/Src/stm32l4xx_hal_msp.o
 .debug_abbrev  0x0000000000000cb1      0x1e6 ./Core/Src/stm32l4xx_hal_timebase_tim.o
 .debug_abbrev  0x0000000000000e97      0x171 ./Core/Src/stm32l4xx_it.o
 .debug_abbrev  0x0000000000001008      0x116 ./Core/Src/system_stm32l4xx.o
 .debug_abbrev  0x000000000000111e      0x1e7 ./Core/Src/usart.o
 .debug_abbrev  0x0000000000001305       0x12 ./Core/Startup/startup_stm32l476rgtx.o
 .debug_abbrev  0x0000000000001317      0x23a ./Drivers/STM32L4xx_HAL_Driver/Src/stm32l4xx_hal.o
 .debug_abbrev  0x0000000000001551      0x316 ./Drivers/STM32L4xx_HAL_Driver/Src/stm32l4xx_hal_cortex.o
 .debug_abbrev  0x0000000000001867      0x1bb ./Drivers/STM32L4xx_HAL_Driver/Src/stm32l4xx_hal_gpio.o
 .debug_abbrev  0x0000000000001a22      0x1f3 ./Drivers/STM32L4xx_HAL_Driver/Src/stm32l4xx_hal_pwr_ex.o
 .debug_abbrev  0x0000000000001c15      0x2bd ./Drivers/STM32L4xx_HAL_Driver/Src/stm32l4xx_hal_rcc.o
 .debug_abbrev  0x0000000000001ed2      0x299 ./Drivers/STM32L4xx_HAL_Driver/Src/stm32l4xx_hal_rcc_ex.o
 .debug_abbrev  0x000000000000216b      0x254 ./Drivers/STM32L4xx_HAL_Driver/Src/stm32l4xx_hal_spi.o
 .debug_abbrev  0x00000000000023bf      0x264 ./Drivers/STM32L4xx_HAL_Driver/Src/stm32l4xx_hal_tim.o
 .debug_abbrev  0x0000000000002623      0x26c ./Drivers/STM32L4xx_HAL_Driver/Src/stm32l4xx_hal_tim_ex.o
 .debug_abbrev  0x000000000000288f      0x2bc ./Drivers/STM32L4xx_HAL_Driver/Src/stm32l4xx_hal_uart.o
 .debug_abbrev  0x0000000000002b4b      0x529 ./Middlewares/Third_Party/FreeRTOS/Source/CMSIS_RTOS_V2/cmsis_os2.o
 .debug_abbrev  0x0000000000003074       0xf2 ./Middlewares/Third_Party/FreeRTOS/Source/list.o
 .debug_abbrev  0x0000000000003166      0x3a1 ./Middlewares/Third_Party/FreeRTOS/Source/queue.o
 .debug_abbrev  0x0000000000003507      0x3f3 ./Middlewares/Third_Party/FreeRTOS/Source/tasks.o
 .debug_abbrev  0x00000000000038fa      0x360 ./Middlewares/Third_Party/FreeRTOS/Source/timers.o
 .debug_abbrev  0x0000000000003c5a      0x259 ./Middlewares/Third_Party/FreeRTOS/Source/portable/GCC/ARM_CM4F/port.o
 .debug_abbrev  0x0000000000003eb3      0x212 ./Middlewares/Third_Party/FreeRTOS/Source/portable/MemMang/heap_4.o

.debug_aranges  0x0000000000000000     0x1968
 .debug_aranges
                0x0000000000000000       0x50 ./Core/Src/crossing_functions.o
 .debug_aranges
                0x0000000000000050       0x38 ./Core/Src/freertos.o
 .debug_aranges
                0x0000000000000088       0x20 ./Core/Src/gpio.o
 .debug_aranges
                0x00000000000000a8       0x58 ./Core/Src/gpio_functions.o
 .debug_aranges
                0x0000000000000100       0x38 ./Core/Src/main.o
 .debug_aranges
                0x0000000000000138       0x30 ./Core/Src/spi.o
 .debug_aranges
                0x0000000000000168       0x20 ./Core/Src/stm32l4xx_hal_msp.o
 .debug_aranges
                0x0000000000000188       0x30 ./Core/Src/stm32l4xx_hal_timebase_tim.o
 .debug_aranges
                0x00000000000001b8       0x68 ./Core/Src/stm32l4xx_it.o
 .debug_aranges
                0x0000000000000220       0x28 ./Core/Src/system_stm32l4xx.o
 .debug_aranges
                0x0000000000000248       0x30 ./Core/Src/usart.o
 .debug_aranges
                0x0000000000000278       0x28 ./Core/Startup/startup_stm32l476rgtx.o
 .debug_aranges
                0x00000000000002a0      0x130 ./Drivers/STM32L4xx_HAL_Driver/Src/stm32l4xx_hal.o
 .debug_aranges
                0x00000000000003d0      0x118 ./Drivers/STM32L4xx_HAL_Driver/Src/stm32l4xx_hal_cortex.o
 .debug_aranges
                0x00000000000004e8       0x58 ./Drivers/STM32L4xx_HAL_Driver/Src/stm32l4xx_hal_gpio.o
 .debug_aranges
                0x0000000000000540      0x160 ./Drivers/STM32L4xx_HAL_Driver/Src/stm32l4xx_hal_pwr_ex.o
 .debug_aranges
                0x00000000000006a0       0x90 ./Drivers/STM32L4xx_HAL_Driver/Src/stm32l4xx_hal_rcc.o
 .debug_aranges
                0x0000000000000730       0xc0 ./Drivers/STM32L4xx_HAL_Driver/Src/stm32l4xx_hal_rcc_ex.o
 .debug_aranges
                0x00000000000007f0      0x1d8 ./Drivers/STM32L4xx_HAL_Driver/Src/stm32l4xx_hal_spi.o
 .debug_aranges
                0x00000000000009c8      0x3e0 ./Drivers/STM32L4xx_HAL_Driver/Src/stm32l4xx_hal_tim.o
 .debug_aranges
                0x0000000000000da8      0x180 ./Drivers/STM32L4xx_HAL_Driver/Src/stm32l4xx_hal_tim_ex.o
 .debug_aranges
                0x0000000000000f28      0x228 ./Drivers/STM32L4xx_HAL_Driver/Src/stm32l4xx_hal_uart.o
 .debug_aranges
                0x0000000000001150      0x2b0 ./Middlewares/Third_Party/FreeRTOS/Source/CMSIS_RTOS_V2/cmsis_os2.o
 .debug_aranges
                0x0000000000001400       0x40 ./Middlewares/Third_Party/FreeRTOS/Source/list.o
 .debug_aranges
                0x0000000000001440      0x158 ./Middlewares/Third_Party/FreeRTOS/Source/queue.o
 .debug_aranges
                0x0000000000001598      0x208 ./Middlewares/Third_Party/FreeRTOS/Source/tasks.o
 .debug_aranges
                0x00000000000017a0       0xf0 ./Middlewares/Third_Party/FreeRTOS/Source/timers.o
 .debug_aranges
                0x0000000000001890       0x80 ./Middlewares/Third_Party/FreeRTOS/Source/portable/GCC/ARM_CM4F/port.o
 .debug_aranges
                0x0000000000001910       0x58 ./Middlewares/Third_Party/FreeRTOS/Source/portable/MemMang/heap_4.o

.debug_ranges   0x0000000000000000     0x17d0
 .debug_ranges  0x0000000000000000       0x40 ./Core/Src/crossing_functions.o
 .debug_ranges  0x0000000000000040       0x28 ./Core/Src/freertos.o
 .debug_ranges  0x0000000000000068       0x10 ./Core/Src/gpio.o
 .debug_ranges  0x0000000000000078       0x48 ./Core/Src/gpio_functions.o
 .debug_ranges  0x00000000000000c0       0x28 ./Core/Src/main.o
 .debug_ranges  0x00000000000000e8       0x20 ./Core/Src/spi.o
 .debug_ranges  0x0000000000000108       0x10 ./Core/Src/stm32l4xx_hal_msp.o
 .debug_ranges  0x0000000000000118       0x20 ./Core/Src/stm32l4xx_hal_timebase_tim.o
 .debug_ranges  0x0000000000000138       0x58 ./Core/Src/stm32l4xx_it.o
 .debug_ranges  0x0000000000000190       0x18 ./Core/Src/system_stm32l4xx.o
 .debug_ranges  0x00000000000001a8       0x20 ./Core/Src/usart.o
 .debug_ranges  0x00000000000001c8       0x20 ./Core/Startup/startup_stm32l476rgtx.o
 .debug_ranges  0x00000000000001e8      0x120 ./Drivers/STM32L4xx_HAL_Driver/Src/stm32l4xx_hal.o
 .debug_ranges  0x0000000000000308      0x108 ./Drivers/STM32L4xx_HAL_Driver/Src/stm32l4xx_hal_cortex.o
 .debug_ranges  0x0000000000000410       0x48 ./Drivers/STM32L4xx_HAL_Driver/Src/stm32l4xx_hal_gpio.o
 .debug_ranges  0x0000000000000458      0x150 ./Drivers/STM32L4xx_HAL_Driver/Src/stm32l4xx_hal_pwr_ex.o
 .debug_ranges  0x00000000000005a8       0x80 ./Drivers/STM32L4xx_HAL_Driver/Src/stm32l4xx_hal_rcc.o
 .debug_ranges  0x0000000000000628       0xb0 ./Drivers/STM32L4xx_HAL_Driver/Src/stm32l4xx_hal_rcc_ex.o
 .debug_ranges  0x00000000000006d8      0x1c8 ./Drivers/STM32L4xx_HAL_Driver/Src/stm32l4xx_hal_spi.o
 .debug_ranges  0x00000000000008a0      0x3d0 ./Drivers/STM32L4xx_HAL_Driver/Src/stm32l4xx_hal_tim.o
 .debug_ranges  0x0000000000000c70      0x170 ./Drivers/STM32L4xx_HAL_Driver/Src/stm32l4xx_hal_tim_ex.o
 .debug_ranges  0x0000000000000de0      0x248 ./Drivers/STM32L4xx_HAL_Driver/Src/stm32l4xx_hal_uart.o
 .debug_ranges  0x0000000000001028      0x2a0 ./Middlewares/Third_Party/FreeRTOS/Source/CMSIS_RTOS_V2/cmsis_os2.o
 .debug_ranges  0x00000000000012c8       0x30 ./Middlewares/Third_Party/FreeRTOS/Source/list.o
 .debug_ranges  0x00000000000012f8      0x148 ./Middlewares/Third_Party/FreeRTOS/Source/queue.o
 .debug_ranges  0x0000000000001440      0x1f8 ./Middlewares/Third_Party/FreeRTOS/Source/tasks.o
 .debug_ranges  0x0000000000001638       0xe0 ./Middlewares/Third_Party/FreeRTOS/Source/timers.o
 .debug_ranges  0x0000000000001718       0x70 ./Middlewares/Third_Party/FreeRTOS/Source/portable/GCC/ARM_CM4F/port.o
 .debug_ranges  0x0000000000001788       0x48 ./Middlewares/Third_Party/FreeRTOS/Source/portable/MemMang/heap_4.o

.debug_macro    0x0000000000000000    0x2a0b9
 .debug_macro   0x0000000000000000      0x346 ./Core/Src/crossing_functions.o
 .debug_macro   0x0000000000000346      0xa78 ./Core/Src/crossing_functions.o
 .debug_macro   0x0000000000000dbe      0x174 ./Core/Src/crossing_functions.o
 .debug_macro   0x0000000000000f32       0x22 ./Core/Src/crossing_functions.o
 .debug_macro   0x0000000000000f54       0x8e ./Core/Src/crossing_functions.o
 .debug_macro   0x0000000000000fe2       0x51 ./Core/Src/crossing_functions.o
 .debug_macro   0x0000000000001033      0x103 ./Core/Src/crossing_functions.o
 .debug_macro   0x0000000000001136       0x6a ./Core/Src/crossing_functions.o
 .debug_macro   0x00000000000011a0      0x1df ./Core/Src/crossing_functions.o
 .debug_macro   0x000000000000137f      0x16f ./Core/Src/crossing_functions.o
 .debug_macro   0x00000000000014ee      0x15a ./Core/Src/crossing_functions.o
 .debug_macro   0x0000000000001648       0xc9 ./Core/Src/crossing_functions.o
 .debug_macro   0x0000000000001711       0x1c ./Core/Src/crossing_functions.o
 .debug_macro   0x000000000000172d       0x26 ./Core/Src/crossing_functions.o
 .debug_macro   0x0000000000001753       0x52 ./Core/Src/crossing_functions.o
 .debug_macro   0x00000000000017a5       0x1e ./Core/Src/crossing_functions.o
 .debug_macro   0x00000000000017c3       0x3c ./Core/Src/crossing_functions.o
 .debug_macro   0x00000000000017ff       0x34 ./Core/Src/crossing_functions.o
 .debug_macro   0x0000000000001833       0x16 ./Core/Src/crossing_functions.o
 .debug_macro   0x0000000000001849       0x43 ./Core/Src/crossing_functions.o
 .debug_macro   0x000000000000188c       0x34 ./Core/Src/crossing_functions.o
 .debug_macro   0x00000000000018c0       0x10 ./Core/Src/crossing_functions.o
 .debug_macro   0x00000000000018d0       0x58 ./Core/Src/crossing_functions.o
 .debug_macro   0x0000000000001928       0x71 ./Core/Src/crossing_functions.o
 .debug_macro   0x0000000000001999       0x1c ./Core/Src/crossing_functions.o
 .debug_macro   0x00000000000019b5      0x12a ./Core/Src/crossing_functions.o
 .debug_macro   0x0000000000001adf       0x10 ./Core/Src/crossing_functions.o
 .debug_macro   0x0000000000001aef       0x35 ./Core/Src/crossing_functions.o
 .debug_macro   0x0000000000001b24      0x4bf ./Core/Src/crossing_functions.o
 .debug_macro   0x0000000000001fe3       0x22 ./Core/Src/crossing_functions.o
 .debug_macro   0x0000000000002005      0x1b3 ./Core/Src/crossing_functions.o
 .debug_macro   0x00000000000021b8       0x2e ./Core/Src/crossing_functions.o
 .debug_macro   0x00000000000021e6       0x28 ./Core/Src/crossing_functions.o
 .debug_macro   0x000000000000220e       0x1c ./Core/Src/crossing_functions.o
 .debug_macro   0x000000000000222a       0x22 ./Core/Src/crossing_functions.o
 .debug_macro   0x000000000000224c       0xfb ./Core/Src/crossing_functions.o
 .debug_macro   0x0000000000002347     0x1011 ./Core/Src/crossing_functions.o
 .debug_macro   0x0000000000003358      0x11f ./Core/Src/crossing_functions.o
 .debug_macro   0x0000000000003477    0x1a17a ./Core/Src/crossing_functions.o
 .debug_macro   0x000000000001d5f1       0x6d ./Core/Src/crossing_functions.o
 .debug_macro   0x000000000001d65e     0x38e6 ./Core/Src/crossing_functions.o
 .debug_macro   0x0000000000020f44       0x5c ./Core/Src/crossing_functions.o
 .debug_macro   0x0000000000020fa0     0x159e ./Core/Src/crossing_functions.o
 .debug_macro   0x000000000002253e      0x5a5 ./Core/Src/crossing_functions.o
 .debug_macro   0x0000000000022ae3      0x1b9 ./Core/Src/crossing_functions.o
 .debug_macro   0x0000000000022c9c      0x18b ./Core/Src/crossing_functions.o
 .debug_macro   0x0000000000022e27      0x26b ./Core/Src/crossing_functions.o
 .debug_macro   0x0000000000023092      0x23d ./Core/Src/crossing_functions.o
 .debug_macro   0x00000000000232cf      0x241 ./Core/Src/crossing_functions.o
 .debug_macro   0x0000000000023510      0x37c ./Core/Src/crossing_functions.o
 .debug_macro   0x000000000002388c       0xd6 ./Core/Src/crossing_functions.o
 .debug_macro   0x0000000000023962      0x22c ./Core/Src/crossing_functions.o
 .debug_macro   0x0000000000023b8e       0x61 ./Core/Src/crossing_functions.o
 .debug_macro   0x0000000000023bef       0xa5 ./Core/Src/crossing_functions.o
 .debug_macro   0x0000000000023c94      0x122 ./Core/Src/crossing_functions.o
 .debug_macro   0x0000000000023db6      0x3ef ./Core/Src/crossing_functions.o
 .debug_macro   0x00000000000241a5      0x2fe ./Core/Src/crossing_functions.o
 .debug_macro   0x00000000000244a3      0xa91 ./Core/Src/crossing_functions.o