Archive member included to satisfy reference by file (symbol)

/opt/st/stm32cubeide_1.10.1/plugins/com.st.stm32cube.ide.mcu.externaltools.gnu-tools-for-stm32.10.3-2021.10.linux64_1.0.0.202111181127/tools/bin/../lib/gcc/arm-none-eabi/10.3.1/../../../../arm-none-eabi/lib/thumb/v7e-m+fp/hard/libc_nano.a(lib_a-errno.o)
                              ./Core/Src/syscalls.o (__errno)
/opt/st/stm32cubeide_1.10.1/plugins/com.st.stm32cube.ide.mcu.externaltools.gnu-tools-for-stm32.10.3-2021.10.linux64_1.0.0.202111181127/tools/bin/../lib/gcc/arm-none-eabi/10.3.1/../../../../arm-none-eabi/lib/thumb/v7e-m+fp/hard/libc_nano.a(lib_a-exit.o)
                              /opt/st/stm32cubeide_1.10.1/plugins/com.st.stm32cube.ide.mcu.externaltools.gnu-tools-for-stm32.10.3-2021.10.linux64_1.0.0.202111181127/tools/bin/../lib/gcc/arm-none-eabi/10.3.1/../../../../arm-none-eabi/lib/thumb/v7e-m+fp/hard/crt0.o (exit)
/opt/st/stm32cubeide_1.10.1/plugins/com.st.stm32cube.ide.mcu.externaltools.gnu-tools-for-stm32.10.3-2021.10.linux64_1.0.0.202111181127/tools/bin/../lib/gcc/arm-none-eabi/10.3.1/../../../../arm-none-eabi/lib/thumb/v7e-m+fp/hard/libc_nano.a(lib_a-impure.o)
                              /opt/st/stm32cubeide_1.10.1/plugins/com.st.stm32cube.ide.mcu.externaltools.gnu-tools-for-stm32.10.3-2021.10.linux64_1.0.0.202111181127/tools/bin/../lib/gcc/arm-none-eabi/10.3.1/../../../../arm-none-eabi/lib/thumb/v7e-m+fp/hard/libc_nano.a(lib_a-exit.o) (_global_impure_ptr)
/opt/st/stm32cubeide_1.10.1/plugins/com.st.stm32cube.ide.mcu.externaltools.gnu-tools-for-stm32.10.3-2021.10.linux64_1.0.0.202111181127/tools/bin/../lib/gcc/arm-none-eabi/10.3.1/../../../../arm-none-eabi/lib/thumb/v7e-m+fp/hard/libc_nano.a(lib_a-init.o)
                              /opt/st/stm32cubeide_1.10.1/plugins/com.st.stm32cube.ide.mcu.externaltools.gnu-tools-for-stm32.10.3-2021.10.linux64_1.0.0.202111181127/tools/bin/../lib/gcc/arm-none-eabi/10.3.1/../../../../arm-none-eabi/lib/thumb/v7e-m+fp/hard/crt0.o (__libc_init_array)
/opt/st/stm32cubeide_1.10.1/plugins/com.st.stm32cube.ide.mcu.externaltools.gnu-tools-for-stm32.10.3-2021.10.linux64_1.0.0.202111181127/tools/bin/../lib/gcc/arm-none-eabi/10.3.1/../../../../arm-none-eabi/lib/thumb/v7e-m+fp/hard/libc_nano.a(lib_a-memset.o)
                              /opt/st/stm32cubeide_1.10.1/plugins/com.st.stm32cube.ide.mcu.externaltools.gnu-tools-for-stm32.10.3-2021.10.linux64_1.0.0.202111181127/tools/bin/../lib/gcc/arm-none-eabi/10.3.1/../../../../arm-none-eabi/lib/thumb/v7e-m+fp/hard/crt0.o (memset)
/opt/st/stm32cubeide_1.10.1/plugins/com.st.stm32cube.ide.mcu.externaltools.gnu-tools-for-stm32.10.3-2021.10.linux64_1.0.0.202111181127/tools/bin/../lib/gcc/arm-none-eabi/10.3.1/thumb/v7e-m+fp/hard/libgcc.a(_aeabi_uldivmod.o)
                              ./Drivers/STM32L4xx_HAL_Driver/Src/stm32l4xx_hal_uart.o (__aeabi_uldivmod)
/opt/st/stm32cubeide_1.10.1/plugins/com.st.stm32cube.ide.mcu.externaltools.gnu-tools-for-stm32.10.3-2021.10.linux64_1.0.0.202111181127/tools/bin/../lib/gcc/arm-none-eabi/10.3.1/thumb/v7e-m+fp/hard/libgcc.a(_udivmoddi4.o)
                              /opt/st/stm32cubeide_1.10.1/plugins/com.st.stm32cube.ide.mcu.externaltools.gnu-tools-for-stm32.10.3-2021.10.linux64_1.0.0.202111181127/tools/bin/../lib/gcc/arm-none-eabi/10.3.1/thumb/v7e-m+fp/hard/libgcc.a(_aeabi_uldivmod.o) (__udivmoddi4)
/opt/st/stm32cubeide_1.10.1/plugins/com.st.stm32cube.ide.mcu.externaltools.gnu-tools-for-stm32.10.3-2021.10.linux64_1.0.0.202111181127/tools/bin/../lib/gcc/arm-none-eabi/10.3.1/thumb/v7e-m+fp/hard/libgcc.a(_dvmd_tls.o)
                              /opt/st/stm32cubeide_1.10.1/plugins/com.st.stm32cube.ide.mcu.externaltools.gnu-tools-for-stm32.10.3-2021.10.linux64_1.0.0.202111181127/tools/bin/../lib/gcc/arm-none-eabi/10.3.1/thumb/v7e-m+fp/hard/libgcc.a(_aeabi_uldivmod.o) (__aeabi_ldiv0)

Discarded input sections

 .text          0x0000000000000000        0x0 /opt/st/stm32cubeide_1.10.1/plugins/com.st.stm32cube.ide.mcu.externaltools.gnu-tools-for-stm32.10.3-2021.10.linux64_1.0.0.202111181127/tools/bin/../lib/gcc/arm-none-eabi/10.3.1/thumb/v7e-m+fp/hard/crti.o
 .data          0x0000000000000000        0x0 /opt/st/stm32cubeide_1.10.1/plugins/com.st.stm32cube.ide.mcu.externaltools.gnu-tools-for-stm32.10.3-2021.10.linux64_1.0.0.202111181127/tools/bin/../lib/gcc/arm-none-eabi/10.3.1/thumb/v7e-m+fp/hard/crti.o
 .bss           0x0000000000000000        0x0 /opt/st/stm32cubeide_1.10.1/plugins/com.st.stm32cube.ide.mcu.externaltools.gnu-tools-for-stm32.10.3-2021.10.linux64_1.0.0.202111181127/tools/bin/../lib/gcc/arm-none-eabi/10.3.1/thumb/v7e-m+fp/hard/crti.o
 .data          0x0000000000000000        0x4 /opt/st/stm32cubeide_1.10.1/plugins/com.st.stm32cube.ide.mcu.externaltools.gnu-tools-for-stm32.10.3-2021.10.linux64_1.0.0.202111181127/tools/bin/../lib/gcc/arm-none-eabi/10.3.1/thumb/v7e-m+fp/hard/crtbegin.o
[...]
Memory Configuration

Name             Origin             Length             Attributes
RAM              0x0000000020000000 0x0000000000018000 xrw
RAM2             0x0000000010000000 0x0000000000008000 xrw
FLASH            0x0000000008000000 0x0000000000100000 xr
*default*        0x0000000000000000 0xffffffffffffffff

Linker script and memory map

LOAD /opt/st/stm32cubeide_1.10.1/plugins/com.st.stm32cube.ide.mcu.externaltools.gnu-tools-for-stm32.10.3-2021.10.linux64_1.0.0.202111181127/tools/bin/../lib/gcc/arm-none-eabi/10.3.1/thumb/v7e-m+fp/hard/crti.o
LOAD /opt/st/stm32cubeide_1.10.1/plugins/com.st.stm32cube.ide.mcu.externaltools.gnu-tools-for-stm32.10.3-2021.10.linux64_1.0.0.202111181127/tools/bin/../lib/gcc/arm-none-eabi/10.3.1/thumb/v7e-m+fp/hard/crtbegin.o
LOAD /opt/st/stm32cubeide_1.10.1/plugins/com.st.stm32cube.ide.mcu.externaltools.gnu-tools-for-stm32.10.3-2021.10.linux64_1.0.0.202111181127/tools/bin/../lib/gcc/arm-none-eabi/10.3.1/../../../../arm-none-eabi/lib/thumb/v7e-m+fp/hard/crt0.o
LOAD ./Core/Src/crossing_functions.o
LOAD ./Core/Src/gpio_functions.o
LOAD ./Core/Src/main.o
LOAD ./Core/Src/stateMachine.o
LOAD ./Core/Src/stm32l4xx_hal_msp.o
LOAD ./Core/Src/stm32l4xx_it.o
LOAD ./Core/Src/syscalls.o
LOAD ./Core/Src/sysmem.o
LOAD ./Core/Src/system_stm32l4xx.o
LOAD ./Core/Src/test.o
LOAD ./Core/Startup/startup_stm32l476rgtx.o
LOAD ./Drivers/STM32L4xx_HAL_Driver/Src/stm32l4xx_hal.o
LOAD ./Drivers/STM32L4xx_HAL_Driver/Src/stm32l4xx_hal_cortex.o
LOAD ./Drivers/STM32L4xx_HAL_Driver/Src/stm32l4xx_hal_dma.o
LOAD ./Drivers/STM32L4xx_HAL_Driver/Src/stm32l4xx_hal_dma_ex.o
LOAD ./Drivers/STM32L4xx_HAL_Driver/Src/stm32l4xx_hal_exti.o
LOAD ./Drivers/STM32L4xx_HAL_Driver/Src/stm32l4xx_hal_flash.o
LOAD ./Drivers/STM32L4xx_HAL_Driver/Src/stm32l4xx_hal_flash_ex.o
LOAD ./Drivers/STM32L4xx_HAL_Driver/Src/stm32l4xx_hal_flash_ramfunc.o
LOAD ./Drivers/STM32L4xx_HAL_Driver/Src/stm32l4xx_hal_gpio.o
LOAD ./Drivers/STM32L4xx_HAL_Driver/Src/stm32l4xx_hal_i2c.o
LOAD ./Drivers/STM32L4xx_HAL_Driver/Src/stm32l4xx_hal_i2c_ex.o
LOAD ./Drivers/STM32L4xx_HAL_Driver/Src/stm32l4xx_hal_pwr.o
LOAD ./Drivers/STM32L4xx_HAL_Driver/Src/stm32l4xx_hal_pwr_ex.o
LOAD ./Drivers/STM32L4xx_HAL_Driver/Src/stm32l4xx_hal_rcc.o
LOAD ./Drivers/STM32L4xx_HAL_Driver/Src/stm32l4xx_hal_rcc_ex.o
LOAD ./Drivers/STM32L4xx_HAL_Driver/Src/stm32l4xx_hal_spi.o
LOAD ./Drivers/STM32L4xx_HAL_Driver/Src/stm32l4xx_hal_spi_ex.o
LOAD ./Drivers/STM32L4xx_HAL_Driver/Src/stm32l4xx_hal_tim.o
LOAD ./Drivers/STM32L4xx_HAL_Driver/Src/stm32l4xx_hal_tim_ex.o
LOAD ./Drivers/STM32L4xx_HAL_Driver/Src/stm32l4xx_hal_uart.o
LOAD ./Drivers/STM32L4xx_HAL_Driver/Src/stm32l4xx_hal_uart_ex.o
START GROUP
LOAD /opt/st/stm32cubeide_1.10.1/plugins/com.st.stm32cube.ide.mcu.externaltools.gnu-tools-for-stm32.10.3-2021.10.linux64_1.0.0.202111181127/tools/bin/../lib/gcc/arm-none-eabi/10.3.1/../../../../arm-none-eabi/lib/thumb/v7e-m+fp/hard/libc_nano.a
LOAD /opt/st/stm32cubeide_1.10.1/plugins/com.st.stm32cube.ide.mcu.externaltools.gnu-tools-for-stm32.10.3-2021.10.linux64_1.0.0.202111181127/tools/bin/../lib/gcc/arm-none-eabi/10.3.1/../../../../arm-none-eabi/lib/thumb/v7e-m+fp/hard/libm.a
END GROUP
START GROUP
LOAD /opt/st/stm32cubeide_1.10.1/plugins/com.st.stm32cube.ide.mcu.externaltools.gnu-tools-for-stm32.10.3-2021.10.linux64_1.0.0.202111181127/tools/bin/../lib/gcc/arm-none-eabi/10.3.1/thumb/v7e-m+fp/hard/libgcc.a
LOAD /opt/st/stm32cubeide_1.10.1/plugins/com.st.stm32cube.ide.mcu.externaltools.gnu-tools-for-stm32.10.3-2021.10.linux64_1.0.0.202111181127/tools/bin/../lib/gcc/arm-none-eabi/10.3.1/../../../../arm-none-eabi/lib/thumb/v7e-m+fp/hard/libc_nano.a
END GROUP
START GROUP
LOAD /opt/st/stm32cubeide_1.10.1/plugins/com.st.stm32cube.ide.mcu.externaltools.gnu-tools-for-stm32.10.3-2021.10.linux64_1.0.0.202111181127/tools/bin/../lib/gcc/arm-none-eabi/10.3.1/thumb/v7e-m+fp/hard/libgcc.a
LOAD /opt/st/stm32cubeide_1.10.1/plugins/com.st.stm32cube.ide.mcu.externaltools.gnu-tools-for-stm32.10.3-2021.10.linux64_1.0.0.202111181127/tools/bin/../lib/gcc/arm-none-eabi/10.3.1/../../../../arm-none-eabi/lib/thumb/v7e-m+fp/hard/libc_nano.a
LOAD /opt/st/stm32cubeide_1.10.1/plugins/com.st.stm32cube.ide.mcu.externaltools.gnu-tools-for-stm32.10.3-2021.10.linux64_1.0.0.202111181127/tools/bin/../lib/gcc/arm-none-eabi/10.3.1/../../../../arm-none-eabi/lib/thumb/v7e-m+fp/hard/libnosys.a
END GROUP
START GROUP
LOAD /opt/st/stm32cubeide_1.10.1/plugins/com.st.stm32cube.ide.mcu.externaltools.gnu-tools-for-stm32.10.3-2021.10.linux64_1.0.0.202111181127/tools/bin/../lib/gcc/arm-none-eabi/10.3.1/thumb/v7e-m+fp/hard/libgcc.a
LOAD /opt/st/stm32cubeide_1.10.1/plugins/com.st.stm32cube.ide.mcu.externaltools.gnu-tools-for-stm32.10.3-2021.10.linux64_1.0.0.202111181127/tools/bin/../lib/gcc/arm-none-eabi/10.3.1/../../../../arm-none-eabi/lib/thumb/v7e-m+fp/hard/libc_nano.a
LOAD /opt/st/stm32cubeide_1.10.1/plugins/com.st.stm32cube.ide.mcu.externaltools.gnu-tools-for-stm32.10.3-2021.10.linux64_1.0.0.202111181127/tools/bin/../lib/gcc/arm-none-eabi/10.3.1/../../../../arm-none-eabi/lib/thumb/v7e-m+fp/hard/libnosys.a
END GROUP
LOAD /opt/st/stm32cubeide_1.10.1/plugins/com.st.stm32cube.ide.mcu.externaltools.gnu-tools-for-stm32.10.3-2021.10.linux64_1.0.0.202111181127/tools/bin/../lib/gcc/arm-none-eabi/10.3.1/thumb/v7e-m+fp/hard/crtend.o
LOAD /opt/st/stm32cubeide_1.10.1/plugins/com.st.stm32cube.ide.mcu.externaltools.gnu-tools-for-stm32.10.3-2021.10.linux64_1.0.0.202111181127/tools/bin/../lib/gcc/arm-none-eabi/10.3.1/thumb/v7e-m+fp/hard/crtn.o
                0x0000000020018000                _estack = (ORIGIN (RAM) + LENGTH (RAM))
                0x0000000000000200                _Min_Heap_Size = 0x200
                0x0000000000000400                _Min_Stack_Size = 0x400

.isr_vector     0x0000000008000000      0x188
                0x0000000008000000                . = ALIGN (0x4)
 *(.isr_vector)
 .isr_vector    0x0000000008000000      0x188 ./Core/Startup/startup_stm32l476rgtx.o
                0x0000000008000000                g_pfnVectors
                0x0000000008000188                . = ALIGN (0x4)

.text           0x0000000008000188     0x4064
                0x0000000008000188                . = ALIGN (0x4)
 *(.text)
 .text          0x0000000008000188       0x40 /opt/st/stm32cubeide_1.10.1/plugins/com.st.stm32cube.ide.mcu.externaltools.gnu-tools-for-stm32.10.3-2021.10.linux64_1.0.0.202111181127/tools/bin/../lib/gcc/arm-none-eabi/10.3.1/thumb/v7e-m+fp/hard/crtbegin.o
 .text          0x00000000080001c8       0x30 /opt/st/stm32cubeide_1.10.1/plugins/com.st.stm32cube.ide.mcu.externaltools.gnu-tools-for-stm32.10.3-2021.10.linux64_1.0.0.202111181127/tools/bin/../lib/gcc/arm-none-eabi/10.3.1/thumb/v7e-m+fp/hard/libgcc.a(_aeabi_uldivmod.o)
                0x00000000080001c8                __aeabi_uldivmod
 .text          0x00000000080001f8      0x2d0 /opt/st/stm32cubeide_1.10.1/plugins/com.st.stm32cube.ide.mcu.externaltools.gnu-tools-for-stm32.10.3-2021.10.linux64_1.0.0.202111181127/tools/bin/../lib/gcc/arm-none-eabi/10.3.1/thumb/v7e-m+fp/hard/libgcc.a(_udivmoddi4.o)
                0x00000000080001f8                __udivmoddi4
 .text          0x00000000080004c8        0x4 /opt/st/stm32cubeide_1.10.1/plugins/com.st.stm32cube.ide.mcu.externaltools.gnu-tools-for-stm32.10.3-2021.10.linux64_1.0.0.202111181127/tools/bin/../lib/gcc/arm-none-eabi/10.3.1/thumb/v7e-m+fp/hard/libgcc.a(_dvmd_tls.o)
                0x00000000080004c8                __aeabi_ldiv0
                0x00000000080004c8                __aeabi_idiv0
 *(.text*)
 .text.HAL_GPIO_EXTI_Callback
                0x00000000080004cc      0x20c ./Core/Src/crossing_functions.o
                0x00000000080004cc                HAL_GPIO_EXTI_Callback
 .text.toggleInterruptNextState
                0x00000000080006d8       0xa0 ./Core/Src/crossing_functions.o
                0x00000000080006d8                toggleInterruptNextState
 .text.yellowLeds
                0x0000000008000778       0x28 ./Core/Src/crossing_functions.o
                0x0000000008000778                yellowLeds
 .text.checkNextState
                0x00000000080007a0       0xd0 ./Core/Src/crossing_functions.o
                0x00000000080007a0                checkNextState
 .text.nextDirection
                0x0000000008000870       0x5c ./Core/Src/crossing_functions.o
                0x0000000008000870                nextDirection
 .text.blueStateToggle
                0x00000000080008cc       0x68 ./Core/Src/crossing_functions.o
                0x00000000080008cc                blueStateToggle
 .text.endBlueState
                0x0000000008000934       0x50 ./Core/Src/crossing_functions.o
                0x0000000008000934                endBlueState
 .text.afterBlueState
                0x0000000008000984       0x70 ./Core/Src/crossing_functions.o
                0x0000000008000984                afterBlueState
 .text.gpio_setMultipleLights
                0x00000000080009f4       0x4c ./Core/Src/gpio_functions.o
                0x00000000080009f4                gpio_setMultipleLights
 .text.gpio_togglePin
                0x0000000008000a40       0x32 ./Core/Src/gpio_functions.o
                0x0000000008000a40                gpio_togglePin
 *fill*         0x0000000008000a72        0x2 
 .text.pinState
                0x0000000008000a74       0x4c ./Core/Src/gpio_functions.o
                0x0000000008000a74                pinState
 .text.clearPin
                0x0000000008000ac0       0x44 ./Core/Src/gpio_functions.o
                0x0000000008000ac0                clearPin
 .text.setPin   0x0000000008000b04       0x40 ./Core/Src/gpio_functions.o
                0x0000000008000b04                setPin
 .text.gpio_clearAllNotBlue
                0x0000000008000b44       0x34 ./Core/Src/gpio_functions.o
                0x0000000008000b44                gpio_clearAllNotBlue
 .text.gpio_clearAllPins
                0x0000000008000b78       0x34 ./Core/Src/gpio_functions.o
                0x0000000008000b78                gpio_clearAllPins
 .text.LED_pattern_transmit
                0x0000000008000bac       0x54 ./Core/Src/gpio_functions.o
                0x0000000008000bac                LED_pattern_transmit
 .text.main     0x0000000008000c00       0x1e ./Core/Src/main.o
                0x0000000008000c00                main
 .text.SystemClock_Config
                0x0000000008000c1e       0xa2 ./Core/Src/main.o
                0x0000000008000c1e                SystemClock_Config
 .text.MX_SPI3_Init
                0x0000000008000cc0       0x7c ./Core/Src/main.o
 .text.MX_USART2_UART_Init
                0x0000000008000d3c       0x60 ./Core/Src/main.o
 .text.MX_GPIO_Init
                0x0000000008000d9c      0x1c4 ./Core/Src/main.o
 .text.Error_Handler
                0x0000000008000f60        0xa ./Core/Src/main.o
                0x0000000008000f60                Error_Handler
 *fill*         0x0000000008000f6a        0x2 
 .text.stateCrossroad
                0x0000000008000f6c      0x1b4 ./Core/Src/stateMachine.o
                0x0000000008000f6c                stateCrossroad
 .text.HAL_MspInit
                0x0000000008001120       0x48 ./Core/Src/stm32l4xx_hal_msp.o
                0x0000000008001120                HAL_MspInit
 .text.HAL_SPI_MspInit
                0x0000000008001168       0xc4 ./Core/Src/stm32l4xx_hal_msp.o
                0x0000000008001168                HAL_SPI_MspInit
 .text.HAL_UART_MspInit
                0x000000000800122c       0xb8 ./Core/Src/stm32l4xx_hal_msp.o
                0x000000000800122c                HAL_UART_MspInit
 .text.NMI_Handler
                0x00000000080012e4        0x6 ./Core/Src/stm32l4xx_it.o
                0x00000000080012e4                NMI_Handler
 .text.HardFault_Handler
                0x00000000080012ea        0x6 ./Core/Src/stm32l4xx_it.o
                0x00000000080012ea                HardFault_Handler
 .text.MemManage_Handler
                0x00000000080012f0        0x6 ./Core/Src/stm32l4xx_it.o
                0x00000000080012f0                MemManage_Handler
 .text.BusFault_Handler
                0x00000000080012f6        0x6 ./Core/Src/stm32l4xx_it.o
                0x00000000080012f6                BusFault_Handler
 .text.UsageFault_Handler
                0x00000000080012fc        0x6 ./Core/Src/stm32l4xx_it.o
                0x00000000080012fc                UsageFault_Handler
 .text.SVC_Handler
                0x0000000008001302        0xe ./Core/Src/stm32l4xx_it.o
                0x0000000008001302                SVC_Handler
 .text.DebugMon_Handler
                0x0000000008001310        0xe ./Core/Src/stm32l4xx_it.o
                0x0000000008001310                DebugMon_Handler
 .text.PendSV_Handler
                0x000000000800131e        0xe ./Core/Src/stm32l4xx_it.o
                0x000000000800131e                PendSV_Handler
 .text.SysTick_Handler
                0x000000000800132c        0xc ./Core/Src/stm32l4xx_it.o
                0x000000000800132c                SysTick_Handler
 .text.EXTI4_IRQHandler
                0x0000000008001338        0xe ./Core/Src/stm32l4xx_it.o
                0x0000000008001338                EXTI4_IRQHandler
 .text.EXTI9_5_IRQHandler
                0x0000000008001346        0xe ./Core/Src/stm32l4xx_it.o
                0x0000000008001346                EXTI9_5_IRQHandler
 .text.EXTI15_10_IRQHandler
                0x0000000008001354       0x28 ./Core/Src/stm32l4xx_it.o
                0x0000000008001354                EXTI15_10_IRQHandler
 .text.SystemInit
                0x000000000800137c       0x24 ./Core/Src/system_stm32l4xx.o
                0x000000000800137c                SystemInit
 .text.Reset_Handler
                0x00000000080013a0       0x50 ./Core/Startup/startup_stm32l476rgtx.o
                0x00000000080013a0                Reset_Handler
 .text.Default_Handler
                0x00000000080013f0        0x2 ./Core/Startup/startup_stm32l476rgtx.o
                0x00000000080013f0                RTC_Alarm_IRQHandler
                0x00000000080013f0                EXTI2_IRQHandler
                0x00000000080013f0                TIM8_TRG_COM_IRQHandler
                0x00000000080013f0                TIM8_CC_IRQHandler
                0x00000000080013f0                TIM1_CC_IRQHandler
                0x00000000080013f0                TSC_IRQHandler
                0x00000000080013f0                TAMP_STAMP_IRQHandler
                0x00000000080013f0                EXTI3_IRQHandler
                0x00000000080013f0                LPTIM2_IRQHandler
                0x00000000080013f0                DFSDM1_FLT1_IRQHandler
                0x00000000080013f0                I2C3_ER_IRQHandler
                0x00000000080013f0                DFSDM1_FLT2_IRQHandler
                0x00000000080013f0                EXTI0_IRQHandler
                0x00000000080013f0                I2C2_EV_IRQHandler
                0x00000000080013f0                CAN1_RX0_IRQHandler
                0x00000000080013f0                FPU_IRQHandler
                0x00000000080013f0                TIM1_UP_TIM16_IRQHandler
                0x00000000080013f0                ADC1_2_IRQHandler
                0x00000000080013f0                SPI1_IRQHandler
                0x00000000080013f0                TIM6_DAC_IRQHandler
                0x00000000080013f0                TIM8_UP_IRQHandler
                0x00000000080013f0                DMA2_Channel2_IRQHandler
                0x00000000080013f0                DMA1_Channel4_IRQHandler
                0x00000000080013f0                SAI2_IRQHandler
                0x00000000080013f0                DFSDM1_FLT3_IRQHandler
                0x00000000080013f0                USART3_IRQHandler
                0x00000000080013f0                DMA1_Channel7_IRQHandler
                0x00000000080013f0                CAN1_RX1_IRQHandler
                0x00000000080013f0                LCD_IRQHandler
                0x00000000080013f0                UART5_IRQHandler
                0x00000000080013f0                ADC3_IRQHandler
                0x00000000080013f0                TIM4_IRQHandler
                0x00000000080013f0                DMA2_Channel1_IRQHandler
                0x00000000080013f0                QUADSPI_IRQHandler
                0x00000000080013f0                I2C1_EV_IRQHandler
                0x00000000080013f0                DMA1_Channel6_IRQHandler
                0x00000000080013f0                UART4_IRQHandler
                0x00000000080013f0                DMA2_Channel4_IRQHandler
                0x00000000080013f0                TIM3_IRQHandler
                0x00000000080013f0                RCC_IRQHandler
                0x00000000080013f0                DMA1_Channel1_IRQHandler
                0x00000000080013f0                Default_Handler
                0x00000000080013f0                DMA2_Channel7_IRQHandler
                0x00000000080013f0                TIM7_IRQHandler
                0x00000000080013f0                SDMMC1_IRQHandler
                0x00000000080013f0                TIM5_IRQHandler
                0x00000000080013f0                I2C3_EV_IRQHandler
                0x00000000080013f0                RTC_WKUP_IRQHandler
                0x00000000080013f0                PVD_PVM_IRQHandler
                0x00000000080013f0                SPI2_IRQHandler
                0x00000000080013f0                CAN1_TX_IRQHandler
                0x00000000080013f0                DMA2_Channel5_IRQHandler
                0x00000000080013f0                DMA1_Channel5_IRQHandler
                0x00000000080013f0                RNG_IRQHandler
                0x00000000080013f0                TIM1_TRG_COM_TIM17_IRQHandler
                0x00000000080013f0                DMA1_Channel3_IRQHandler
                0x00000000080013f0                COMP_IRQHandler
                0x00000000080013f0                WWDG_IRQHandler
                0x00000000080013f0                LPUART1_IRQHandler
                0x00000000080013f0                DMA2_Channel6_IRQHandler
                0x00000000080013f0                TIM2_IRQHandler
                0x00000000080013f0                EXTI1_IRQHandler
                0x00000000080013f0                USART2_IRQHandler
                0x00000000080013f0                DFSDM1_FLT0_IRQHandler
                0x00000000080013f0                I2C2_ER_IRQHandler
                0x00000000080013f0                DMA1_Channel2_IRQHandler
                0x00000000080013f0                TIM8_BRK_IRQHandler
                0x00000000080013f0                CAN1_SCE_IRQHandler
                0x00000000080013f0                FLASH_IRQHandler
                0x00000000080013f0                USART1_IRQHandler
                0x00000000080013f0                OTG_FS_IRQHandler
                0x00000000080013f0                SPI3_IRQHandler
                0x00000000080013f0                I2C1_ER_IRQHandler
                0x00000000080013f0                FMC_IRQHandler
                0x00000000080013f0                SWPMI1_IRQHandler
                0x00000000080013f0                LPTIM1_IRQHandler
                0x00000000080013f0                SAI1_IRQHandler
                0x00000000080013f0                DMA2_Channel3_IRQHandler
                0x00000000080013f0                TIM1_BRK_TIM15_IRQHandler
 .text.HAL_Init
                0x00000000080013f2       0x30 ./Drivers/STM32L4xx_HAL_Driver/Src/stm32l4xx_hal.o
                0x00000000080013f2                HAL_Init
 *fill*         0x0000000008001422        0x2 
 .text.HAL_InitTick
                0x0000000008001424       0x78 ./Drivers/STM32L4xx_HAL_Driver/Src/stm32l4xx_hal.o
                0x0000000008001424                HAL_InitTick
 .text.HAL_IncTick
                0x000000000800149c       0x28 ./Drivers/STM32L4xx_HAL_Driver/Src/stm32l4xx_hal.o
                0x000000000800149c                HAL_IncTick
 .text.HAL_GetTick
                0x00000000080014c4       0x18 ./Drivers/STM32L4xx_HAL_Driver/Src/stm32l4xx_hal.o
                0x00000000080014c4                HAL_GetTick
 .text.__NVIC_SetPriorityGrouping
                0x00000000080014dc       0x48 ./Drivers/STM32L4xx_HAL_Driver/Src/stm32l4xx_hal_cortex.o
 .text.__NVIC_GetPriorityGrouping
                0x0000000008001524       0x1c ./Drivers/STM32L4xx_HAL_Driver/Src/stm32l4xx_hal_cortex.o
 .text.__NVIC_EnableIRQ
                0x0000000008001540       0x3c ./Drivers/STM32L4xx_HAL_Driver/Src/stm32l4xx_hal_cortex.o
 .text.__NVIC_SetPriority
                0x000000000800157c       0x54 ./Drivers/STM32L4xx_HAL_Driver/Src/stm32l4xx_hal_cortex.o
 .text.NVIC_EncodePriority
                0x00000000080015d0       0x66 ./Drivers/STM32L4xx_HAL_Driver/Src/stm32l4xx_hal_cortex.o
 *fill*         0x0000000008001636        0x2 
 .text.SysTick_Config
                0x0000000008001638       0x44 ./Drivers/STM32L4xx_HAL_Driver/Src/stm32l4xx_hal_cortex.o
 .text.HAL_NVIC_SetPriorityGrouping
                0x000000000800167c       0x16 ./Drivers/STM32L4xx_HAL_Driver/Src/stm32l4xx_hal_cortex.o
                0x000000000800167c                HAL_NVIC_SetPriorityGrouping
 .text.HAL_NVIC_SetPriority
                0x0000000008001692       0x38 ./Drivers/STM32L4xx_HAL_Driver/Src/stm32l4xx_hal_cortex.o
                0x0000000008001692                HAL_NVIC_SetPriority
 .text.HAL_NVIC_EnableIRQ
                0x00000000080016ca       0x1c ./Drivers/STM32L4xx_HAL_Driver/Src/stm32l4xx_hal_cortex.o
                0x00000000080016ca                HAL_NVIC_EnableIRQ
 .text.HAL_SYSTICK_Config
                0x00000000080016e6       0x18 ./Drivers/STM32L4xx_HAL_Driver/Src/stm32l4xx_hal_cortex.o
                0x00000000080016e6                HAL_SYSTICK_Config
 *fill*         0x00000000080016fe        0x2 
 .text.HAL_GPIO_Init
                0x0000000008001700      0x354 ./Drivers/STM32L4xx_HAL_Driver/Src/stm32l4xx_hal_gpio.o
                0x0000000008001700                HAL_GPIO_Init
 .text.HAL_GPIO_ReadPin
                0x0000000008001a54       0x30 ./Drivers/STM32L4xx_HAL_Driver/Src/stm32l4xx_hal_gpio.o
                0x0000000008001a54                HAL_GPIO_ReadPin
 .text.HAL_GPIO_WritePin
                0x0000000008001a84       0x30 ./Drivers/STM32L4xx_HAL_Driver/Src/stm32l4xx_hal_gpio.o
                0x0000000008001a84                HAL_GPIO_WritePin
 .text.HAL_GPIO_EXTI_IRQHandler
                0x0000000008001ab4       0x30 ./Drivers/STM32L4xx_HAL_Driver/Src/stm32l4xx_hal_gpio.o
                0x0000000008001ab4                HAL_GPIO_EXTI_IRQHandler
 .text.HAL_PWREx_GetVoltageRange
                0x0000000008001ae4       0x1c ./Drivers/STM32L4xx_HAL_Driver/Src/stm32l4xx_hal_pwr_ex.o
                0x0000000008001ae4                HAL_PWREx_GetVoltageRange
 .text.HAL_PWREx_ControlVoltageScaling
                0x0000000008001b00       0xac ./Drivers/STM32L4xx_HAL_Driver/Src/stm32l4xx_hal_pwr_ex.o
                0x0000000008001b00                HAL_PWREx_ControlVoltageScaling
 .text.HAL_RCC_OscConfig
                0x0000000008001bac      0x7b8 ./Drivers/STM32L4xx_HAL_Driver/Src/stm32l4xx_hal_rcc.o
                0x0000000008001bac                HAL_RCC_OscConfig
 .text.HAL_RCC_ClockConfig
                0x0000000008002364      0x200 ./Drivers/STM32L4xx_HAL_Driver/Src/stm32l4xx_hal_rcc.o
                0x0000000008002364                HAL_RCC_ClockConfig
 .text.HAL_RCC_GetSysClockFreq
                0x0000000008002564      0x118 ./Drivers/STM32L4xx_HAL_Driver/Src/stm32l4xx_hal_rcc.o
                0x0000000008002564                HAL_RCC_GetSysClockFreq
 .text.HAL_RCC_GetHCLKFreq
                0x000000000800267c       0x18 ./Drivers/STM32L4xx_HAL_Driver/Src/stm32l4xx_hal_rcc.o
                0x000000000800267c                HAL_RCC_GetHCLKFreq
 .text.HAL_RCC_GetPCLK1Freq
                0x0000000008002694       0x2c ./Drivers/STM32L4xx_HAL_Driver/Src/stm32l4xx_hal_rcc.o
                0x0000000008002694                HAL_RCC_GetPCLK1Freq
 .text.HAL_RCC_GetPCLK2Freq
                0x00000000080026c0       0x2c ./Drivers/STM32L4xx_HAL_Driver/Src/stm32l4xx_hal_rcc.o
                0x00000000080026c0                HAL_RCC_GetPCLK2Freq
 .text.RCC_SetFlashLatencyFromMSIRange
                0x00000000080026ec       0xc0 ./Drivers/STM32L4xx_HAL_Driver/Src/stm32l4xx_hal_rcc.o
 .text.HAL_RCCEx_PeriphCLKConfig
                0x00000000080027ac      0x5d4 ./Drivers/STM32L4xx_HAL_Driver/Src/stm32l4xx_hal_rcc_ex.o
                0x00000000080027ac                HAL_RCCEx_PeriphCLKConfig
 .text.RCCEx_PLLSAI1_Config
                0x0000000008002d80      0x1e8 ./Drivers/STM32L4xx_HAL_Driver/Src/stm32l4xx_hal_rcc_ex.o
 .text.RCCEx_PLLSAI2_Config
                0x0000000008002f68      0x1bc ./Drivers/STM32L4xx_HAL_Driver/Src/stm32l4xx_hal_rcc_ex.o
 .text.HAL_SPI_Init
                0x0000000008003124      0x146 ./Drivers/STM32L4xx_HAL_Driver/Src/stm32l4xx_hal_spi.o
                0x0000000008003124                HAL_SPI_Init
 .text.HAL_SPI_Transmit
                0x000000000800326a      0x2dc ./Drivers/STM32L4xx_HAL_Driver/Src/stm32l4xx_hal_spi.o
                0x000000000800326a                HAL_SPI_Transmit
 *fill*         0x0000000008003546        0x2 
 .text.SPI_WaitFlagStateUntilTimeout
                0x0000000008003548      0x110 ./Drivers/STM32L4xx_HAL_Driver/Src/stm32l4xx_hal_spi.o
 .text.SPI_WaitFifoStateUntilTimeout
                0x0000000008003658      0x12c ./Drivers/STM32L4xx_HAL_Driver/Src/stm32l4xx_hal_spi.o
 .text.SPI_EndRxTxTransaction
                0x0000000008003784       0x8c ./Drivers/STM32L4xx_HAL_Driver/Src/stm32l4xx_hal_spi.o
 .text.HAL_UART_Init
                0x0000000008003810       0x9c ./Drivers/STM32L4xx_HAL_Driver/Src/stm32l4xx_hal_uart.o
                0x0000000008003810                HAL_UART_Init
 .text.UART_SetConfig
                0x00000000080038ac      0x570 ./Drivers/STM32L4xx_HAL_Driver/Src/stm32l4xx_hal_uart.o
                0x00000000080038ac                UART_SetConfig
 .text.UART_AdvFeatureConfig
                0x0000000008003e1c      0x144 ./Drivers/STM32L4xx_HAL_Driver/Src/stm32l4xx_hal_uart.o
                0x0000000008003e1c                UART_AdvFeatureConfig
 .text.UART_CheckIdleState
                0x0000000008003f60       0x92 ./Drivers/STM32L4xx_HAL_Driver/Src/stm32l4xx_hal_uart.o
                0x0000000008003f60                UART_CheckIdleState
 .text.UART_WaitOnFlagUntilTimeout
                0x0000000008003ff2      0x188 ./Drivers/STM32L4xx_HAL_Driver/Src/stm32l4xx_hal_uart.o
                0x0000000008003ff2                UART_WaitOnFlagUntilTimeout
 *fill*         0x000000000800417a        0x2 
 .text.__libc_init_array
                0x000000000800417c       0x48 /opt/st/stm32cubeide_1.10.1/plugins/com.st.stm32cube.ide.mcu.externaltools.gnu-tools-for-stm32.10.3-2021.10.linux64_1.0.0.202111181127/tools/bin/../lib/gcc/arm-none-eabi/10.3.1/../../../../arm-none-eabi/lib/thumb/v7e-m+fp/hard/libc_nano.a(lib_a-init.o)
                0x000000000800417c                __libc_init_array
 .text.memset   0x00000000080041c4       0x10 /opt/st/stm32cubeide_1.10.1/plugins/com.st.stm32cube.ide.mcu.externaltools.gnu-tools-for-stm32.10.3-2021.10.linux64_1.0.0.202111181127/tools/bin/../lib/gcc/arm-none-eabi/10.3.1/../../../../arm-none-eabi/lib/thumb/v7e-m+fp/hard/libc_nano.a(lib_a-memset.o)
                0x00000000080041c4                memset
 *(.glue_7)
 .glue_7        0x00000000080041d4        0x0 linker stubs
 *(.glue_7t)
 .glue_7t       0x00000000080041d4        0x0 linker stubs
 *(.eh_frame)
 .eh_frame      0x00000000080041d4        0x0 /opt/st/stm32cubeide_1.10.1/plugins/com.st.stm32cube.ide.mcu.externaltools.gnu-tools-for-stm32.10.3-2021.10.linux64_1.0.0.202111181127/tools/bin/../lib/gcc/arm-none-eabi/10.3.1/thumb/v7e-m+fp/hard/crtbegin.o
 *(.init)
 .init          0x00000000080041d4        0x4 /opt/st/stm32cubeide_1.10.1/plugins/com.st.stm32cube.ide.mcu.externaltools.gnu-tools-for-stm32.10.3-2021.10.linux64_1.0.0.202111181127/tools/bin/../lib/gcc/arm-none-eabi/10.3.1/thumb/v7e-m+fp/hard/crti.o
                0x00000000080041d4                _init
 .init          0x00000000080041d8        0x8 /opt/st/stm32cubeide_1.10.1/plugins/com.st.stm32cube.ide.mcu.externaltools.gnu-tools-for-stm32.10.3-2021.10.linux64_1.0.0.202111181127/tools/bin/../lib/gcc/arm-none-eabi/10.3.1/thumb/v7e-m+fp/hard/crtn.o
 *(.fini)
 .fini          0x00000000080041e0        0x4 /opt/st/stm32cubeide_1.10.1/plugins/com.st.stm32cube.ide.mcu.externaltools.gnu-tools-for-stm32.10.3-2021.10.linux64_1.0.0.202111181127/tools/bin/../lib/gcc/arm-none-eabi/10.3.1/thumb/v7e-m+fp/hard/crti.o
                0x00000000080041e0                _fini
 .fini          0x00000000080041e4        0x8 /opt/st/stm32cubeide_1.10.1/plugins/com.st.stm32cube.ide.mcu.externaltools.gnu-tools-for-stm32.10.3-2021.10.linux64_1.0.0.202111181127/tools/bin/../lib/gcc/arm-none-eabi/10.3.1/thumb/v7e-m+fp/hard/crtn.o
                0x00000000080041ec                . = ALIGN (0x4)
                0x00000000080041ec                _etext = .

.vfp11_veneer   0x00000000080041ec        0x0
 .vfp11_veneer  0x00000000080041ec        0x0 linker stubs

.v4_bx          0x00000000080041ec        0x0
 .v4_bx         0x00000000080041ec        0x0 linker stubs

.iplt           0x00000000080041ec        0x0
 .iplt          0x00000000080041ec        0x0 /opt/st/stm32cubeide_1.10.1/plugins/com.st.stm32cube.ide.mcu.externaltools.gnu-tools-for-stm32.10.3-2021.10.linux64_1.0.0.202111181127/tools/bin/../lib/gcc/arm-none-eabi/10.3.1/thumb/v7e-m+fp/hard/crtbegin.o

.rodata         0x00000000080041ec       0x54
                0x00000000080041ec                . = ALIGN (0x4)
 *(.rodata)
 *(.rodata*)
 .rodata.verticalGreen
                0x00000000080041ec        0x3 ./Core/Src/crossing_functions.o
 *fill*         0x00000000080041ef        0x1 
 .rodata.horizontalGreen
                0x00000000080041f0        0x3 ./Core/Src/crossing_functions.o
 *fill*         0x00000000080041f3        0x1 
 .rodata.yellowState
                0x00000000080041f4        0x3 ./Core/Src/crossing_functions.o
 *fill*         0x00000000080041f7        0x1 
 .rodata.AHBPrescTable
                0x00000000080041f8       0x10 ./Core/Src/system_stm32l4xx.o
                0x00000000080041f8                AHBPrescTable
 .rodata.APBPrescTable
                0x0000000008004208        0x8 ./Core/Src/system_stm32l4xx.o
                0x0000000008004208                APBPrescTable
 .rodata.MSIRangeTable
                0x0000000008004210       0x30 ./Core/Src/system_stm32l4xx.o
                0x0000000008004210                MSIRangeTable
                0x0000000008004240                . = ALIGN (0x4)

.ARM.extab      0x0000000008004240        0x0
                0x0000000008004240                . = ALIGN (0x4)
 *(.ARM.extab* .gnu.linkonce.armextab.*)
                0x0000000008004240                . = ALIGN (0x4)

.ARM            0x0000000008004240        0x8
                0x0000000008004240                . = ALIGN (0x4)
                0x0000000008004240                __exidx_start = .
 *(.ARM.exidx*)
 .ARM.exidx     0x0000000008004240        0x8 /opt/st/stm32cubeide_1.10.1/plugins/com.st.stm32cube.ide.mcu.externaltools.gnu-tools-for-stm32.10.3-2021.10.linux64_1.0.0.202111181127/tools/bin/../lib/gcc/arm-none-eabi/10.3.1/thumb/v7e-m+fp/hard/libgcc.a(_udivmoddi4.o)
                0x0000000008004248                __exidx_end = .
                0x0000000008004248                . = ALIGN (0x4)

.rel.dyn        0x0000000008004248        0x0
 .rel.iplt      0x0000000008004248        0x0 /opt/st/stm32cubeide_1.10.1/plugins/com.st.stm32cube.ide.mcu.externaltools.gnu-tools-for-stm32.10.3-2021.10.linux64_1.0.0.202111181127/tools/bin/../lib/gcc/arm-none-eabi/10.3.1/thumb/v7e-m+fp/hard/crtbegin.o

.preinit_array  0x0000000008004248        0x0
                0x0000000008004248                . = ALIGN (0x4)
                0x0000000008004248                PROVIDE (__preinit_array_start = .)
 *(.preinit_array*)
                0x0000000008004248                PROVIDE (__preinit_array_end = .)
                0x0000000008004248                . = ALIGN (0x4)

.init_array     0x0000000008004248        0x4
                0x0000000008004248                . = ALIGN (0x4)
                0x0000000008004248                PROVIDE (__init_array_start = .)
 *(SORT_BY_NAME(.init_array.*))
 *(.init_array*)
 .init_array    0x0000000008004248        0x4 /opt/st/stm32cubeide_1.10.1/plugins/com.st.stm32cube.ide.mcu.externaltools.gnu-tools-for-stm32.10.3-2021.10.linux64_1.0.0.202111181127/tools/bin/../lib/gcc/arm-none-eabi/10.3.1/thumb/v7e-m+fp/hard/crtbegin.o
                0x000000000800424c                PROVIDE (__init_array_end = .)
                0x000000000800424c                . = ALIGN (0x4)

.fini_array     0x000000000800424c        0x4
                0x000000000800424c                . = ALIGN (0x4)
                [!provide]                        PROVIDE (__fini_array_start = .)
 *(SORT_BY_NAME(.fini_array.*))
 *(.fini_array*)
 .fini_array    0x000000000800424c        0x4 /opt/st/stm32cubeide_1.10.1/plugins/com.st.stm32cube.ide.mcu.externaltools.gnu-tools-for-stm32.10.3-2021.10.linux64_1.0.0.202111181127/tools/bin/../lib/gcc/arm-none-eabi/10.3.1/thumb/v7e-m+fp/hard/crtbegin.o
                [!provide]                        PROVIDE (__fini_array_end = .)
                0x0000000008004250                . = ALIGN (0x4)
                0x0000000008004250                _sidata = LOADADDR (.data)

.data           0x0000000020000000       0x10 load address 0x0000000008004250
                0x0000000020000000                . = ALIGN (0x4)
                0x0000000020000000                _sdata = .
 *(.data)
 *(.data*)
 .data.specificPin
                0x0000000020000000        0x1 ./Core/Src/stateMachine.o
                0x0000000020000000                specificPin
 *fill*         0x0000000020000001        0x3 
 .data.SystemCoreClock
                0x0000000020000004        0x4 ./Core/Src/system_stm32l4xx.o
                0x0000000020000004                SystemCoreClock
 .data.uwTickPrio
                0x0000000020000008        0x4 ./Drivers/STM32L4xx_HAL_Driver/Src/stm32l4xx_hal.o
                0x0000000020000008                uwTickPrio
 .data.uwTickFreq
                0x000000002000000c        0x1 ./Drivers/STM32L4xx_HAL_Driver/Src/stm32l4xx_hal.o
                0x000000002000000c                uwTickFreq
 *(.RamFunc)
 *(.RamFunc*)
                0x0000000020000010                . = ALIGN (0x4)
 *fill*         0x000000002000000d        0x3 
                0x0000000020000010                _edata = .

.igot.plt       0x0000000020000010        0x0 load address 0x0000000008004260
 .igot.plt      0x0000000020000010        0x0 /opt/st/stm32cubeide_1.10.1/plugins/com.st.stm32cube.ide.mcu.externaltools.gnu-tools-for-stm32.10.3-2021.10.linux64_1.0.0.202111181127/tools/bin/../lib/gcc/arm-none-eabi/10.3.1/thumb/v7e-m+fp/hard/crtbegin.o
                0x0000000020000010                . = ALIGN (0x4)

.bss            0x0000000020000010      0x120 load address 0x0000000008004260
                0x0000000020000010                _sbss = .
                0x0000000020000010                __bss_start__ = _sbss
 *(.bss)
 .bss           0x0000000020000010       0x1c /opt/st/stm32cubeide_1.10.1/plugins/com.st.stm32cube.ide.mcu.externaltools.gnu-tools-for-stm32.10.3-2021.10.linux64_1.0.0.202111181127/tools/bin/../lib/gcc/arm-none-eabi/10.3.1/thumb/v7e-m+fp/hard/crtbegin.o
 *(.bss*)
 .bss.LedRegister
                0x000000002000002c        0x3 ./Core/Src/gpio_functions.o
                0x000000002000002c                LedRegister
 *fill*         0x000000002000002f        0x1 
 .bss.hspi3     0x0000000020000030       0x64 ./Core/Src/main.o
                0x0000000020000030                hspi3
 .bss.huart2    0x0000000020000094       0x84 ./Core/Src/main.o
                0x0000000020000094                huart2
 .bss.State     0x0000000020000118        0x1 ./Core/Src/stateMachine.o
                0x0000000020000118                State
 .bss.NextState
                0x0000000020000119        0x1 ./Core/Src/stateMachine.o
                0x0000000020000119                NextState
 .bss.PreviousState
                0x000000002000011a        0x1 ./Core/Src/stateMachine.o
                0x000000002000011a                PreviousState
 *fill*         0x000000002000011b        0x1 
 .bss.msTimer   0x000000002000011c        0x4 ./Core/Src/stateMachine.o
                0x000000002000011c                msTimer
 .bss.msTimer2  0x0000000020000120        0x4 ./Core/Src/stateMachine.o
                0x0000000020000120                msTimer2
 .bss.carsVertical
                0x0000000020000124        0x1 ./Core/Src/stateMachine.o
                0x0000000020000124                carsVertical
 .bss.carsHorizontal
                0x0000000020000125        0x1 ./Core/Src/stateMachine.o
                0x0000000020000125                carsHorizontal
 .bss.NBtnPressed
                0x0000000020000126        0x1 ./Core/Src/stateMachine.o
                0x0000000020000126                NBtnPressed
 .bss.SBtnPressed
                0x0000000020000127        0x1 ./Core/Src/stateMachine.o
                0x0000000020000127                SBtnPressed
 .bss.greenVertical
                0x0000000020000128        0x1 ./Core/Src/stateMachine.o
                0x0000000020000128                greenVertical
 *fill*         0x0000000020000129        0x3 
 .bss.uwTick    0x000000002000012c        0x4 ./Drivers/STM32L4xx_HAL_Driver/Src/stm32l4xx_hal.o
                0x000000002000012c                uwTick
 *(COMMON)
                0x0000000020000130                . = ALIGN (0x4)
                0x0000000020000130                _ebss = .
                0x0000000020000130                __bss_end__ = _ebss

._user_heap_stack
                0x0000000020000130      0x600 load address 0x0000000008004260
                0x0000000020000130                . = ALIGN (0x8)
                [!provide]                        PROVIDE (end = .)
                0x0000000020000130                PROVIDE (_end = .)
                0x0000000020000330                . = (. + _Min_Heap_Size)
 *fill*         0x0000000020000130      0x200 
                0x0000000020000730                . = (. + _Min_Stack_Size)
 *fill*         0x0000000020000330      0x400 
                0x0000000020000730                . = ALIGN (0x8)

/DISCARD/
 libc.a(*)
 libm.a(*)
 libgcc.a(*)

.ARM.attributes
                0x0000000000000000       0x30
 *(.ARM.attributes)
 .ARM.attributes
                0x0000000000000000       0x1e /opt/st/stm32cubeide_1.10.1/plugins/com.st.stm32cube.ide.mcu.externaltools.gnu-tools-for-stm32.10.3-2021.10.linux64_1.0.0.202111181127/tools/bin/../lib/gcc/arm-none-eabi/10.3.1/thumb/v7e-m+fp/hard/crti.o
 .ARM.attributes
                0x000000000000001e       0x34 /opt/st/stm32cubeide_1.10.1/plugins/com.st.stm32cube.ide.mcu.externaltools.gnu-tools-for-stm32.10.3-2021.10.linux64_1.0.0.202111181127/tools/bin/../lib/gcc/arm-none-eabi/10.3.1/thumb/v7e-m+fp/hard/crtbegin.o
 .ARM.attributes
                0x0000000000000052       0x34 ./Core/Src/crossing_functions.o
 .ARM.attributes
                0x0000000000000086       0x34 ./Core/Src/gpio_functions.o
 .ARM.attributes
                0x00000000000000ba       0x34 ./Core/Src/main.o
 .ARM.attributes
                0x00000000000000ee       0x34 ./Core/Src/stateMachine.o
 .ARM.attributes
                0x0000000000000122       0x34 ./Core/Src/stm32l4xx_hal_msp.o
 .ARM.attributes
                0x0000000000000156       0x34 ./Core/Src/stm32l4xx_it.o
 .ARM.attributes
                0x000000000000018a       0x34 ./Core/Src/system_stm32l4xx.o
 .ARM.attributes
                0x00000000000001be       0x21 ./Core/Startup/startup_stm32l476rgtx.o
 .ARM.attributes
                0x00000000000001df       0x34 ./Drivers/STM32L4xx_HAL_Driver/Src/stm32l4xx_hal.o
 .ARM.attributes
                0x0000000000000213       0x34 ./Drivers/STM32L4xx_HAL_Driver/Src/stm32l4xx_hal_cortex.o
 .ARM.attributes
                0x0000000000000247       0x34 ./Drivers/STM32L4xx_HAL_Driver/Src/stm32l4xx_hal_gpio.o
 .ARM.attributes
                0x000000000000027b       0x34 ./Drivers/STM32L4xx_HAL_Driver/Src/stm32l4xx_hal_pwr_ex.o
 .ARM.attributes
                0x00000000000002af       0x34 ./Drivers/STM32L4xx_HAL_Driver/Src/stm32l4xx_hal_rcc.o
 .ARM.attributes
                0x00000000000002e3       0x34 ./Drivers/STM32L4xx_HAL_Driver/Src/stm32l4xx_hal_rcc_ex.o
 .ARM.attributes
                0x0000000000000317       0x34 ./Drivers/STM32L4xx_HAL_Driver/Src/stm32l4xx_hal_spi.o
 .ARM.attributes
                0x000000000000034b       0x34 ./Drivers/STM32L4xx_HAL_Driver/Src/stm32l4xx_hal_uart.o
 .ARM.attributes
                0x000000000000037f       0x34 /opt/st/stm32cubeide_1.10.1/plugins/com.st.stm32cube.ide.mcu.externaltools.gnu-tools-for-stm32.10.3-2021.10.linux64_1.0.0.202111181127/tools/bin/../lib/gcc/arm-none-eabi/10.3.1/../../../../arm-none-eabi/lib/thumb/v7e-m+fp/hard/libc_nano.a(lib_a-init.o)
 .ARM.attributes
                0x00000000000003b3       0x34 /opt/st/stm32cubeide_1.10.1/plugins/com.st.stm32cube.ide.mcu.externaltools.gnu-tools-for-stm32.10.3-2021.10.linux64_1.0.0.202111181127/tools/bin/../lib/gcc/arm-none-eabi/10.3.1/../../../../arm-none-eabi/lib/thumb/v7e-m+fp/hard/libc_nano.a(lib_a-memset.o)
 .ARM.attributes
                0x00000000000003e7       0x1e /opt/st/stm32cubeide_1.10.1/plugins/com.st.stm32cube.ide.mcu.externaltools.gnu-tools-for-stm32.10.3-2021.10.linux64_1.0.0.202111181127/tools/bin/../lib/gcc/arm-none-eabi/10.3.1/thumb/v7e-m+fp/hard/libgcc.a(_aeabi_uldivmod.o)
 .ARM.attributes
                0x0000000000000405       0x34 /opt/st/stm32cubeide_1.10.1/plugins/com.st.stm32cube.ide.mcu.externaltools.gnu-tools-for-stm32.10.3-2021.10.linux64_1.0.0.202111181127/tools/bin/../lib/gcc/arm-none-eabi/10.3.1/thumb/v7e-m+fp/hard/libgcc.a(_udivmoddi4.o)
 .ARM.attributes
                0x0000000000000439       0x1e /opt/st/stm32cubeide_1.10.1/plugins/com.st.stm32cube.ide.mcu.externaltools.gnu-tools-for-stm32.10.3-2021.10.linux64_1.0.0.202111181127/tools/bin/../lib/gcc/arm-none-eabi/10.3.1/thumb/v7e-m+fp/hard/libgcc.a(_dvmd_tls.o)
 .ARM.attributes
                0x0000000000000457       0x1e /opt/st/stm32cubeide_1.10.1/plugins/com.st.stm32cube.ide.mcu.externaltools.gnu-tools-for-stm32.10.3-2021.10.linux64_1.0.0.202111181127/tools/bin/../lib/gcc/arm-none-eabi/10.3.1/thumb/v7e-m+fp/hard/crtn.o
OUTPUT(Crossing_V3.elf elf32-littlearm)
LOAD linker stubs
LOAD /opt/st/stm32cubeide_1.10.1/plugins/com.st.stm32cube.ide.mcu.externaltools.gnu-tools-for-stm32.10.3-2021.10.linux64_1.0.0.202111181127/tools/bin/../lib/gcc/arm-none-eabi/10.3.1/../../../../arm-none-eabi/lib/thumb/v7e-m+fp/hard/libc.a
LOAD /opt/st/stm32cubeide_1.10.1/plugins/com.st.stm32cube.ide.mcu.externaltools.gnu-tools-for-stm32.10.3-2021.10.linux64_1.0.0.202111181127/tools/bin/../lib/gcc/arm-none-eabi/10.3.1/../../../../arm-none-eabi/lib/thumb/v7e-m+fp/hard/libm.a
LOAD /opt/st/stm32cubeide_1.10.1/plugins/com.st.stm32cube.ide.mcu.externaltools.gnu-tools-for-stm32.10.3-2021.10.linux64_1.0.0.202111181127/tools/bin/../lib/gcc/arm-none-eabi/10.3.1/thumb/v7e-m+fp/hard/libgcc.a

.debug_info     0x0000000000000000     0xd773
 .debug_info    0x0000000000000000      0x48a ./Core/Src/crossing_functions.o
 .debug_info    0x000000000000048a      0x962 ./Core/Src/gpio_functions.o
 .debug_info    0x0000000000000dec     0x1302 ./Core/Src/main.o
 .debug_info    0x00000000000020ee      0x30b ./Core/Src/stateMachine.o
 .debug_info    0x00000000000023f9     0x1099 ./Core/Src/stm32l4xx_hal_msp.o
 .debug_info    0x0000000000003492      0x183 ./Core/Src/stm32l4xx_it.o
 .debug_info    0x0000000000003615      0x5c6 ./Core/Src/system_stm32l4xx.o
 .debug_info    0x0000000000003bdb       0x22 ./Core/Startup/startup_stm32l476rgtx.o
 .debug_info    0x0000000000003bfd      0xb35 ./Drivers/STM32L4xx_HAL_Driver/Src/stm32l4xx_hal.o
 .debug_info    0x0000000000004732      0xe21 ./Drivers/STM32L4xx_HAL_Driver/Src/stm32l4xx_hal_cortex.o
 .debug_info    0x0000000000005553      0x821 ./Drivers/STM32L4xx_HAL_Driver/Src/stm32l4xx_hal_gpio.o
 .debug_info    0x0000000000005d74      0x9f0 ./Drivers/STM32L4xx_HAL_Driver/Src/stm32l4xx_hal_pwr_ex.o
 .debug_info    0x0000000000006764      0xced ./Drivers/STM32L4xx_HAL_Driver/Src/stm32l4xx_hal_rcc.o
 .debug_info    0x0000000000007451      0xe92 ./Drivers/STM32L4xx_HAL_Driver/Src/stm32l4xx_hal_rcc_ex.o
 .debug_info    0x00000000000082e3     0x1782 ./Drivers/STM32L4xx_HAL_Driver/Src/stm32l4xx_hal_spi.o
 .debug_info    0x0000000000009a65     0x3d0e ./Drivers/STM32L4xx_HAL_Driver/Src/stm32l4xx_hal_uart.o

.debug_abbrev   0x0000000000000000     0x1e5a
 .debug_abbrev  0x0000000000000000      0x1a6 ./Core/Src/crossing_functions.o
 .debug_abbrev  0x00000000000001a6      0x273 ./Core/Src/gpio_functions.o
 .debug_abbrev  0x0000000000000419      0x257 ./Core/Src/main.o
 .debug_abbrev  0x0000000000000670       0xfa ./Core/Src/stateMachine.o
 .debug_abbrev  0x000000000000076a      0x1c5 ./Core/Src/stm32l4xx_hal_msp.o
 .debug_abbrev  0x000000000000092f       0x9f ./Core/Src/stm32l4xx_it.o
 .debug_abbrev  0x00000000000009ce      0x116 ./Core/Src/system_stm32l4xx.o
 .debug_abbrev  0x0000000000000ae4       0x12 ./Core/Startup/startup_stm32l476rgtx.o
 .debug_abbrev  0x0000000000000af6      0x23a ./Drivers/STM32L4xx_HAL_Driver/Src/stm32l4xx_hal.o
 .debug_abbrev  0x0000000000000d30      0x316 ./Drivers/STM32L4xx_HAL_Driver/Src/stm32l4xx_hal_cortex.o
 .debug_abbrev  0x0000000000001046      0x1bb ./Drivers/STM32L4xx_HAL_Driver/Src/stm32l4xx_hal_gpio.o
 .debug_abbrev  0x0000000000001201      0x1f3 ./Drivers/STM32L4xx_HAL_Driver/Src/stm32l4xx_hal_pwr_ex.o
 .debug_abbrev  0x00000000000013f4      0x2bd ./Drivers/STM32L4xx_HAL_Driver/Src/stm32l4xx_hal_rcc.o
 .debug_abbrev  0x00000000000016b1      0x299 ./Drivers/STM32L4xx_HAL_Driver/Src/stm32l4xx_hal_rcc_ex.o
 .debug_abbrev  0x000000000000194a      0x254 ./Drivers/STM32L4xx_HAL_Driver/Src/stm32l4xx_hal_spi.o
 .debug_abbrev  0x0000000000001b9e      0x2bc ./Drivers/STM32L4xx_HAL_Driver/Src/stm32l4xx_hal_uart.o

.debug_aranges  0x0000000000000000      0xb78
 .debug_aranges
                0x0000000000000000       0x58 ./Core/Src/crossing_functions.o
 .debug_aranges
                0x0000000000000058       0x60 ./Core/Src/gpio_functions.o
 .debug_aranges
                0x00000000000000b8       0x48 ./Core/Src/main.o
 .debug_aranges
                0x0000000000000100       0x20 ./Core/Src/stateMachine.o
 .debug_aranges
                0x0000000000000120       0x40 ./Core/Src/stm32l4xx_hal_msp.o
 .debug_aranges
                0x0000000000000160       0x78 ./Core/Src/stm32l4xx_it.o
 .debug_aranges
                0x00000000000001d8       0x28 ./Core/Src/system_stm32l4xx.o
 .debug_aranges
                0x0000000000000200       0x28 ./Core/Startup/startup_stm32l476rgtx.o
 .debug_aranges
                0x0000000000000228      0x130 ./Drivers/STM32L4xx_HAL_Driver/Src/stm32l4xx_hal.o
 .debug_aranges
                0x0000000000000358      0x118 ./Drivers/STM32L4xx_HAL_Driver/Src/stm32l4xx_hal_cortex.o
 .debug_aranges
                0x0000000000000470       0x58 ./Drivers/STM32L4xx_HAL_Driver/Src/stm32l4xx_hal_gpio.o
 .debug_aranges
                0x00000000000004c8      0x160 ./Drivers/STM32L4xx_HAL_Driver/Src/stm32l4xx_hal_pwr_ex.o
 .debug_aranges
                0x0000000000000628       0x90 ./Drivers/STM32L4xx_HAL_Driver/Src/stm32l4xx_hal_rcc.o
 .debug_aranges
                0x00000000000006b8       0xc0 ./Drivers/STM32L4xx_HAL_Driver/Src/stm32l4xx_hal_rcc_ex.o
 .debug_aranges
                0x0000000000000778      0x1d8 ./Drivers/STM32L4xx_HAL_Driver/Src/stm32l4xx_hal_spi.o
 .debug_aranges
                0x0000000000000950      0x228 ./Drivers/STM32L4xx_HAL_Driver/Src/stm32l4xx_hal_uart.o

.debug_ranges   0x0000000000000000      0xab0
 .debug_ranges  0x0000000000000000       0x48 ./Core/Src/crossing_functions.o
 .debug_ranges  0x0000000000000048       0x50 ./Core/Src/gpio_functions.o
 .debug_ranges  0x0000000000000098       0x38 ./Core/Src/main.o
 .debug_ranges  0x00000000000000d0       0x10 ./Core/Src/stateMachine.o
 .debug_ranges  0x00000000000000e0       0x30 ./Core/Src/stm32l4xx_hal_msp.o
 .debug_ranges  0x0000000000000110       0x68 ./Core/Src/stm32l4xx_it.o
 .debug_ranges  0x0000000000000178       0x18 ./Core/Src/system_stm32l4xx.o
 .debug_ranges  0x0000000000000190       0x20 ./Core/Startup/startup_stm32l476rgtx.o
 .debug_ranges  0x00000000000001b0      0x120 ./Drivers/STM32L4xx_HAL_Driver/Src/stm32l4xx_hal.o
 .debug_ranges  0x00000000000002d0      0x108 ./Drivers/STM32L4xx_HAL_Driver/Src/stm32l4xx_hal_cortex.o
 .debug_ranges  0x00000000000003d8       0x48 ./Drivers/STM32L4xx_HAL_Driver/Src/stm32l4xx_hal_gpio.o
 .debug_ranges  0x0000000000000420      0x150 ./Drivers/STM32L4xx_HAL_Driver/Src/stm32l4xx_hal_pwr_ex.o
 .debug_ranges  0x0000000000000570       0x80 ./Drivers/STM32L4xx_HAL_Driver/Src/stm32l4xx_hal_rcc.o
 .debug_ranges  0x00000000000005f0       0xb0 ./Drivers/STM32L4xx_HAL_Driver/Src/stm32l4xx_hal_rcc_ex.o
 .debug_ranges  0x00000000000006a0      0x1c8 ./Drivers/STM32L4xx_HAL_Driver/Src/stm32l4xx_hal_spi.o
 .debug_ranges  0x0000000000000868      0x248 ./Drivers/STM32L4xx_HAL_Driver/Src/stm32l4xx_hal_uart.o

.debug_macro    0x0000000000000000    0x25d4d
 .debug_macro   0x0000000000000000      0x20f ./Core/Src/crossing_functions.o
 .debug_macro   0x000000000000020f      0xa78 ./Core/Src/crossing_functions.o
 .debug_macro   0x0000000000000c87       0x22 ./Core/Src/crossing_functions.o
 .debug_macro   0x0000000000000ca9       0x8e ./Core/Src/crossing_functions.o
 .debug_macro   0x0000000000000d37       0x51 ./Core/Src/crossing_functions.o
 .debug_macro   0x0000000000000d88      0x103 ./Core/Src/crossing_functions.o
 .debug_macro   0x0000000000000e8b       0x6a ./Core/Src/crossing_functions.o
 .debug_macro   0x0000000000000ef5      0x1df ./Core/Src/crossing_functions.o
 .debug_macro   0x00000000000010d4       0x1c ./Core/Src/crossing_functions.o
 .debug_macro   0x00000000000010f0      0x1ad ./Core/Src/crossing_functions.o
 .debug_macro   0x000000000000129d       0x2e ./Core/Src/crossing_functions.o
 .debug_macro   0x00000000000012cb       0x28 ./Core/Src/crossing_functions.o
 .debug_macro   0x00000000000012f3       0x1c ./Core/Src/crossing_functions.o
 .debug_macro   0x000000000000130f       0x22 ./Core/Src/crossing_functions.o
 .debug_macro   0x0000000000001331       0xfb ./Core/Src/crossing_functions.o
 .debug_macro   0x000000000000142c     0x1011 ./Core/Src/crossing_functions.o
 .debug_macro   0x000000000000243d      0x11f ./Core/Src/crossing_functions.o
 .debug_macro   0x000000000000255c    0x1a17a ./Core/Src/crossing_functions.o
 .debug_macro   0x000000000001c6d6       0x6d ./Core/Src/crossing_functions.o
 .debug_macro   0x000000000001c743     0x38e6 ./Core/Src/crossing_functions.o
 .debug_macro   0x0000000000020029      0x174 ./Core/Src/crossing_functions.o
 .debug_macro   0x000000000002019d       0x5c ./Core/Src/crossing_functions.o
 .debug_macro   0x00000000000201f9     0x159e ./Core/Src/crossing_functions.o
 .debug_macro   0x0000000000021797      0x5a5 ./Core/Src/crossing_functions.o
 .debug_macro   0x0000000000021d3c      0x1b9 ./Core/Src/crossing_functions.o
 .debug_macro   0x0000000000021ef5      0x18b ./Core/Src/crossing_functions.o
 .debug_macro   0x0000000000022080      0x26b ./Core/Src/crossing_functions.o
 .debug_macro   0x00000000000222eb      0x23d ./Core/Src/crossing_functions.o
 .debug_macro   0x0000000000022528      0x241 ./Core/Src/crossing_functions.o
 .debug_macro   0x0000000000022769      0x37c ./Core/Src/crossing_functions.o
 .debug_macro   0x0000000000022ae5       0xd6 ./Core/Src/crossing_functions.o
 .debug_macro   0x0000000000022bbb      0x22c ./Core/Src/crossing_functions.o
 .debug_macro   0x0000000000022de7       0x61 ./Core/Src/crossing_functions.o
 .debug_macro   0x0000000000022e48       0xa5 ./Core/Src/crossing_functions.o
 .debug_macro   0x0000000000022eed      0x122 ./Core/Src/crossing_functions.o
 .debug_macro   0x000000000002300f      0x3ef ./Core/Src/crossing_functions.o
 .debug_macro   0x00000000000233fe      0x2fe ./Core/Src/crossing_functions.o
 .debug_macro   0x00000000000236fc      0x5ba ./Core/Src/crossing_functions.o
 .debug_macro   0x0000000000023cb6       0x44 ./Core/Src/crossing_functions.o
 .debug_macro   0x0000000000023cfa      0x330 ./Core/Src/crossing_functions.o
 .debug_macro   0x000000000002402a       0xf4 ./Core/Src/crossing_functions.o
 .debug_macro   0x000000000002411e       0x22 ./Core/Src/crossing_functions.o
 .debug_macro   0x0000000000024140      0x20b ./Core/Src/gpio_functions.o
 .debug_macro   0x000000000002434b      0x23d ./Core/Src/main.o
 .debug_macro   0x0000000000024588      0x21b ./Core/Src/stateMachine.o
 .debug_macro   0x00000000000247a3      0x1e9 ./Core/Src/stm32l4xx_hal_msp.o
 .debug_macro   0x000000000002498c      0x1f3 ./Core/Src/stm32l4xx_it.o
 .debug_macro   0x0000000000024b7f      0x1da ./Core/Src/system_stm32l4xx.o
 .debug_macro   0x0000000000024d59      0x228 ./Drivers/STM32L4xx_HAL_Driver/Src/stm32l4xx_hal.o
 .debug_macro   0x0000000000024f81      0x1da ./Drivers/STM32L4xx_HAL_Driver/Src/stm32l4xx_hal_cortex.o
 .debug_macro   0x000000000002515b      0x1e1 ./Drivers/STM32L4xx_HAL_Driver/Src/stm32l4xx_hal_gpio.o
 .debug_macro   0x000000000002533c      0x1fe ./Drivers/STM32L4xx_HAL_Driver/Src/stm32l4xx_hal_pwr_ex.o
 .debug_macro   0x000000000002553a      0x21c ./Drivers/STM32L4xx_HAL_Driver/Src/stm32l4xx_hal_rcc.o
 .debug_macro   0x0000000000025756      0x210 ./Drivers/STM32L4xx_HAL_Driver/Src/stm32l4xx_hal_rcc_ex.o
 .debug_macro   0x0000000000025966      0x1e2 ./Drivers/STM32L4xx_HAL_Driver/Src/stm32l4xx_hal_spi.o
 .debug_macro   0x0000000000025b48      0x205 ./Drivers/STM32L4xx_HAL_Driver/Src/stm32l4xx_hal_uart.o

.debug_line     0x0000000000000000     0xdea7
 .debug_line    0x0000000000000000      0xaba ./Core/Src/crossing_functions.o
 .debug_line    0x0000000000000aba      0x837 ./Core/Src/gpio_functions.o
 .debug_line    0x00000000000012f1      0x89f ./Core/Src/main.o
 .debug_line    0x0000000000001b90      0x80a ./Core/Src/stateMachine.o
 .debug_line    0x000000000000239a      0x787 ./Core/Src/stm32l4xx_hal_msp.o
 .debug_line    0x0000000000002b21      0x7d7 ./Core/Src/stm32l4xx_it.o
 .debug_line    0x00000000000032f8      0x761 ./Core/Src/system_stm32l4xx.o
 .debug_line    0x0000000000003a59       0x88 ./Core/Startup/startup_stm32l476rgtx.o
 .debug_line    0x0000000000003ae1      0xab9 ./Drivers/STM32L4xx_HAL_Driver/Src/stm32l4xx_hal.o
 .debug_line    0x000000000000459a      0xc60 ./Drivers/STM32L4xx_HAL_Driver/Src/stm32l4xx_hal_cortex.o
 .debug_line    0x00000000000051fa      0xb2d ./Drivers/STM32L4xx_HAL_Driver/Src/stm32l4xx_hal_gpio.o
 .debug_line    0x0000000000005d27      0xcb1 ./Drivers/STM32L4xx_HAL_Driver/Src/stm32l4xx_hal_pwr_ex.o
 .debug_line    0x00000000000069d8      0xf33 ./Drivers/STM32L4xx_HAL_Driver/Src/stm32l4xx_hal_rcc.o
 .debug_line    0x000000000000790b     0x1472 ./Drivers/STM32L4xx_HAL_Driver/Src/stm32l4xx_hal_rcc_ex.o
 .debug_line    0x0000000000008d7d     0x1ef3 ./Drivers/STM32L4xx_HAL_Driver/Src/stm32l4xx_hal_spi.o
 .debug_line    0x000000000000ac70     0x3237 ./Drivers/STM32L4xx_HAL_Driver/Src/stm32l4xx_hal_uart.o

.debug_str      0x0000000000000000    0xe80cf
 .debug_str     0x0000000000000000    0xe4898 ./Core/Src/crossing_functions.o
                                      0xe4b69 (size before relaxing)
 .debug_str     0x00000000000e4898      0x440 ./Core/Src/gpio_functions.o
                                      0xe4e0e (size before relaxing)
 .debug_str     0x00000000000e4cd8      0x9ae ./Core/Src/main.o
                                      0xe5753 (size before relaxing)
 .debug_str     0x00000000000e5686       0x22 ./Core/Src/stateMachine.o
                                      0xe4a40 (size before relaxing)
 .debug_str     0x00000000000e56a8      0x301 ./Core/Src/stm32l4xx_hal_msp.o
                                      0xe523c (size before relaxing)
 .debug_str     0x00000000000e59a9      0x11b ./Core/Src/stm32l4xx_it.o
                                      0xe487a (size before relaxing)
 .debug_str     0x00000000000e5ac4       0xf2 ./Core/Src/system_stm32l4xx.o
                                      0xe45e5 (size before relaxing)
 .debug_str     0x00000000000e5bb6       0x36 ./Core/Startup/startup_stm32l476rgtx.o
                                         0x6e (size before relaxing)
 .debug_str     0x00000000000e5bec      0x634 ./Drivers/STM32L4xx_HAL_Driver/Src/stm32l4xx_hal.o
                                      0xe5178 (size before relaxing)
 .debug_str     0x00000000000e6220      0x331 ./Drivers/STM32L4xx_HAL_Driver/Src/stm32l4xx_hal_cortex.o
                                      0xe4e2c (size before relaxing)
 .debug_str     0x00000000000e6551       0xd9 ./Drivers/STM32L4xx_HAL_Driver/Src/stm32l4xx_hal_gpio.o
                                      0xe475e (size before relaxing)
 .debug_str     0x00000000000e662a      0x4e3 ./Drivers/STM32L4xx_HAL_Driver/Src/stm32l4xx_hal_pwr_ex.o
                                      0xe4b40 (size before relaxing)
 .debug_str     0x00000000000e6b0d      0x3ac ./Drivers/STM32L4xx_HAL_Driver/Src/stm32l4xx_hal_rcc.o
                                      0xe4c2b (size before relaxing)
 .debug_str     0x00000000000e6eb9      0x3bf ./Drivers/STM32L4xx_HAL_Driver/Src/stm32l4xx_hal_rcc_ex.o
                                      0xe4da4 (size before relaxing)
 .debug_str     0x00000000000e7278      0x5ac ./Drivers/STM32L4xx_HAL_Driver/Src/stm32l4xx_hal_spi.o
                                      0xe4e06 (size before relaxing)
 .debug_str     0x00000000000e7824      0x8ab ./Drivers/STM32L4xx_HAL_Driver/Src/stm32l4xx_hal_uart.o
                                      0xe5315 (size before relaxing)

.comment        0x0000000000000000       0x50
 .comment       0x0000000000000000       0x50 ./Core/Src/crossing_functions.o
                                         0x51 (size before relaxing)
 .comment       0x0000000000000050       0x51 ./Core/Src/gpio_functions.o
 .comment       0x0000000000000050       0x51 ./Core/Src/main.o
 .comment       0x0000000000000050       0x51 ./Core/Src/stateMachine.o
 .comment       0x0000000000000050       0x51 ./Core/Src/stm32l4xx_hal_msp.o
 .comment       0x0000000000000050       0x51 ./Core/Src/stm32l4xx_it.o
 .comment       0x0000000000000050       0x51 ./Core/Src/system_stm32l4xx.o
 .comment       0x0000000000000050       0x51 ./Drivers/STM32L4xx_HAL_Driver/Src/stm32l4xx_hal.o
 .comment       0x0000000000000050       0x51 ./Drivers/STM32L4xx_HAL_Driver/Src/stm32l4xx_hal_cortex.o
 .comment       0x0000000000000050       0x51 ./Drivers/STM32L4xx_HAL_Driver/Src/stm32l4xx_hal_gpio.o
 .comment       0x0000000000000050       0x51 ./Drivers/STM32L4xx_HAL_Driver/Src/stm32l4xx_hal_pwr_ex.o
 .comment       0x0000000000000050       0x51 ./Drivers/STM32L4xx_HAL_Driver/Src/stm32l4xx_hal_rcc.o
 .comment       0x0000000000000050       0x51 ./Drivers/STM32L4xx_HAL_Driver/Src/stm32l4xx_hal_rcc_ex.o
 .comment       0x0000000000000050       0x51 ./Drivers/STM32L4xx_HAL_Driver/Src/stm32l4xx_hal_spi.o
 .comment       0x0000000000000050       0x51 ./Drivers/STM32L4xx_HAL_Driver/Src/stm32l4xx_hal_uart.o

.debug_frame    0x0000000000000000     0x2de0
 .debug_frame   0x0000000000000000       0xf8 ./Core/Src/crossing_functions.o
 .debug_frame   0x00000000000000f8      0x160 ./Core/Src/gpio_functions.o
 .debug_frame   0x0000000000000258       0xc4 ./Core/Src/main.o
 .debug_frame   0x000000000000031c       0x30 ./Core/Src/stateMachine.o
 .debug_frame   0x000000000000034c       0xcc ./Core/Src/stm32l4xx_hal_msp.o
 .debug_frame   0x0000000000000418      0x158 ./Core/Src/stm32l4xx_it.o
 .debug_frame   0x0000000000000570       0x58 ./Core/Src/system_stm32l4xx.o
 .debug_frame   0x00000000000005c8      0x498 ./Drivers/STM32L4xx_HAL_Driver/Src/stm32l4xx_hal.o
 .debug_frame   0x0000000000000a60      0x498 ./Drivers/STM32L4xx_HAL_Driver/Src/stm32l4xx_hal_cortex.o
 .debug_frame   0x0000000000000ef8      0x14c ./Drivers/STM32L4xx_HAL_Driver/Src/stm32l4xx_hal_gpio.o
 .debug_frame   0x0000000000001044      0x584 ./Drivers/STM32L4xx_HAL_Driver/Src/stm32l4xx_hal_pwr_ex.o
 .debug_frame   0x00000000000015c8      0x21c ./Drivers/STM32L4xx_HAL_Driver/Src/stm32l4xx_hal_rcc.o
 .debug_frame   0x00000000000017e4      0x2fc ./Drivers/STM32L4xx_HAL_Driver/Src/stm32l4xx_hal_rcc_ex.o
 .debug_frame   0x0000000000001ae0      0x860 ./Drivers/STM32L4xx_HAL_Driver/Src/stm32l4xx_hal_spi.o
 .debug_frame   0x0000000000002340      0x9f4 ./Drivers/STM32L4xx_HAL_Driver/Src/stm32l4xx_hal_uart.o
 .debug_frame   0x0000000000002d34       0x2c /opt/st/stm32cubeide_1.10.1/plugins/com.st.stm32cube.ide.mcu.externaltools.gnu-tools-for-stm32.10.3-2021.10.linux64_1.0.0.202111181127/tools/bin/../lib/gcc/arm-none-eabi/10.3.1/../../../../arm-none-eabi/lib/thumb/v7e-m+fp/hard/libc_nano.a(lib_a-init.o)
 .debug_frame   0x0000000000002d60       0x20 /opt/st/stm32cubeide_1.10.1/plugins/com.st.stm32cube.ide.mcu.externaltools.gnu-tools-for-stm32.10.3-2021.10.linux64_1.0.0.202111181127/tools/bin/../lib/gcc/arm-none-eabi/10.3.1/../../../../arm-none-eabi/lib/thumb/v7e-m+fp/hard/libc_nano.a(lib_a-memset.o)
 .debug_frame   0x0000000000002d80       0x2c /opt/st/stm32cubeide_1.10.1/plugins/com.st.stm32cube.ide.mcu.externaltools.gnu-tools-for-stm32.10.3-2021.10.linux64_1.0.0.202111181127/tools/bin/../lib/gcc/arm-none-eabi/10.3.1/thumb/v7e-m+fp/hard/libgcc.a(_aeabi_uldivmod.o)
 .debug_frame   0x0000000000002dac       0x34 /opt/st/stm32cubeide_1.10.1/plugins/com.st.stm32cube.ide.mcu.externaltools.gnu-tools-for-stm32.10.3-2021.10.linux64_1.0.0.202111181127/tools/bin/../lib/gcc/arm-none-eabi/10.3.1/thumb/v7e-m+fp/hard/libgcc.a(_udivmoddi4.o)
